shopro@2026.08 /Users/macmini/Desktop/yudao-mall-uniapp/.work/uniapp-build
├── @dcloudio/types@3.4.31
├─┬ @dcloudio/uni-app@3.0.0-5020420260813003
│ ├── @dcloudio/types@3.4.31 deduped
│ ├─┬ @dcloudio/uni-cloud@3.0.0-5020420260813003
│ │ ├── @dcloudio/uni-cli-shared@3.0.0-5020420260813003 deduped
│ │ ├── @dcloudio/uni-i18n@3.0.0-5020420260813003 deduped
│ │ ├── @dcloudio/uni-shared@3.0.0-5020420260813003 deduped
│ │ ├── @vue/shared@3.4.21 deduped
│ │ └── fast-glob@3.3.3 deduped
│ ├── @dcloudio/uni-components@3.0.0-5020420260813003 deduped
│ ├─┬ @dcloudio/uni-console@3.0.0-5020420260813003
│ │ ├── @dcloudio/uni-cli-shared@3.0.0-5020420260813003 deduped
│ │ └── fs-extra@10.1.0 deduped
│ ├── @dcloudio/uni-i18n@3.0.0-5020420260813003
│ ├─┬ @dcloudio/uni-push@3.0.0-5020420260813003
│ │ └── @dcloudio/uni-cli-shared@3.0.0-5020420260813003 deduped
│ ├─┬ @dcloudio/uni-shared@3.0.0-5020420260813003
│ │ └── @vue/shared@3.4.21 deduped
│ ├─┬ @dcloudio/uni-stat@3.0.0-5020420260813003
│ │ ├── @dcloudio/uni-cli-shared@3.0.0-5020420260813003 deduped
│ │ ├── @dcloudio/uni-shared@3.0.0-5020420260813003 deduped
│ │ └── debug@4.3.7 deduped
│ └── @vue/shared@3.4.21
├─┬ @dcloudio/uni-cli-shared@3.0.0-5020420260813003
│ ├─┬ @ampproject/remapping@2.3.0
│ │ ├─┬ @jridgewell/gen-mapping@0.3.13
│ │ │ ├── @jridgewell/sourcemap-codec@1.6.0 deduped
│ │ │ └── @jridgewell/trace-mapping@0.3.31 deduped
│ │ └─┬ @jridgewell/trace-mapping@0.3.31
│ │   ├── @jridgewell/resolve-uri@3.1.2
│ │   └── @jridgewell/sourcemap-codec@1.6.0 deduped
│ ├─┬ @babel/code-frame@7.24.7
│ │ ├─┬ @babel/highlight@7.25.9
│ │ │ ├── @babel/helper-validator-identifier@7.29.7 deduped
│ │ │ ├─┬ chalk@2.4.2
│ │ │ │ ├─┬ ansi-styles@3.2.1
│ │ │ │ │ └─┬ color-convert@1.9.3
│ │ │ │ │   └── color-name@1.1.3
│ │ │ │ ├── escape-string-regexp@1.0.5
│ │ │ │ └─┬ supports-color@5.5.0
│ │ │ │   └── has-flag@3.0.0
│ │ │ ├── js-tokens@4.0.0
│ │ │ └── picocolors@1.1.0 deduped
│ │ └── picocolors@1.1.0 deduped
│ ├─┬ @babel/core@7.25.2
│ │ ├── @ampproject/remapping@2.3.0 deduped
│ │ ├── @babel/code-frame@7.24.7 deduped
│ │ ├─┬ @babel/generator@7.29.8
│ │ │ ├─┬ @babel/parser@7.29.8
│ │ │ │ └── @babel/types@7.29.8 deduped
│ │ │ ├─┬ @babel/types@7.29.8
│ │ │ │ ├── @babel/helper-string-parser@7.29.7 deduped
│ │ │ │ └── @babel/helper-validator-identifier@7.29.7 deduped
│ │ │ ├── @jridgewell/gen-mapping@0.3.13 deduped
│ │ │ ├── @jridgewell/trace-mapping@0.3.31 deduped
│ │ │ └── jsesc@3.1.0
│ │ ├─┬ @babel/helper-compilation-targets@7.29.7
│ │ │ ├── @babel/compat-data@7.29.7
│ │ │ ├── @babel/helper-validator-option@7.29.7
│ │ │ ├── browserslist@4.28.9 deduped
│ │ │ ├─┬ lru-cache@5.1.1
│ │ │ │ └── yallist@3.1.1
│ │ │ └── semver@6.3.1 deduped
│ │ ├─┬ @babel/helper-module-transforms@7.29.7
│ │ │ ├── @babel/core@7.25.2 deduped
│ │ │ ├─┬ @babel/helper-module-imports@7.29.7
│ │ │ │ ├── @babel/traverse@7.29.8 deduped
│ │ │ │ └─┬ @babel/types@7.29.8
│ │ │ │   ├── @babel/helper-string-parser@7.29.7 deduped
│ │ │ │   └── @babel/helper-validator-identifier@7.29.7 deduped
│ │ │ ├── @babel/helper-validator-identifier@7.29.7 deduped
│ │ │ └── @babel/traverse@7.29.8 deduped
│ │ ├─┬ @babel/helpers@7.29.7
│ │ │ ├── @babel/template@7.29.7 deduped
│ │ │ └─┬ @babel/types@7.29.8
│ │ │   ├── @babel/helper-string-parser@7.29.7 deduped
│ │ │   └── @babel/helper-validator-identifier@7.29.7 deduped
│ │ ├── @babel/parser@7.25.6 deduped
│ │ ├─┬ @babel/template@7.29.7
│ │ │ ├─┬ @babel/code-frame@7.29.7
│ │ │ │ ├── @babel/helper-validator-identifier@7.29.7 deduped
│ │ │ │ ├── js-tokens@4.0.0 deduped
│ │ │ │ └── picocolors@1.1.1
│ │ │ ├─┬ @babel/parser@7.29.8
│ │ │ │ └── @babel/types@7.29.8 deduped
│ │ │ └─┬ @babel/types@7.29.8
│ │ │   ├── @babel/helper-string-parser@7.29.7 deduped
│ │ │   └── @babel/helper-validator-identifier@7.29.7 deduped
│ │ ├─┬ @babel/traverse@7.29.8
│ │ │ ├─┬ @babel/code-frame@7.29.7
│ │ │ │ ├── @babel/helper-validator-identifier@7.29.7 deduped
│ │ │ │ ├── js-tokens@4.0.0 deduped
│ │ │ │ └── picocolors@1.1.1
│ │ │ ├── @babel/generator@7.29.8 deduped
│ │ │ ├── @babel/helper-globals@7.29.7
│ │ │ ├─┬ @babel/parser@7.29.8
│ │ │ │ └── @babel/types@7.29.8 deduped
│ │ │ ├── @babel/template@7.29.7 deduped
│ │ │ ├─┬ @babel/types@7.29.8
│ │ │ │ ├── @babel/helper-string-parser@7.29.7 deduped
│ │ │ │ └── @babel/helper-validator-identifier@7.29.7 deduped
│ │ │ └── debug@4.3.7 deduped
│ │ ├── @babel/types@7.25.6 deduped
│ │ ├── convert-source-map@2.0.0
│ │ ├── debug@4.3.7 deduped
│ │ ├── gensync@1.0.0-beta.2
│ │ ├── json5@2.2.3
│ │ └── semver@6.3.1
│ ├─┬ @babel/parser@7.25.6
│ │ └── @babel/types@7.25.6 deduped
│ ├─┬ @babel/types@7.25.6
│ │ ├── @babel/helper-string-parser@7.29.7
│ │ ├── @babel/helper-validator-identifier@7.29.7
│ │ └── to-fast-properties@2.0.0
│ ├── @dcloudio/uni-i18n@3.0.0-5020420260813003 deduped
│ ├─┬ @dcloudio/uni-nvue-styler@3.0.0-5020420260813003
│ │ ├── @vue/shared@3.4.21 deduped
│ │ ├─┬ parse-css-font@4.0.0
│ │ │ ├── css-font-size-keywords@1.0.0
│ │ │ ├── css-font-stretch-keywords@1.0.1
│ │ │ ├── css-font-style-keywords@1.0.1
│ │ │ ├── css-font-weight-keywords@1.0.0
│ │ │ ├── css-list-helpers@2.0.0
│ │ │ ├── css-system-font-keywords@1.0.0
│ │ │ └── unquote@1.1.1
│ │ ├─┬ postcss@8.5.6
│ │ │ ├── nanoid@3.3.18 deduped
│ │ │ ├── picocolors@1.1.1
│ │ │ └── source-map-js@1.2.1 deduped
│ │ └── tinycolor2@1.6.0 deduped
│ ├── @dcloudio/uni-shared@3.0.0-5020420260813003 deduped
│ ├─┬ @intlify/core-base@9.1.9
│ │ ├─┬ @intlify/devtools-if@9.1.9
│ │ │ └── @intlify/shared@9.1.9 deduped
│ │ ├─┬ @intlify/message-compiler@9.1.9
│ │ │ ├── @intlify/message-resolver@9.1.9 deduped
│ │ │ ├── @intlify/shared@9.1.9 deduped
│ │ │ └── source-map@0.6.1
│ │ ├── @intlify/message-resolver@9.1.9
│ │ ├─┬ @intlify/runtime@9.1.9
│ │ │ ├── @intlify/message-compiler@9.1.9 deduped
│ │ │ ├── @intlify/message-resolver@9.1.9 deduped
│ │ │ └── @intlify/shared@9.1.9 deduped
│ │ ├── @intlify/shared@9.1.9 deduped
│ │ └── @intlify/vue-devtools@9.1.9 deduped
│ ├── @intlify/shared@9.1.9
│ ├─┬ @intlify/vue-devtools@9.1.9
│ │ ├── @intlify/message-resolver@9.1.9 deduped
│ │ ├── @intlify/runtime@9.1.9 deduped
│ │ └── @intlify/shared@9.1.9 deduped
│ ├─┬ @rollup/pluginutils@5.1.0
│ │ ├── @types/estree@1.0.9
│ │ ├── estree-walker@2.0.2 deduped
│ │ ├── picomatch@2.3.2
│ │ └── rollup@4.63.1 deduped
│ ├─┬ @vue/compiler-core@3.4.21
│ │ ├── @babel/parser@7.25.6 deduped
│ │ ├── @vue/shared@3.4.21 deduped
│ │ ├── entities@4.5.0
│ │ ├── estree-walker@2.0.2 deduped
│ │ └── source-map-js@1.2.1 deduped
│ ├─┬ @vue/compiler-dom@3.4.21
│ │ ├── @vue/compiler-core@3.4.21 deduped
│ │ └── @vue/shared@3.4.21 deduped
│ ├─┬ @vue/compiler-sfc@3.4.21
│ │ ├── @babel/parser@7.25.6 deduped
│ │ ├── @vue/compiler-core@3.4.21 deduped
│ │ ├── @vue/compiler-dom@3.4.21 deduped
│ │ ├── @vue/compiler-ssr@3.4.21 deduped
│ │ ├── @vue/shared@3.4.21 deduped
│ │ ├── estree-walker@2.0.2 deduped
│ │ ├── magic-string@0.30.11 deduped
│ │ ├── postcss@8.5.28 deduped
│ │ └── source-map-js@1.2.1 deduped
│ ├─┬ @vue/compiler-ssr@3.4.21
│ │ ├── @vue/compiler-dom@3.4.21 deduped
│ │ └── @vue/shared@3.4.21 deduped
│ ├─┬ @vue/server-renderer@3.4.21
│ │ ├── @vue/compiler-ssr@3.4.21 deduped
│ │ ├── @vue/shared@3.4.21 deduped
│ │ └─┬ vue@3.4.21
│ │   ├── @vue/compiler-dom@3.4.21 deduped
│ │   ├── @vue/compiler-sfc@3.4.21 deduped
│ │   ├─┬ @vue/runtime-dom@3.4.21
│ │   │ ├─┬ @vue/runtime-core@3.4.21
│ │   │ │ ├─┬ @vue/reactivity@3.4.21
│ │   │ │ │ └── @vue/shared@3.4.21 deduped
│ │   │ │ └── @vue/shared@3.4.21 deduped
│ │   │ ├── @vue/shared@3.4.21 deduped
│ │   │ └── csstype@3.2.3 deduped
│ │   ├── @vue/server-renderer@3.4.21 deduped
│ │   ├── @vue/shared@3.4.21 deduped
│ │   └── UNMET OPTIONAL DEPENDENCY typescript@*
│ ├── @vue/shared@3.4.21 deduped
│ ├── adm-zip@0.5.16
│ ├─┬ autoprefixer@10.4.20
│ │ ├─┬ browserslist@4.28.9
│ │ │ ├── baseline-browser-mapping@2.11.21
│ │ │ ├── caniuse-lite@1.0.30001810 deduped
│ │ │ ├── electron-to-chromium@1.5.422
│ │ │ ├── node-releases@2.0.54
│ │ │ └─┬ update-browserslist-db@1.3.2
│ │ │   ├── browserslist@4.28.9 deduped
│ │ │   ├── escalade@3.2.0
│ │ │   └── picocolors@1.1.1
│ │ ├── caniuse-lite@1.0.30001810
│ │ ├── fraction.js@4.3.7
│ │ ├── normalize-range@0.1.2
│ │ ├── picocolors@1.1.0 deduped
│ │ ├── postcss-value-parser@4.2.0
│ │ └── postcss@8.5.28 deduped
│ ├── base64url@3.0.1
│ ├─┬ chokidar@3.6.0
│ │ ├─┬ anymatch@3.1.3
│ │ │ ├── normalize-path@3.0.0 deduped
│ │ │ └── picomatch@2.3.2 deduped
│ │ ├─┬ braces@3.0.3
│ │ │ └─┬ fill-range@7.1.1
│ │ │   └─┬ to-regex-range@5.0.1
│ │ │     └── is-number@7.0.0
│ │ ├── fsevents@2.3.3 deduped
│ │ ├─┬ glob-parent@5.1.2
│ │ │ └── is-glob@4.0.3 deduped
│ │ ├─┬ is-binary-path@2.1.0
│ │ │ └── binary-extensions@2.3.0
│ │ ├─┬ is-glob@4.0.3
│ │ │ └── is-extglob@2.1.1
│ │ ├── normalize-path@3.0.0
│ │ └─┬ readdirp@3.6.0
│ │   └── picomatch@2.3.2 deduped
│ ├── compare-versions@3.6.0
│ ├─┬ debug@4.3.7
│ │ └── ms@2.1.3
│ ├── entities@7.0.1
│ ├── es-module-lexer@1.5.4
│ ├─┬ esbuild@0.20.2
│ │ ├── UNMET OPTIONAL DEPENDENCY @esbuild/aix-ppc64@0.20.2
│ │ ├── UNMET OPTIONAL DEPENDENCY @esbuild/android-arm@0.20.2
│ │ ├── UNMET OPTIONAL DEPENDENCY @esbuild/android-arm64@0.20.2
│ │ ├── UNMET OPTIONAL DEPENDENCY @esbuild/android-x64@0.20.2
│ │ ├── @esbuild/darwin-arm64@0.20.2
│ │ ├── UNMET OPTIONAL DEPENDENCY @esbuild/darwin-x64@0.20.2
│ │ ├── UNMET OPTIONAL DEPENDENCY @esbuild/freebsd-arm64@0.20.2
│ │ ├── UNMET OPTIONAL DEPENDENCY @esbuild/freebsd-x64@0.20.2
│ │ ├── UNMET OPTIONAL DEPENDENCY @esbuild/linux-arm@0.20.2
│ │ ├── UNMET OPTIONAL DEPENDENCY @esbuild/linux-arm64@0.20.2
│ │ ├── UNMET OPTIONAL DEPENDENCY @esbuild/linux-ia32@0.20.2
│ │ ├── UNMET OPTIONAL DEPENDENCY @esbuild/linux-loong64@0.20.2
│ │ ├── UNMET OPTIONAL DEPENDENCY @esbuild/linux-mips64el@0.20.2
│ │ ├── UNMET OPTIONAL DEPENDENCY @esbuild/linux-ppc64@0.20.2
│ │ ├── UNMET OPTIONAL DEPENDENCY @esbuild/linux-riscv64@0.20.2
│ │ ├── UNMET OPTIONAL DEPENDENCY @esbuild/linux-s390x@0.20.2
│ │ ├── UNMET OPTIONAL DEPENDENCY @esbuild/linux-x64@0.20.2
│ │ ├── UNMET OPTIONAL DEPENDENCY @esbuild/netbsd-x64@0.20.2
│ │ ├── UNMET OPTIONAL DEPENDENCY @esbuild/openbsd-x64@0.20.2
│ │ ├── UNMET OPTIONAL DEPENDENCY @esbuild/sunos-x64@0.20.2
│ │ ├── UNMET OPTIONAL DEPENDENCY @esbuild/win32-arm64@0.20.2
│ │ ├── UNMET OPTIONAL DEPENDENCY @esbuild/win32-ia32@0.20.2
│ │ └── UNMET OPTIONAL DEPENDENCY @esbuild/win32-x64@0.20.2
│ ├── estree-walker@2.0.2
│ ├─┬ fast-glob@3.3.3
│ │ ├── @nodelib/fs.stat@2.0.5
│ │ ├─┬ @nodelib/fs.walk@1.2.8
│ │ │ ├─┬ @nodelib/fs.scandir@2.1.5
│ │ │ │ ├── @nodelib/fs.stat@2.0.5 deduped
│ │ │ │ └─┬ run-parallel@1.2.0
│ │ │ │   └── queue-microtask@1.2.3
│ │ │ └─┬ fastq@1.20.3
│ │ │   └── reusify@1.1.0
│ │ ├── glob-parent@5.1.2 deduped
│ │ ├── merge2@1.4.1
│ │ └─┬ micromatch@4.0.8
│ │   ├── braces@3.0.3 deduped
│ │   └── picomatch@2.3.2 deduped
│ ├─┬ fs-extra@10.1.0
│ │ ├── graceful-fs@4.2.11
│ │ ├─┬ jsonfile@6.2.1
│ │ │ ├── graceful-fs@4.2.11 deduped
│ │ │ └── universalify@2.0.1 deduped
│ │ └── universalify@2.0.1
│ ├── hash-sum@2.0.0
│ ├── isbinaryfile@5.0.2
│ ├── jsonc-parser@3.3.1
│ ├── lines-and-columns@2.0.4
│ ├─┬ magic-string@0.30.11
│ │ └── @jridgewell/sourcemap-codec@1.6.0
│ ├── merge@2.1.1
│ ├── mime@3.0.0
│ ├── module-alias@2.2.3
│ ├─┬ os-locale-s-fix@1.0.8-fix-1
│ │ └─┬ lcid@3.1.1
│ │   └── invert-kv@3.0.1
│ ├── picocolors@1.1.0
│ ├─┬ postcss-import@14.1.0
│ │ ├── postcss-value-parser@4.2.0 deduped
│ │ ├── postcss@8.5.28 deduped
│ │ ├── read-cache@1.0.2
│ │ └── resolve@1.22.8 deduped
│ ├─┬ postcss-load-config@3.1.4
│ │ ├── lilconfig@2.1.0
│ │ ├── postcss@8.5.28 deduped
│ │ ├── UNMET OPTIONAL DEPENDENCY ts-node@>=9.0.0
│ │ └── yaml@1.10.3
│ ├─┬ postcss-modules@4.3.1
│ │ ├─┬ generic-names@4.0.0
│ │ │ └── loader-utils@3.3.1
│ │ ├── icss-replace-symbols@1.1.0
│ │ ├── lodash.camelcase@4.3.0
│ │ ├─┬ postcss-modules-extract-imports@3.1.0
│ │ │ └── postcss@8.5.28 deduped
│ │ ├─┬ postcss-modules-local-by-default@4.2.0
│ │ │ ├─┬ icss-utils@5.1.0
│ │ │ │ └── postcss@8.5.28 deduped
│ │ │ ├─┬ postcss-selector-parser@7.1.6
│ │ │ │ ├── cssesc@3.0.0 deduped
│ │ │ │ └── util-deprecate@1.0.2 deduped
│ │ │ ├── postcss-value-parser@4.2.0 deduped
│ │ │ └── postcss@8.5.28 deduped
│ │ ├─┬ postcss-modules-scope@3.2.1
│ │ │ ├─┬ postcss-selector-parser@7.1.6
│ │ │ │ ├── cssesc@3.0.0 deduped
│ │ │ │ └── util-deprecate@1.0.2 deduped
│ │ │ └── postcss@8.5.28 deduped
│ │ ├─┬ postcss-modules-values@4.0.0
│ │ │ ├── icss-utils@5.1.0 deduped
│ │ │ └── postcss@8.5.28 deduped
│ │ ├── postcss@8.5.28 deduped
│ │ └── string-hash@1.1.3
│ ├─┬ postcss-selector-parser@6.1.2
│ │ ├── cssesc@3.0.0
│ │ └── util-deprecate@1.0.2
│ ├─┬ resolve@1.22.8
│ │ ├─┬ is-core-module@2.16.2
│ │ │ └─┬ hasown@2.0.4
│ │ │   └── function-bind@1.1.2
│ │ ├── path-parse@1.0.7
│ │ └── supports-preserve-symlinks-flag@1.0.0
│ ├── source-map-js@1.2.1
│ ├── tapable@2.3.3
│ ├── tinycolor2@1.6.0
│ ├─┬ unimport@4.1.1
│ │ ├── acorn@8.18.0
│ │ ├── escape-string-regexp@5.0.0
│ │ ├─┬ estree-walker@3.0.3
│ │ │ └── @types/estree@1.0.9 deduped
│ │ ├── fast-glob@3.3.3 deduped
│ │ ├─┬ local-pkg@1.2.1
│ │ │ ├── mlly@1.8.2 deduped
│ │ │ ├─┬ pkg-types@2.3.3
│ │ │ │ ├── confbox@0.3.1
│ │ │ │ ├── exsolve@1.1.1
│ │ │ │ └── pathe@2.0.3 deduped
│ │ │ └── quansync@0.2.11
│ │ ├─┬ magic-string@0.30.21
│ │ │ └── @jridgewell/sourcemap-codec@1.6.0 deduped
│ │ ├─┬ mlly@1.8.2
│ │ │ ├── acorn@8.18.0 deduped
│ │ │ ├── pathe@2.0.3 deduped
│ │ │ ├── pkg-types@1.3.1 deduped
│ │ │ └── ufo@1.6.4
│ │ ├── pathe@2.0.3
│ │ ├── picomatch@4.0.7
│ │ ├─┬ pkg-types@1.3.1
│ │ │ ├── confbox@0.1.8
│ │ │ ├── mlly@1.8.2 deduped
│ │ │ └── pathe@2.0.3 deduped
│ │ ├── scule@1.3.0
│ │ ├─┬ strip-literal@3.1.0
│ │ │ └── js-tokens@9.0.1
│ │ ├─┬ unplugin-utils@0.2.5
│ │ │ ├── pathe@2.0.3 deduped
│ │ │ └── picomatch@4.0.7
│ │ └─┬ unplugin@2.3.11
│ │   ├─┬ @jridgewell/remapping@2.3.5
│ │   │ ├── @jridgewell/gen-mapping@0.3.13 deduped
│ │   │ └── @jridgewell/trace-mapping@0.3.31 deduped
│ │   ├── acorn@8.18.0 deduped
│ │   ├── picomatch@4.0.7
│ │   └── webpack-virtual-modules@0.6.2
│ ├─┬ unplugin-auto-import@19.1.0
│ │ ├── UNMET OPTIONAL DEPENDENCY @nuxt/kit@^3.2.2
│ │ ├── UNMET OPTIONAL DEPENDENCY @vueuse/core@*
│ │ ├── local-pkg@1.2.1 deduped
│ │ ├─┬ magic-string@0.30.21
│ │ │ └── @jridgewell/sourcemap-codec@1.6.0 deduped
│ │ ├── picomatch@4.0.7
│ │ ├── unimport@4.1.1 deduped
│ │ ├── unplugin-utils@0.2.5 deduped
│ │ └── unplugin@2.3.11 deduped
│ └─┬ xregexp@5.1.2
│   └─┬ @babel/runtime-corejs3@7.29.7
│     └── core-js-pure@3.50.0
├─┬ @dcloudio/uni-components@3.0.0-5020420260813003
│ ├── @dcloudio/uni-cloud@3.0.0-5020420260813003 deduped
│ ├── @dcloudio/uni-h5@3.0.0-5020420260813003 deduped
│ └── @dcloudio/uni-i18n@3.0.0-5020420260813003 deduped
├─┬ @dcloudio/uni-h5@3.0.0-5020420260813003
│ ├─┬ @dcloudio/uni-h5-vite@3.0.0-5020420260813003
│ │ ├── @dcloudio/uni-cli-shared@3.0.0-5020420260813003 deduped
│ │ ├── @dcloudio/uni-shared@3.0.0-5020420260813003 deduped
│ │ ├── @rollup/pluginutils@5.1.0 deduped
│ │ ├─┬ @vitejs/plugin-basic-ssl@1.2.0
│ │ │ └── vite@5.2.8 deduped
│ │ ├── @vue/compiler-dom@3.4.21 deduped
│ │ ├── @vue/compiler-sfc@3.4.21 deduped
│ │ ├─┬ @vue/server-renderer@3.4.21
│ │ │ ├── @vue/compiler-ssr@3.4.21 deduped
│ │ │ ├── @vue/shared@3.4.21 deduped
│ │ │ └─┬ vue@3.4.21
│ │ │   ├── @vue/compiler-dom@3.4.21 deduped
│ │ │   ├── @vue/compiler-sfc@3.4.21 deduped
│ │ │   ├─┬ @vue/runtime-dom@3.4.21
│ │ │   │ ├─┬ @vue/runtime-core@3.4.21
│ │ │   │ │ ├─┬ @vue/reactivity@3.4.21
│ │ │   │ │ │ └── @vue/shared@3.4.21 deduped
│ │ │   │ │ └── @vue/shared@3.4.21 deduped
│ │ │   │ ├── @vue/shared@3.4.21 deduped
│ │ │   │ └── csstype@3.2.3 deduped
│ │ │   ├── @vue/server-renderer@3.4.21 deduped
│ │ │   ├── @vue/shared@3.4.21 deduped
│ │ │   └── UNMET OPTIONAL DEPENDENCY typescript@*
│ │ ├── @vue/shared@3.4.21 deduped
│ │ ├── debug@4.3.7 deduped
│ │ ├── fs-extra@10.1.0 deduped
│ │ ├── mime@3.0.0 deduped
│ │ └── module-alias@2.2.3 deduped
│ ├─┬ @dcloudio/uni-h5-vue@3.0.0-5020420260813003
│ │ ├── @dcloudio/uni-shared@3.0.0-5020420260813003 deduped
│ │ └─┬ @vue/server-renderer@3.4.21
│ │   ├── @vue/compiler-ssr@3.4.21 deduped
│ │   ├── @vue/shared@3.4.21 deduped
│ │   └─┬ vue@3.4.21
│ │     ├── @vue/compiler-dom@3.4.21 deduped
│ │     ├── @vue/compiler-sfc@3.4.21 deduped
│ │     ├─┬ @vue/runtime-dom@3.4.21
│ │     │ ├─┬ @vue/runtime-core@3.4.21
│ │     │ │ ├─┬ @vue/reactivity@3.4.21
│ │     │ │ │ └── @vue/shared@3.4.21 deduped
│ │     │ │ └── @vue/shared@3.4.21 deduped
│ │     │ ├── @vue/shared@3.4.21 deduped
│ │     │ └── csstype@3.2.3 deduped
│ │     ├── @vue/server-renderer@3.4.21 deduped
│ │     ├── @vue/shared@3.4.21 deduped
│ │     └── UNMET OPTIONAL DEPENDENCY typescript@*
│ ├── @dcloudio/uni-i18n@3.0.0-5020420260813003 deduped
│ ├── @dcloudio/uni-shared@3.0.0-5020420260813003 deduped
│ ├─┬ @vue/server-renderer@3.4.21
│ │ ├── @vue/compiler-ssr@3.4.21 deduped
│ │ ├── @vue/shared@3.4.21 deduped
│ │ └─┬ vue@3.4.21
│ │   ├── @vue/compiler-dom@3.4.21 deduped
│ │   ├── @vue/compiler-sfc@3.4.21 deduped
│ │   ├─┬ @vue/runtime-dom@3.4.21
│ │   │ ├─┬ @vue/runtime-core@3.4.21
│ │   │ │ ├─┬ @vue/reactivity@3.4.21
│ │   │ │ │ └── @vue/shared@3.4.21 deduped
│ │   │ │ └── @vue/shared@3.4.21 deduped
│ │   │ ├── @vue/shared@3.4.21 deduped
│ │   │ └── csstype@3.2.3 deduped
│ │   ├── @vue/server-renderer@3.4.21 deduped
│ │   ├── @vue/shared@3.4.21 deduped
│ │   └── UNMET OPTIONAL DEPENDENCY typescript@*
│ ├── @vue/shared@3.4.21 deduped
│ ├── debug@4.3.7 deduped
│ ├── localstorage-polyfill@1.0.1
│ ├── postcss-selector-parser@6.1.2 deduped
│ ├── safe-area-insets@1.4.1
│ ├─┬ vue-router@4.4.4
│ │ ├── @vue/devtools-api@6.6.4 deduped
│ │ └── vue@3.5.11 deduped
│ └── xmlhttprequest@1.8.0
├─┬ @dcloudio/uni-mp-weixin@3.0.0-5020420260813003
│ ├── @dcloudio/uni-cli-shared@3.0.0-5020420260813003 deduped
│ ├─┬ @dcloudio/uni-mp-compiler@3.0.0-5020420260813003
│ │ ├─┬ @babel/generator@7.25.6
│ │ │ ├── @babel/types@7.25.6 deduped
│ │ │ ├── @jridgewell/gen-mapping@0.3.13 deduped
│ │ │ ├── @jridgewell/trace-mapping@0.3.31 deduped
│ │ │ └── jsesc@2.5.2
│ │ ├── @babel/parser@7.25.6 deduped
│ │ ├── @babel/types@7.25.6 deduped
│ │ ├── @dcloudio/uni-cli-shared@3.0.0-5020420260813003 deduped
│ │ ├── @dcloudio/uni-shared@3.0.0-5020420260813003 deduped
│ │ ├── @vue/compiler-core@3.4.21 deduped
│ │ ├── @vue/compiler-dom@3.4.21 deduped
│ │ ├── @vue/shared@3.4.21 deduped
│ │ └── estree-walker@2.0.2 deduped
│ ├─┬ @dcloudio/uni-mp-vite@3.0.0-5020420260813003
│ │ ├── @dcloudio/uni-cli-shared@3.0.0-5020420260813003 deduped
│ │ ├── @dcloudio/uni-i18n@3.0.0-5020420260813003 deduped
│ │ ├── @dcloudio/uni-mp-compiler@3.0.0-5020420260813003 deduped
│ │ ├── @dcloudio/uni-mp-vue@3.0.0-5020420260813003 deduped
│ │ ├── @dcloudio/uni-shared@3.0.0-5020420260813003 deduped
│ │ ├── @vue/compiler-dom@3.4.21 deduped
│ │ ├── @vue/compiler-sfc@3.4.21 deduped
│ │ ├── @vue/shared@3.4.21 deduped
│ │ └── debug@4.3.7 deduped
│ ├─┬ @dcloudio/uni-mp-vue@3.0.0-5020420260813003
│ │ ├── @dcloudio/uni-shared@3.0.0-5020420260813003 deduped
│ │ └── @vue/shared@3.4.21 deduped
│ ├── @dcloudio/uni-shared@3.0.0-5020420260813003 deduped
│ ├── @vue/shared@3.4.21 deduped
│ ├─┬ jimp@0.10.3
│ │ ├── @babel/runtime@7.29.7 deduped
│ │ ├─┬ @jimp/custom@0.10.3
│ │ │ ├── @babel/runtime@7.29.7 deduped
│ │ │ ├─┬ @jimp/core@0.10.3
│ │ │ │ ├── @babel/runtime@7.29.7 deduped
│ │ │ │ ├─┬ @jimp/utils@0.10.3
│ │ │ │ │ ├── @babel/runtime@7.29.7 deduped
│ │ │ │ │ ├── core-js@3.50.0 deduped
│ │ │ │ │ └── regenerator-runtime@0.13.11
│ │ │ │ ├── any-base@1.1.0
│ │ │ │ ├─┬ buffer@5.7.1
│ │ │ │ │ ├── base64-js@1.5.1
│ │ │ │ │ └── ieee754@1.2.1
│ │ │ │ ├── core-js@3.50.0 deduped
│ │ │ │ ├── exif-parser@0.1.12
│ │ │ │ ├── file-type@9.0.0
│ │ │ │ ├─┬ load-bmfont@1.4.2
│ │ │ │ │ ├── buffer-equal@0.0.1
│ │ │ │ │ ├── mime@1.6.0
│ │ │ │ │ ├── parse-bmfont-ascii@1.0.6
│ │ │ │ │ ├── parse-bmfont-binary@1.0.6
│ │ │ │ │ ├─┬ parse-bmfont-xml@1.1.6
│ │ │ │ │ │ ├── xml-parse-from-string@1.0.1
│ │ │ │ │ │ └─┬ xml2js@0.5.0
│ │ │ │ │ │   ├── sax@1.6.1
│ │ │ │ │ │   └── xmlbuilder@11.0.1
│ │ │ │ │ ├─┬ phin@3.7.1
│ │ │ │ │ │ └─┬ centra@2.7.0
│ │ │ │ │ │   └── follow-redirects@1.16.0
│ │ │ │ │ ├─┬ xhr@2.6.0
│ │ │ │ │ │ ├─┬ global@4.4.0
│ │ │ │ │ │ │ ├─┬ min-document@2.19.2
│ │ │ │ │ │ │ │ └── dom-walk@0.1.2
│ │ │ │ │ │ │ └── process@0.11.10
│ │ │ │ │ │ ├── is-function@1.0.2
│ │ │ │ │ │ ├── parse-headers@2.0.6
│ │ │ │ │ │ └── xtend@4.0.2 deduped
│ │ │ │ │ └── xtend@4.0.2
│ │ │ │ ├─┬ mkdirp@0.5.6
│ │ │ │ │ └── minimist@1.2.8
│ │ │ │ ├── phin@2.9.3
│ │ │ │ ├─┬ pixelmatch@4.0.2
│ │ │ │ │ └── pngjs@3.4.0 deduped
│ │ │ │ └── tinycolor2@1.6.0 deduped
│ │ │ └── core-js@3.50.0 deduped
│ │ ├─┬ @jimp/plugins@0.10.3
│ │ │ ├── @babel/runtime@7.29.7 deduped
│ │ │ ├── @jimp/custom@0.10.3 deduped
│ │ │ ├─┬ @jimp/plugin-blit@0.10.3
│ │ │ │ ├── @babel/runtime@7.29.7 deduped
│ │ │ │ ├── @jimp/custom@0.10.3 deduped
│ │ │ │ ├── @jimp/utils@0.10.3 deduped
│ │ │ │ └── core-js@3.50.0 deduped
│ │ │ ├─┬ @jimp/plugin-blur@0.10.3
│ │ │ │ ├── @babel/runtime@7.29.7 deduped
│ │ │ │ ├── @jimp/custom@0.10.3 deduped
│ │ │ │ ├── @jimp/utils@0.10.3 deduped
│ │ │ │ └── core-js@3.50.0 deduped
│ │ │ ├─┬ @jimp/plugin-circle@0.10.3
│ │ │ │ ├── @babel/runtime@7.29.7 deduped
│ │ │ │ ├── @jimp/custom@0.10.3 deduped
│ │ │ │ ├── @jimp/utils@0.10.3 deduped
│ │ │ │ └── core-js@3.50.0 deduped
│ │ │ ├─┬ @jimp/plugin-color@0.10.3
│ │ │ │ ├── @babel/runtime@7.29.7 deduped
│ │ │ │ ├── @jimp/custom@0.10.3 deduped
│ │ │ │ ├── @jimp/utils@0.10.3 deduped
│ │ │ │ ├── core-js@3.50.0 deduped
│ │ │ │ └── tinycolor2@1.6.0 deduped
│ │ │ ├─┬ @jimp/plugin-contain@0.10.3
│ │ │ │ ├── @babel/runtime@7.29.7 deduped
│ │ │ │ ├── @jimp/custom@0.10.3 deduped
│ │ │ │ ├── @jimp/plugin-blit@0.10.3 deduped
│ │ │ │ ├── @jimp/plugin-resize@0.10.3 deduped
│ │ │ │ ├── @jimp/plugin-scale@0.10.3 deduped
│ │ │ │ ├── @jimp/utils@0.10.3 deduped
│ │ │ │ └── core-js@3.50.0 deduped
│ │ │ ├─┬ @jimp/plugin-cover@0.10.3
│ │ │ │ ├── @babel/runtime@7.29.7 deduped
│ │ │ │ ├── @jimp/custom@0.10.3 deduped
│ │ │ │ ├── @jimp/plugin-crop@0.10.3 deduped
│ │ │ │ ├── @jimp/plugin-resize@0.10.3 deduped
│ │ │ │ ├── @jimp/plugin-scale@0.10.3 deduped
│ │ │ │ ├── @jimp/utils@0.10.3 deduped
│ │ │ │ └── core-js@3.50.0 deduped
│ │ │ ├─┬ @jimp/plugin-crop@0.10.3
│ │ │ │ ├── @babel/runtime@7.29.7 deduped
│ │ │ │ ├── @jimp/custom@0.10.3 deduped
│ │ │ │ ├── @jimp/utils@0.10.3 deduped
│ │ │ │ └── core-js@3.50.0 deduped
│ │ │ ├─┬ @jimp/plugin-displace@0.10.3
│ │ │ │ ├── @babel/runtime@7.29.7 deduped
│ │ │ │ ├── @jimp/custom@0.10.3 deduped
│ │ │ │ ├── @jimp/utils@0.10.3 deduped
│ │ │ │ └── core-js@3.50.0 deduped
│ │ │ ├─┬ @jimp/plugin-dither@0.10.3
│ │ │ │ ├── @babel/runtime@7.29.7 deduped
│ │ │ │ ├── @jimp/custom@0.10.3 deduped
│ │ │ │ ├── @jimp/utils@0.10.3 deduped
│ │ │ │ └── core-js@3.50.0 deduped
│ │ │ ├─┬ @jimp/plugin-fisheye@0.10.3
│ │ │ │ ├── @babel/runtime@7.29.7 deduped
│ │ │ │ ├── @jimp/custom@0.10.3 deduped
│ │ │ │ ├── @jimp/utils@0.10.3 deduped
│ │ │ │ └── core-js@3.50.0 deduped
│ │ │ ├─┬ @jimp/plugin-flip@0.10.3
│ │ │ │ ├── @babel/runtime@7.29.7 deduped
│ │ │ │ ├── @jimp/custom@0.10.3 deduped
│ │ │ │ ├── @jimp/plugin-rotate@0.10.3 deduped
│ │ │ │ ├── @jimp/utils@0.10.3 deduped
│ │ │ │ └── core-js@3.50.0 deduped
│ │ │ ├─┬ @jimp/plugin-gaussian@0.10.3
│ │ │ │ ├── @babel/runtime@7.29.7 deduped
│ │ │ │ ├── @jimp/custom@0.10.3 deduped
│ │ │ │ ├── @jimp/utils@0.10.3 deduped
│ │ │ │ └── core-js@3.50.0 deduped
│ │ │ ├─┬ @jimp/plugin-invert@0.10.3
│ │ │ │ ├── @babel/runtime@7.29.7 deduped
│ │ │ │ ├── @jimp/custom@0.10.3 deduped
│ │ │ │ ├── @jimp/utils@0.10.3 deduped
│ │ │ │ └── core-js@3.50.0 deduped
│ │ │ ├─┬ @jimp/plugin-mask@0.10.3
│ │ │ │ ├── @babel/runtime@7.29.7 deduped
│ │ │ │ ├── @jimp/custom@0.10.3 deduped
│ │ │ │ ├── @jimp/utils@0.10.3 deduped
│ │ │ │ └── core-js@3.50.0 deduped
│ │ │ ├─┬ @jimp/plugin-normalize@0.10.3
│ │ │ │ ├── @babel/runtime@7.29.7 deduped
│ │ │ │ ├── @jimp/custom@0.10.3 deduped
│ │ │ │ ├── @jimp/utils@0.10.3 deduped
│ │ │ │ └── core-js@3.50.0 deduped
│ │ │ ├─┬ @jimp/plugin-print@0.10.3
│ │ │ │ ├── @babel/runtime@7.29.7 deduped
│ │ │ │ ├── @jimp/custom@0.10.3 deduped
│ │ │ │ ├── @jimp/plugin-blit@0.10.3 deduped
│ │ │ │ ├── @jimp/utils@0.10.3 deduped
│ │ │ │ ├── core-js@3.50.0 deduped
│ │ │ │ └── load-bmfont@1.4.2 deduped
│ │ │ ├─┬ @jimp/plugin-resize@0.10.3
│ │ │ │ ├── @babel/runtime@7.29.7 deduped
│ │ │ │ ├── @jimp/custom@0.10.3 deduped
│ │ │ │ ├── @jimp/utils@0.10.3 deduped
│ │ │ │ └── core-js@3.50.0 deduped
│ │ │ ├─┬ @jimp/plugin-rotate@0.10.3
│ │ │ │ ├── @babel/runtime@7.29.7 deduped
│ │ │ │ ├── @jimp/custom@0.10.3 deduped
│ │ │ │ ├── @jimp/plugin-blit@0.10.3 deduped
│ │ │ │ ├── @jimp/plugin-crop@0.10.3 deduped
│ │ │ │ ├── @jimp/plugin-resize@0.10.3 deduped
│ │ │ │ ├── @jimp/utils@0.10.3 deduped
│ │ │ │ └── core-js@3.50.0 deduped
│ │ │ ├─┬ @jimp/plugin-scale@0.10.3
│ │ │ │ ├── @babel/runtime@7.29.7 deduped
│ │ │ │ ├── @jimp/custom@0.10.3 deduped
│ │ │ │ ├── @jimp/plugin-resize@0.10.3 deduped
│ │ │ │ ├── @jimp/utils@0.10.3 deduped
│ │ │ │ └── core-js@3.50.0 deduped
│ │ │ ├─┬ @jimp/plugin-shadow@0.10.3
│ │ │ │ ├── @babel/runtime@7.29.7 deduped
│ │ │ │ ├── @jimp/custom@0.10.3 deduped
│ │ │ │ ├── @jimp/plugin-blur@0.10.3 deduped
│ │ │ │ ├── @jimp/plugin-resize@0.10.3 deduped
│ │ │ │ ├── @jimp/utils@0.10.3 deduped
│ │ │ │ └── core-js@3.50.0 deduped
│ │ │ ├─┬ @jimp/plugin-threshold@0.10.3
│ │ │ │ ├── @babel/runtime@7.29.7 deduped
│ │ │ │ ├── @jimp/custom@0.10.3 deduped
│ │ │ │ ├── @jimp/plugin-color@0.10.3 deduped
│ │ │ │ ├── @jimp/plugin-resize@0.10.3 deduped
│ │ │ │ ├── @jimp/utils@0.10.3 deduped
│ │ │ │ └── core-js@3.50.0 deduped
│ │ │ ├── core-js@3.50.0 deduped
│ │ │ └── timm@1.7.1
│ │ ├─┬ @jimp/types@0.10.3
│ │ │ ├── @babel/runtime@7.29.7 deduped
│ │ │ ├─┬ @jimp/bmp@0.10.3
│ │ │ │ ├── @babel/runtime@7.29.7 deduped
│ │ │ │ ├── @jimp/custom@0.10.3 deduped
│ │ │ │ ├── @jimp/utils@0.10.3 deduped
│ │ │ │ ├── bmp-js@0.1.0
│ │ │ │ └── core-js@3.50.0 deduped
│ │ │ ├── @jimp/custom@0.10.3 deduped
│ │ │ ├─┬ @jimp/gif@0.10.3
│ │ │ │ ├── @babel/runtime@7.29.7 deduped
│ │ │ │ ├── @jimp/custom@0.10.3 deduped
│ │ │ │ ├── @jimp/utils@0.10.3 deduped
│ │ │ │ ├── core-js@3.50.0 deduped
│ │ │ │ └── omggif@1.0.10
│ │ │ ├─┬ @jimp/jpeg@0.10.3
│ │ │ │ ├── @babel/runtime@7.29.7 deduped
│ │ │ │ ├── @jimp/custom@0.10.3 deduped
│ │ │ │ ├── @jimp/utils@0.10.3 deduped
│ │ │ │ ├── core-js@3.50.0 deduped
│ │ │ │ └── jpeg-js@0.3.7
│ │ │ ├─┬ @jimp/png@0.10.3
│ │ │ │ ├── @babel/runtime@7.29.7 deduped
│ │ │ │ ├── @jimp/custom@0.10.3 deduped
│ │ │ │ ├── @jimp/utils@0.10.3 deduped
│ │ │ │ ├── core-js@3.50.0 deduped
│ │ │ │ └── pngjs@3.4.0
│ │ │ ├─┬ @jimp/tiff@0.10.3
│ │ │ │ ├── @babel/runtime@7.29.7 deduped
│ │ │ │ ├── @jimp/custom@0.10.3 deduped
│ │ │ │ ├── core-js@3.50.0 deduped
│ │ │ │ └─┬ utif@2.0.1
│ │ │ │   └── pako@1.0.11
│ │ │ ├── core-js@3.50.0 deduped
│ │ │ └── timm@1.7.1 deduped
│ │ ├── core-js@3.50.0 deduped
│ │ └── regenerator-runtime@0.13.11
│ ├── licia@1.41.1
│ ├── qrcode-reader@1.0.4
│ ├── qrcode-terminal@0.12.0
│ └─┬ ws@8.18.0
│   ├── UNMET OPTIONAL DEPENDENCY bufferutil@^4.0.1
│   └── UNMET OPTIONAL DEPENDENCY utf-8-validate@>=5.0.2
├─┬ @dcloudio/vite-plugin-uni@3.0.0-5020420260813003
│ ├── @babel/core@7.25.2 deduped
│ ├─┬ @babel/plugin-syntax-import-meta@7.10.4
│ │ ├── @babel/core@7.25.2 deduped
│ │ └── @babel/helper-plugin-utils@7.29.7
│ ├─┬ @babel/plugin-transform-typescript@7.29.7
│ │ ├── @babel/core@7.25.2 deduped
│ │ ├─┬ @babel/helper-annotate-as-pure@7.29.7
│ │ │ └─┬ @babel/types@7.29.8
│ │ │   ├── @babel/helper-string-parser@7.29.7 deduped
│ │ │   └── @babel/helper-validator-identifier@7.29.7 deduped
│ │ ├─┬ @babel/helper-create-class-features-plugin@7.29.7
│ │ │ ├── @babel/core@7.25.2 deduped
│ │ │ ├── @babel/helper-annotate-as-pure@7.29.7 deduped
│ │ │ ├─┬ @babel/helper-member-expression-to-functions@7.29.7
│ │ │ │ ├── @babel/traverse@7.29.8 deduped
│ │ │ │ └─┬ @babel/types@7.29.8
│ │ │ │   ├── @babel/helper-string-parser@7.29.7 deduped
│ │ │ │   └── @babel/helper-validator-identifier@7.29.7 deduped
│ │ │ ├─┬ @babel/helper-optimise-call-expression@7.29.7
│ │ │ │ └─┬ @babel/types@7.29.8
│ │ │ │   ├── @babel/helper-string-parser@7.29.7 deduped
│ │ │ │   └── @babel/helper-validator-identifier@7.29.7 deduped
│ │ │ ├─┬ @babel/helper-replace-supers@7.29.7
│ │ │ │ ├── @babel/core@7.25.2 deduped
│ │ │ │ ├── @babel/helper-member-expression-to-functions@7.29.7 deduped
│ │ │ │ ├── @babel/helper-optimise-call-expression@7.29.7 deduped
│ │ │ │ └── @babel/traverse@7.29.8 deduped
│ │ │ ├── @babel/helper-skip-transparent-expression-wrappers@7.29.7 deduped
│ │ │ ├── @babel/traverse@7.29.8 deduped
│ │ │ └── semver@6.3.1 deduped
│ │ ├── @babel/helper-plugin-utils@7.29.7 deduped
│ │ ├─┬ @babel/helper-skip-transparent-expression-wrappers@7.29.7
│ │ │ ├── @babel/traverse@7.29.8 deduped
│ │ │ └─┬ @babel/types@7.29.8
│ │ │   ├── @babel/helper-string-parser@7.29.7 deduped
│ │ │   └── @babel/helper-validator-identifier@7.29.7 deduped
│ │ └─┬ @babel/plugin-syntax-typescript@7.29.7
│ │   ├── @babel/core@7.25.2 deduped
│ │   └── @babel/helper-plugin-utils@7.29.7 deduped
│ ├── @babel/types@7.25.6 deduped
│ ├── @dcloudio/uni-cli-shared@3.0.0-5020420260813003 deduped
│ ├── @dcloudio/uni-nvue-styler@3.0.0-5020420260813003 deduped
│ ├── @dcloudio/uni-shared@3.0.0-5020420260813003 deduped
│ ├── @rollup/pluginutils@5.1.0 deduped
│ ├─┬ @vitejs/plugin-legacy@5.3.2
│ │ ├── @babel/core@7.25.2 deduped
│ │ ├─┬ @babel/preset-env@7.29.7
│ │ │ ├── @babel/compat-data@7.29.7 deduped
│ │ │ ├── @babel/core@7.25.2 deduped
│ │ │ ├── @babel/helper-compilation-targets@7.29.7 deduped
│ │ │ ├── @babel/helper-plugin-utils@7.29.7 deduped
│ │ │ ├── @babel/helper-validator-option@7.29.7 deduped
│ │ │ ├─┬ @babel/plugin-bugfix-firefox-class-in-computed-class-key@7.29.7
│ │ │ │ ├── @babel/core@7.25.2 deduped
│ │ │ │ ├── @babel/helper-plugin-utils@7.29.7 deduped
│ │ │ │ └── @babel/traverse@7.29.8 deduped
│ │ │ ├─┬ @babel/plugin-bugfix-safari-class-field-initializer-scope@7.29.7
│ │ │ │ ├── @babel/core@7.25.2 deduped
│ │ │ │ └── @babel/helper-plugin-utils@7.29.7 deduped
│ │ │ ├─┬ @babel/plugin-bugfix-safari-id-destructuring-collision-in-function-expression@7.29.7
│ │ │ │ ├── @babel/core@7.25.2 deduped
│ │ │ │ └── @babel/helper-plugin-utils@7.29.7 deduped
│ │ │ ├─┬ @babel/plugin-bugfix-safari-rest-destructuring-rhs-array@7.29.7
│ │ │ │ ├── @babel/core@7.25.2 deduped
│ │ │ │ ├── @babel/helper-plugin-utils@7.29.7 deduped
│ │ │ │ └── @babel/helper-skip-transparent-expression-wrappers@7.29.7 deduped
│ │ │ ├─┬ @babel/plugin-bugfix-v8-spread-parameters-in-optional-chaining@7.29.7
│ │ │ │ ├── @babel/core@7.25.2 deduped
│ │ │ │ ├── @babel/helper-plugin-utils@7.29.7 deduped
│ │ │ │ ├── @babel/helper-skip-transparent-expression-wrappers@7.29.7 deduped
│ │ │ │ └── @babel/plugin-transform-optional-chaining@7.29.7 deduped
│ │ │ ├─┬ @babel/plugin-bugfix-v8-static-class-fields-redefine-readonly@7.29.7
│ │ │ │ ├── @babel/core@7.25.2 deduped
│ │ │ │ ├── @babel/helper-plugin-utils@7.29.7 deduped
│ │ │ │ └── @babel/traverse@7.29.8 deduped
│ │ │ ├─┬ @babel/plugin-proposal-private-property-in-object@7.21.0-placeholder-for-preset-env.2
│ │ │ │ └── @babel/core@7.25.2 deduped
│ │ │ ├─┬ @babel/plugin-syntax-import-assertions@7.29.7
│ │ │ │ ├── @babel/core@7.25.2 deduped
│ │ │ │ └── @babel/helper-plugin-utils@7.29.7 deduped
│ │ │ ├─┬ @babel/plugin-syntax-import-attributes@7.29.7
│ │ │ │ ├── @babel/core@7.25.2 deduped
│ │ │ │ └── @babel/helper-plugin-utils@7.29.7 deduped
│ │ │ ├─┬ @babel/plugin-syntax-unicode-sets-regex@7.18.6
│ │ │ │ ├── @babel/core@7.25.2 deduped
│ │ │ │ ├─┬ @babel/helper-create-regexp-features-plugin@7.29.7
│ │ │ │ │ ├── @babel/core@7.25.2 deduped
│ │ │ │ │ ├── @babel/helper-annotate-as-pure@7.29.7 deduped
│ │ │ │ │ ├─┬ regexpu-core@6.4.0
│ │ │ │ │ │ ├─┬ regenerate-unicode-properties@10.2.2
│ │ │ │ │ │ │ └── regenerate@1.4.2 deduped
│ │ │ │ │ │ ├── regenerate@1.4.2
│ │ │ │ │ │ ├── regjsgen@0.8.0
│ │ │ │ │ │ ├─┬ regjsparser@0.13.2
│ │ │ │ │ │ │ └── jsesc@3.1.0 deduped
│ │ │ │ │ │ ├─┬ unicode-match-property-ecmascript@2.0.0
│ │ │ │ │ │ │ ├── unicode-canonical-property-names-ecmascript@2.0.1
│ │ │ │ │ │ │ └── unicode-property-aliases-ecmascript@2.2.0
│ │ │ │ │ │ └── unicode-match-property-value-ecmascript@2.2.1
│ │ │ │ │ └── semver@6.3.1 deduped
│ │ │ │ └── @babel/helper-plugin-utils@7.29.7 deduped
│ │ │ ├─┬ @babel/plugin-transform-arrow-functions@7.29.7
│ │ │ │ ├── @babel/core@7.25.2 deduped
│ │ │ │ └── @babel/helper-plugin-utils@7.29.7 deduped
│ │ │ ├─┬ @babel/plugin-transform-async-generator-functions@7.29.7
│ │ │ │ ├── @babel/core@7.25.2 deduped
│ │ │ │ ├── @babel/helper-plugin-utils@7.29.7 deduped
│ │ │ │ ├─┬ @babel/helper-remap-async-to-generator@7.29.7
│ │ │ │ │ ├── @babel/core@7.25.2 deduped
│ │ │ │ │ ├── @babel/helper-annotate-as-pure@7.29.7 deduped
│ │ │ │ │ ├─┬ @babel/helper-wrap-function@7.29.7
│ │ │ │ │ │ ├── @babel/template@7.29.7 deduped
│ │ │ │ │ │ ├── @babel/traverse@7.29.8 deduped
│ │ │ │ │ │ └─┬ @babel/types@7.29.8
│ │ │ │ │ │   ├── @babel/helper-string-parser@7.29.7 deduped
│ │ │ │ │ │   └── @babel/helper-validator-identifier@7.29.7 deduped
│ │ │ │ │ └── @babel/traverse@7.29.8 deduped
│ │ │ │ └── @babel/traverse@7.29.8 deduped
│ │ │ ├─┬ @babel/plugin-transform-async-to-generator@7.29.7
│ │ │ │ ├── @babel/core@7.25.2 deduped
│ │ │ │ ├── @babel/helper-module-imports@7.29.7 deduped
│ │ │ │ ├── @babel/helper-plugin-utils@7.29.7 deduped
│ │ │ │ └── @babel/helper-remap-async-to-generator@7.29.7 deduped
│ │ │ ├─┬ @babel/plugin-transform-block-scoped-functions@7.29.7
│ │ │ │ ├── @babel/core@7.25.2 deduped
│ │ │ │ └── @babel/helper-plugin-utils@7.29.7 deduped
│ │ │ ├─┬ @babel/plugin-transform-block-scoping@7.29.7
│ │ │ │ ├── @babel/core@7.25.2 deduped
│ │ │ │ └── @babel/helper-plugin-utils@7.29.7 deduped
│ │ │ ├─┬ @babel/plugin-transform-class-properties@7.29.7
│ │ │ │ ├── @babel/core@7.25.2 deduped
│ │ │ │ ├── @babel/helper-create-class-features-plugin@7.29.7 deduped
│ │ │ │ └── @babel/helper-plugin-utils@7.29.7 deduped
│ │ │ ├─┬ @babel/plugin-transform-class-static-block@7.29.7
│ │ │ │ ├── @babel/core@7.25.2 deduped
│ │ │ │ ├── @babel/helper-create-class-features-plugin@7.29.7 deduped
│ │ │ │ └── @babel/helper-plugin-utils@7.29.7 deduped
│ │ │ ├─┬ @babel/plugin-transform-classes@7.29.7
│ │ │ │ ├── @babel/core@7.25.2 deduped
│ │ │ │ ├── @babel/helper-annotate-as-pure@7.29.7 deduped
│ │ │ │ ├── @babel/helper-compilation-targets@7.29.7 deduped
│ │ │ │ ├── @babel/helper-globals@7.29.7 deduped
│ │ │ │ ├── @babel/helper-plugin-utils@7.29.7 deduped
│ │ │ │ ├── @babel/helper-replace-supers@7.29.7 deduped
│ │ │ │ └── @babel/traverse@7.29.8 deduped
│ │ │ ├─┬ @babel/plugin-transform-computed-properties@7.29.7
│ │ │ │ ├── @babel/core@7.25.2 deduped
│ │ │ │ ├── @babel/helper-plugin-utils@7.29.7 deduped
│ │ │ │ └── @babel/template@7.29.7 deduped
│ │ │ ├─┬ @babel/plugin-transform-destructuring@7.29.7
│ │ │ │ ├── @babel/core@7.25.2 deduped
│ │ │ │ ├── @babel/helper-plugin-utils@7.29.7 deduped
│ │ │ │ └── @babel/traverse@7.29.8 deduped
│ │ │ ├─┬ @babel/plugin-transform-dotall-regex@7.29.7
│ │ │ │ ├── @babel/core@7.25.2 deduped
│ │ │ │ ├── @babel/helper-create-regexp-features-plugin@7.29.7 deduped
│ │ │ │ └── @babel/helper-plugin-utils@7.29.7 deduped
│ │ │ ├─┬ @babel/plugin-transform-duplicate-keys@7.29.7
│ │ │ │ ├── @babel/core@7.25.2 deduped
│ │ │ │ └── @babel/helper-plugin-utils@7.29.7 deduped
│ │ │ ├─┬ @babel/plugin-transform-duplicate-named-capturing-groups-regex@7.29.7
│ │ │ │ ├── @babel/core@7.25.2 deduped
│ │ │ │ ├── @babel/helper-create-regexp-features-plugin@7.29.7 deduped
│ │ │ │ └── @babel/helper-plugin-utils@7.29.7 deduped
│ │ │ ├─┬ @babel/plugin-transform-dynamic-import@7.29.7
│ │ │ │ ├── @babel/core@7.25.2 deduped
│ │ │ │ └── @babel/helper-plugin-utils@7.29.7 deduped
│ │ │ ├─┬ @babel/plugin-transform-explicit-resource-management@7.29.7
│ │ │ │ ├── @babel/core@7.25.2 deduped
│ │ │ │ ├── @babel/helper-plugin-utils@7.29.7 deduped
│ │ │ │ └── @babel/plugin-transform-destructuring@7.29.7 deduped
│ │ │ ├─┬ @babel/plugin-transform-exponentiation-operator@7.29.7
│ │ │ │ ├── @babel/core@7.25.2 deduped
│ │ │ │ └── @babel/helper-plugin-utils@7.29.7 deduped
│ │ │ ├─┬ @babel/plugin-transform-export-namespace-from@7.29.7
│ │ │ │ ├── @babel/core@7.25.2 deduped
│ │ │ │ └── @babel/helper-plugin-utils@7.29.7 deduped
│ │ │ ├─┬ @babel/plugin-transform-for-of@7.29.7
│ │ │ │ ├── @babel/core@7.25.2 deduped
│ │ │ │ ├── @babel/helper-plugin-utils@7.29.7 deduped
│ │ │ │ └── @babel/helper-skip-transparent-expression-wrappers@7.29.7 deduped
│ │ │ ├─┬ @babel/plugin-transform-function-name@7.29.7
│ │ │ │ ├── @babel/core@7.25.2 deduped
│ │ │ │ ├── @babel/helper-compilation-targets@7.29.7 deduped
│ │ │ │ ├── @babel/helper-plugin-utils@7.29.7 deduped
│ │ │ │ └── @babel/traverse@7.29.8 deduped
│ │ │ ├─┬ @babel/plugin-transform-json-strings@7.29.7
│ │ │ │ ├── @babel/core@7.25.2 deduped
│ │ │ │ └── @babel/helper-plugin-utils@7.29.7 deduped
│ │ │ ├─┬ @babel/plugin-transform-literals@7.29.7
│ │ │ │ ├── @babel/core@7.25.2 deduped
│ │ │ │ └── @babel/helper-plugin-utils@7.29.7 deduped
│ │ │ ├─┬ @babel/plugin-transform-logical-assignment-operators@7.29.7
│ │ │ │ ├── @babel/core@7.25.2 deduped
│ │ │ │ └── @babel/helper-plugin-utils@7.29.7 deduped
│ │ │ ├─┬ @babel/plugin-transform-member-expression-literals@7.29.7
│ │ │ │ ├── @babel/core@7.25.2 deduped
│ │ │ │ └── @babel/helper-plugin-utils@7.29.7 deduped
│ │ │ ├─┬ @babel/plugin-transform-modules-amd@7.29.7
│ │ │ │ ├── @babel/core@7.25.2 deduped
│ │ │ │ ├── @babel/helper-module-transforms@7.29.7 deduped
│ │ │ │ └── @babel/helper-plugin-utils@7.29.7 deduped
│ │ │ ├─┬ @babel/plugin-transform-modules-commonjs@7.29.7
│ │ │ │ ├── @babel/core@7.25.2 deduped
│ │ │ │ ├── @babel/helper-module-transforms@7.29.7 deduped
│ │ │ │ └── @babel/helper-plugin-utils@7.29.7 deduped
│ │ │ ├─┬ @babel/plugin-transform-modules-systemjs@7.29.8
│ │ │ │ ├── @babel/core@7.25.2 deduped
│ │ │ │ ├── @babel/helper-module-transforms@7.29.7 deduped
│ │ │ │ ├── @babel/helper-plugin-utils@7.29.7 deduped
│ │ │ │ ├── @babel/helper-validator-identifier@7.29.7 deduped
│ │ │ │ └── @babel/traverse@7.29.8 deduped
│ │ │ ├─┬ @babel/plugin-transform-modules-umd@7.29.7
│ │ │ │ ├── @babel/core@7.25.2 deduped
│ │ │ │ ├── @babel/helper-module-transforms@7.29.7 deduped
│ │ │ │ └── @babel/helper-plugin-utils@7.29.7 deduped
│ │ │ ├─┬ @babel/plugin-transform-named-capturing-groups-regex@7.29.7
│ │ │ │ ├── @babel/core@7.25.2 deduped
│ │ │ │ ├── @babel/helper-create-regexp-features-plugin@7.29.7 deduped
│ │ │ │ └── @babel/helper-plugin-utils@7.29.7 deduped
│ │ │ ├─┬ @babel/plugin-transform-new-target@7.29.7
│ │ │ │ ├── @babel/core@7.25.2 deduped
│ │ │ │ └── @babel/helper-plugin-utils@7.29.7 deduped
│ │ │ ├─┬ @babel/plugin-transform-nullish-coalescing-operator@7.29.7
│ │ │ │ ├── @babel/core@7.25.2 deduped
│ │ │ │ └── @babel/helper-plugin-utils@7.29.7 deduped
│ │ │ ├─┬ @babel/plugin-transform-numeric-separator@7.29.7
│ │ │ │ ├── @babel/core@7.25.2 deduped
│ │ │ │ └── @babel/helper-plugin-utils@7.29.7 deduped
│ │ │ ├─┬ @babel/plugin-transform-object-rest-spread@7.29.7
│ │ │ │ ├── @babel/core@7.25.2 deduped
│ │ │ │ ├── @babel/helper-compilation-targets@7.29.7 deduped
│ │ │ │ ├── @babel/helper-plugin-utils@7.29.7 deduped
│ │ │ │ ├── @babel/plugin-transform-destructuring@7.29.7 deduped
│ │ │ │ ├── @babel/plugin-transform-parameters@7.29.7 deduped
│ │ │ │ └── @babel/traverse@7.29.8 deduped
│ │ │ ├─┬ @babel/plugin-transform-object-super@7.29.7
│ │ │ │ ├── @babel/core@7.25.2 deduped
│ │ │ │ ├── @babel/helper-plugin-utils@7.29.7 deduped
│ │ │ │ └── @babel/helper-replace-supers@7.29.7 deduped
│ │ │ ├─┬ @babel/plugin-transform-optional-catch-binding@7.29.7
│ │ │ │ ├── @babel/core@7.25.2 deduped
│ │ │ │ └── @babel/helper-plugin-utils@7.29.7 deduped
│ │ │ ├─┬ @babel/plugin-transform-optional-chaining@7.29.7
│ │ │ │ ├── @babel/core@7.25.2 deduped
│ │ │ │ ├── @babel/helper-plugin-utils@7.29.7 deduped
│ │ │ │ └── @babel/helper-skip-transparent-expression-wrappers@7.29.7 deduped
│ │ │ ├─┬ @babel/plugin-transform-parameters@7.29.7
│ │ │ │ ├── @babel/core@7.25.2 deduped
│ │ │ │ └── @babel/helper-plugin-utils@7.29.7 deduped
│ │ │ ├─┬ @babel/plugin-transform-private-methods@7.29.7
│ │ │ │ ├── @babel/core@7.25.2 deduped
│ │ │ │ ├── @babel/helper-create-class-features-plugin@7.29.7 deduped
│ │ │ │ └── @babel/helper-plugin-utils@7.29.7 deduped
│ │ │ ├─┬ @babel/plugin-transform-private-property-in-object@7.29.7
│ │ │ │ ├── @babel/core@7.25.2 deduped
│ │ │ │ ├── @babel/helper-annotate-as-pure@7.29.7 deduped
│ │ │ │ ├── @babel/helper-create-class-features-plugin@7.29.7 deduped
│ │ │ │ └── @babel/helper-plugin-utils@7.29.7 deduped
│ │ │ ├─┬ @babel/plugin-transform-property-literals@7.29.7
│ │ │ │ ├── @babel/core@7.25.2 deduped
│ │ │ │ └── @babel/helper-plugin-utils@7.29.7 deduped
│ │ │ ├─┬ @babel/plugin-transform-regenerator@7.29.8
│ │ │ │ ├── @babel/core@7.25.2 deduped
│ │ │ │ └── @babel/helper-plugin-utils@7.29.7 deduped
│ │ │ ├─┬ @babel/plugin-transform-regexp-modifiers@7.29.7
│ │ │ │ ├── @babel/core@7.25.2 deduped
│ │ │ │ ├── @babel/helper-create-regexp-features-plugin@7.29.7 deduped
│ │ │ │ └── @babel/helper-plugin-utils@7.29.7 deduped
│ │ │ ├─┬ @babel/plugin-transform-reserved-words@7.29.7
│ │ │ │ ├── @babel/core@7.25.2 deduped
│ │ │ │ └── @babel/helper-plugin-utils@7.29.7 deduped
│ │ │ ├─┬ @babel/plugin-transform-shorthand-properties@7.29.7
│ │ │ │ ├── @babel/core@7.25.2 deduped
│ │ │ │ └── @babel/helper-plugin-utils@7.29.7 deduped
│ │ │ ├─┬ @babel/plugin-transform-spread@7.29.8
│ │ │ │ ├── @babel/core@7.25.2 deduped
│ │ │ │ ├── @babel/helper-plugin-utils@7.29.7 deduped
│ │ │ │ └── @babel/helper-skip-transparent-expression-wrappers@7.29.7 deduped
│ │ │ ├─┬ @babel/plugin-transform-sticky-regex@7.29.7
│ │ │ │ ├── @babel/core@7.25.2 deduped
│ │ │ │ └── @babel/helper-plugin-utils@7.29.7 deduped
│ │ │ ├─┬ @babel/plugin-transform-template-literals@7.29.7
│ │ │ │ ├── @babel/core@7.25.2 deduped
│ │ │ │ └── @babel/helper-plugin-utils@7.29.7 deduped
│ │ │ ├─┬ @babel/plugin-transform-typeof-symbol@7.29.7
│ │ │ │ ├── @babel/core@7.25.2 deduped
│ │ │ │ └── @babel/helper-plugin-utils@7.29.7 deduped
│ │ │ ├─┬ @babel/plugin-transform-unicode-escapes@7.29.7
│ │ │ │ ├── @babel/core@7.25.2 deduped
│ │ │ │ └── @babel/helper-plugin-utils@7.29.7 deduped
│ │ │ ├─┬ @babel/plugin-transform-unicode-property-regex@7.29.7
│ │ │ │ ├── @babel/core@7.25.2 deduped
│ │ │ │ ├── @babel/helper-create-regexp-features-plugin@7.29.7 deduped
│ │ │ │ └── @babel/helper-plugin-utils@7.29.7 deduped
│ │ │ ├─┬ @babel/plugin-transform-unicode-regex@7.29.7
│ │ │ │ ├── @babel/core@7.25.2 deduped
│ │ │ │ ├── @babel/helper-create-regexp-features-plugin@7.29.7 deduped
│ │ │ │ └── @babel/helper-plugin-utils@7.29.7 deduped
│ │ │ ├─┬ @babel/plugin-transform-unicode-sets-regex@7.29.7
│ │ │ │ ├── @babel/core@7.25.2 deduped
│ │ │ │ ├── @babel/helper-create-regexp-features-plugin@7.29.7 deduped
│ │ │ │ └── @babel/helper-plugin-utils@7.29.7 deduped
│ │ │ ├─┬ @babel/preset-modules@0.1.6-no-external-plugins
│ │ │ │ ├── @babel/core@7.25.2 deduped
│ │ │ │ ├── @babel/helper-plugin-utils@7.29.7 deduped
│ │ │ │ ├── @babel/types@7.25.6 deduped
│ │ │ │ └── esutils@2.0.3
│ │ │ ├─┬ babel-plugin-polyfill-corejs2@0.4.17
│ │ │ │ ├── @babel/compat-data@7.29.7 deduped
│ │ │ │ ├── @babel/core@7.25.2 deduped
│ │ │ │ ├─┬ @babel/helper-define-polyfill-provider@0.6.8
│ │ │ │ │ ├── @babel/core@7.25.2 deduped
│ │ │ │ │ ├── @babel/helper-compilation-targets@7.29.7 deduped
│ │ │ │ │ ├── @babel/helper-plugin-utils@7.29.7 deduped
│ │ │ │ │ ├─┬ debug@4.4.3
│ │ │ │ │ │ └── ms@2.1.3 deduped
│ │ │ │ │ ├── lodash.debounce@4.0.8
│ │ │ │ │ └─┬ resolve@1.22.12
│ │ │ │ │   ├── es-errors@1.3.0 deduped
│ │ │ │ │   ├── is-core-module@2.16.2 deduped
│ │ │ │ │   ├── path-parse@1.0.7 deduped
│ │ │ │ │   └── supports-preserve-symlinks-flag@1.0.0 deduped
│ │ │ │ └── semver@6.3.1 deduped
│ │ │ ├─┬ babel-plugin-polyfill-corejs3@0.14.2
│ │ │ │ ├── @babel/core@7.25.2 deduped
│ │ │ │ ├── @babel/helper-define-polyfill-provider@0.6.8 deduped
│ │ │ │ └── core-js-compat@3.50.0 deduped
│ │ │ ├─┬ babel-plugin-polyfill-regenerator@0.6.8
│ │ │ │ ├── @babel/core@7.25.2 deduped
│ │ │ │ └── @babel/helper-define-polyfill-provider@0.6.8 deduped
│ │ │ ├─┬ core-js-compat@3.50.0
│ │ │ │ └── browserslist@4.28.9 deduped
│ │ │ └── semver@6.3.1 deduped
│ │ ├─┬ browserslist-to-esbuild@2.1.1
│ │ │ ├── browserslist@4.28.9 deduped
│ │ │ └── meow@13.2.0
│ │ ├── browserslist@4.28.9 deduped
│ │ ├── core-js@3.50.0 deduped
│ │ ├── magic-string@0.30.11 deduped
│ │ ├── regenerator-runtime@0.14.1
│ │ ├── systemjs@6.15.1
│ │ ├── terser@5.51.2 deduped
│ │ └── vite@5.2.8 deduped
│ ├─┬ @vitejs/plugin-vue-jsx@3.1.0
│ │ ├── @babel/core@7.25.2 deduped
│ │ ├── @babel/plugin-transform-typescript@7.29.7 deduped
│ │ ├─┬ @vue/babel-plugin-jsx@1.5.0
│ │ │ ├── @babel/core@7.25.2 deduped
│ │ │ ├── @babel/helper-module-imports@7.29.7 deduped
│ │ │ ├── @babel/helper-plugin-utils@7.29.7 deduped
│ │ │ ├─┬ @babel/plugin-syntax-jsx@7.29.7
│ │ │ │ ├── @babel/core@7.25.2 deduped
│ │ │ │ └── @babel/helper-plugin-utils@7.29.7 deduped
│ │ │ ├── @babel/template@7.29.7 deduped
│ │ │ ├── @babel/traverse@7.29.8 deduped
│ │ │ ├─┬ @babel/types@7.29.8
│ │ │ │ ├── @babel/helper-string-parser@7.29.7 deduped
│ │ │ │ └── @babel/helper-validator-identifier@7.29.7 deduped
│ │ │ ├── @vue/babel-helper-vue-transform-on@1.5.0
│ │ │ ├─┬ @vue/babel-plugin-resolve-type@1.5.0
│ │ │ │ ├─┬ @babel/code-frame@7.29.7
│ │ │ │ │ ├── @babel/helper-validator-identifier@7.29.7 deduped
│ │ │ │ │ ├── js-tokens@4.0.0 deduped
│ │ │ │ │ └── picocolors@1.1.1
│ │ │ │ ├── @babel/core@7.25.2 deduped
│ │ │ │ ├── @babel/helper-module-imports@7.29.7 deduped
│ │ │ │ ├── @babel/helper-plugin-utils@7.29.7 deduped
│ │ │ │ ├─┬ @babel/parser@7.29.8
│ │ │ │ │ └─┬ @babel/types@7.29.8
│ │ │ │ │   ├── @babel/helper-string-parser@7.29.7 deduped
│ │ │ │ │   └── @babel/helper-validator-identifier@7.29.7 deduped
│ │ │ │ └─┬ @vue/compiler-sfc@3.5.42
│ │ │ │   ├── @babel/parser@7.29.8 deduped
│ │ │ │   ├─┬ @vue/compiler-core@3.5.42
│ │ │ │   │ ├── @babel/parser@7.29.8 deduped
│ │ │ │   │ ├── @vue/shared@3.5.42 deduped
│ │ │ │   │ ├── entities@7.0.1 deduped
│ │ │ │   │ ├── estree-walker@2.0.2 deduped
│ │ │ │   │ └── source-map-js@1.2.1 deduped
│ │ │ │   ├─┬ @vue/compiler-dom@3.5.42
│ │ │ │   │ ├── @vue/compiler-core@3.5.42 deduped
│ │ │ │   │ └── @vue/shared@3.5.42 deduped
│ │ │ │   ├─┬ @vue/compiler-ssr@3.5.42
│ │ │ │   │ ├── @vue/compiler-dom@3.5.42 deduped
│ │ │ │   │ └── @vue/shared@3.5.42 deduped
│ │ │ │   ├── @vue/shared@3.5.42
│ │ │ │   ├── estree-walker@2.0.2 deduped
│ │ │ │   ├─┬ magic-string@0.30.21
│ │ │ │   │ └── @jridgewell/sourcemap-codec@1.6.0 deduped
│ │ │ │   ├── postcss@8.5.28 deduped
│ │ │ │   └── source-map-js@1.2.1 deduped
│ │ │ └── @vue/shared@3.5.42
│ │ ├── vite@5.2.8 deduped
│ │ └── vue@3.5.11 deduped
│ ├─┬ @vitejs/plugin-vue@5.2.4
│ │ ├── vite@5.2.8 deduped
│ │ └── vue@3.5.11 deduped
│ ├── @vue/compiler-core@3.4.21 deduped
│ ├── @vue/compiler-dom@3.4.21 deduped
│ ├── @vue/compiler-sfc@3.4.21 deduped
│ ├── @vue/shared@3.4.21 deduped
│ ├── cac@6.7.9
│ ├── debug@4.3.7 deduped
│ ├── es-module-lexer@1.5.4 deduped
│ ├── estree-walker@2.0.2 deduped
│ ├─┬ express@4.20.0
│ │ ├─┬ accepts@1.3.8
│ │ │ ├─┬ mime-types@2.1.35
│ │ │ │ └── mime-db@1.52.0
│ │ │ └── negotiator@0.6.3
│ │ ├── array-flatten@1.1.1
│ │ ├─┬ body-parser@1.20.3
│ │ │ ├── bytes@3.1.2
│ │ │ ├── content-type@1.0.5 deduped
│ │ │ ├─┬ debug@2.6.9
│ │ │ │ └── ms@2.0.0
│ │ │ ├── depd@2.0.0 deduped
│ │ │ ├── destroy@1.2.0
│ │ │ ├── http-errors@2.0.0 deduped
│ │ │ ├─┬ iconv-lite@0.4.24
│ │ │ │ └── safer-buffer@2.1.2
│ │ │ ├── on-finished@2.4.1 deduped
│ │ │ ├─┬ qs@6.13.0
│ │ │ │ └── side-channel@1.1.1 deduped
│ │ │ ├─┬ raw-body@2.5.2
│ │ │ │ ├── bytes@3.1.2 deduped
│ │ │ │ ├── http-errors@2.0.0 deduped
│ │ │ │ ├── iconv-lite@0.4.24 deduped
│ │ │ │ └── unpipe@1.0.0 deduped
│ │ │ ├── type-is@1.6.18 deduped
│ │ │ └── unpipe@1.0.0
│ │ ├─┬ content-disposition@0.5.4
│ │ │ └── safe-buffer@5.2.1 deduped
│ │ ├── content-type@1.0.5
│ │ ├── cookie-signature@1.0.6
│ │ ├── cookie@0.6.0
│ │ ├─┬ debug@2.6.9
│ │ │ └── ms@2.0.0
│ │ ├── depd@2.0.0
│ │ ├── encodeurl@2.0.0
│ │ ├── escape-html@1.0.3
│ │ ├── etag@1.8.1
│ │ ├─┬ finalhandler@1.2.0
│ │ │ ├─┬ debug@2.6.9
│ │ │ │ └── ms@2.0.0
│ │ │ ├── encodeurl@1.0.2
│ │ │ ├── escape-html@1.0.3 deduped
│ │ │ ├── on-finished@2.4.1 deduped
│ │ │ ├── parseurl@1.3.3 deduped
│ │ │ ├── statuses@2.0.1 deduped
│ │ │ └── unpipe@1.0.0 deduped
│ │ ├── fresh@0.5.2
│ │ ├─┬ http-errors@2.0.0
│ │ │ ├── depd@2.0.0 deduped
│ │ │ ├── inherits@2.0.4
│ │ │ ├── setprototypeof@1.2.0 deduped
│ │ │ ├── statuses@2.0.1 deduped
│ │ │ └── toidentifier@1.0.1
│ │ ├── merge-descriptors@1.0.3
│ │ ├── methods@1.1.2
│ │ ├─┬ on-finished@2.4.1
│ │ │ └── ee-first@1.1.1
│ │ ├── parseurl@1.3.3
│ │ ├── path-to-regexp@0.1.10
│ │ ├─┬ proxy-addr@2.0.7
│ │ │ ├── forwarded@0.2.0
│ │ │ └── ipaddr.js@1.9.1
│ │ ├─┬ qs@6.11.0
│ │ │ └─┬ side-channel@1.1.1
│ │ │   ├── es-errors@1.3.0
│ │ │   ├── object-inspect@1.13.4
│ │ │   ├─┬ side-channel-list@1.0.1
│ │ │   │ ├── es-errors@1.3.0 deduped
│ │ │   │ └── object-inspect@1.13.4 deduped
│ │ │   ├─┬ side-channel-map@1.0.1
│ │ │   │ ├─┬ call-bound@1.0.4
│ │ │   │ │ ├─┬ call-bind-apply-helpers@1.0.2
│ │ │   │ │ │ ├── es-errors@1.3.0 deduped
│ │ │   │ │ │ └── function-bind@1.1.2 deduped
│ │ │   │ │ └── get-intrinsic@1.3.0 deduped
│ │ │   │ ├── es-errors@1.3.0 deduped
│ │ │   │ ├─┬ get-intrinsic@1.3.0
│ │ │   │ │ ├── call-bind-apply-helpers@1.0.2 deduped
│ │ │   │ │ ├── es-define-property@1.0.1
│ │ │   │ │ ├── es-errors@1.3.0 deduped
│ │ │   │ │ ├─┬ es-object-atoms@1.1.2
│ │ │   │ │ │ └── es-errors@1.3.0 deduped
│ │ │   │ │ ├── function-bind@1.1.2 deduped
│ │ │   │ │ ├─┬ get-proto@1.0.1
│ │ │   │ │ │ ├─┬ dunder-proto@1.0.1
│ │ │   │ │ │ │ ├── call-bind-apply-helpers@1.0.2 deduped
│ │ │   │ │ │ │ ├── es-errors@1.3.0 deduped
│ │ │   │ │ │ │ └── gopd@1.2.0 deduped
│ │ │   │ │ │ └── es-object-atoms@1.1.2 deduped
│ │ │   │ │ ├── gopd@1.2.0
│ │ │   │ │ ├── has-symbols@1.1.0
│ │ │   │ │ ├── hasown@2.0.4 deduped
│ │ │   │ │ └── math-intrinsics@1.1.0
│ │ │   │ └── object-inspect@1.13.4 deduped
│ │ │   └─┬ side-channel-weakmap@1.0.2
│ │ │     ├── call-bound@1.0.4 deduped
│ │ │     ├── es-errors@1.3.0 deduped
│ │ │     ├── get-intrinsic@1.3.0 deduped
│ │ │     ├── object-inspect@1.13.4 deduped
│ │ │     └── side-channel-map@1.0.1 deduped
│ │ ├── range-parser@1.2.1
│ │ ├── safe-buffer@5.2.1
│ │ ├─┬ send@0.19.0
│ │ │ ├─┬ debug@2.6.9
│ │ │ │ └── ms@2.0.0
│ │ │ ├── depd@2.0.0 deduped
│ │ │ ├── destroy@1.2.0 deduped
│ │ │ ├── encodeurl@1.0.2
│ │ │ ├── escape-html@1.0.3 deduped
│ │ │ ├── etag@1.8.1 deduped
│ │ │ ├── fresh@0.5.2 deduped
│ │ │ ├── http-errors@2.0.0 deduped
│ │ │ ├── mime@1.6.0
│ │ │ ├── ms@2.1.3 deduped
│ │ │ ├── on-finished@2.4.1 deduped
│ │ │ ├── range-parser@1.2.1 deduped
│ │ │ └── statuses@2.0.1 deduped
│ │ ├─┬ serve-static@1.16.0
│ │ │ ├── encodeurl@1.0.2
│ │ │ ├── escape-html@1.0.3 deduped
│ │ │ ├── parseurl@1.3.3 deduped
│ │ │ └─┬ send@0.18.0
│ │ │   ├─┬ debug@2.6.9
│ │ │   │ └── ms@2.0.0
│ │ │   ├── depd@2.0.0 deduped
│ │ │   ├── destroy@1.2.0 deduped
│ │ │   ├── encodeurl@1.0.2 deduped
│ │ │   ├── escape-html@1.0.3 deduped
│ │ │   ├── etag@1.8.1 deduped
│ │ │   ├── fresh@0.5.2 deduped
│ │ │   ├── http-errors@2.0.0 deduped
│ │ │   ├── mime@1.6.0
│ │ │   ├── ms@2.1.3 deduped
│ │ │   ├── on-finished@2.4.1 deduped
│ │ │   ├── range-parser@1.2.1 deduped
│ │ │   └── statuses@2.0.1 deduped
│ │ ├── setprototypeof@1.2.0
│ │ ├── statuses@2.0.1
│ │ ├─┬ type-is@1.6.18
│ │ │ ├── media-typer@0.3.0
│ │ │ └── mime-types@2.1.35 deduped
│ │ ├── utils-merge@1.0.1
│ │ └── vary@1.1.2
│ ├── fast-glob@3.3.3 deduped
│ ├── fs-extra@10.1.0 deduped
│ ├── hash-sum@2.0.0 deduped
│ ├── jsonc-parser@3.3.1 deduped
│ ├── magic-string@0.30.11 deduped
│ ├── picocolors@1.1.0 deduped
│ ├── source-map-js@1.2.1 deduped
│ ├─┬ terser@5.51.2
│ │ ├─┬ @jridgewell/source-map@0.3.11
│ │ │ ├── @jridgewell/gen-mapping@0.3.13 deduped
│ │ │ └── @jridgewell/trace-mapping@0.3.31 deduped
│ │ ├── acorn@8.18.0 deduped
│ │ ├── commander@2.20.3
│ │ └─┬ source-map-support@0.5.21
│ │   ├── buffer-from@1.1.2
│ │   └── source-map@0.6.1 deduped
│ ├── unplugin-auto-import@19.1.0 deduped
│ └── vite@5.2.8 deduped
├── dayjs@1.11.7
├── lodash-es@4.17.21
├── lodash@4.17.21
├─┬ luch-request@3.0.8
│ └── @dcloudio/types@2.6.12
├─┬ pinia-plugin-persist-uni@1.2.0
│ ├── UNMET OPTIONAL DEPENDENCY @vue/composition-api@^1.0.0
│ ├── pinia@2.0.33 deduped
│ ├─┬ vue-demi@0.12.5
│ │ ├── UNMET OPTIONAL DEPENDENCY @vue/composition-api@^1.0.0-rc.1
│ │ └── vue@3.5.11 deduped
│ └── vue@3.5.11 deduped
├─┬ pinia@2.0.33
│ ├── UNMET OPTIONAL DEPENDENCY @vue/composition-api@^1.4.0
│ ├── @vue/devtools-api@6.6.4
│ ├── UNMET OPTIONAL DEPENDENCY typescript@>=4.4.4
│ ├─┬ vue-demi@0.14.10
│ │ ├── UNMET OPTIONAL DEPENDENCY @vue/composition-api@^1.0.0-rc.1
│ │ └── vue@3.5.11 deduped
│ └── vue@3.5.11 deduped
├── prettier@2.8.7
├─┬ sass@1.77.8
│ ├── chokidar@3.6.0 deduped
│ ├── immutable@4.3.9
│ └── source-map-js@1.2.1 deduped
├─┬ vconsole@3.15.0
│ ├── @babel/runtime@7.29.7
│ ├── copy-text-to-clipboard@3.2.2
│ ├── core-js@3.50.0
│ └── mutation-observer@1.0.3
├─┬ vite@5.2.8
│ ├── UNMET OPTIONAL DEPENDENCY @types/node@^18.0.0 || >=20.0.0
│ ├── esbuild@0.20.2 deduped
│ ├── fsevents@2.3.3
│ ├── UNMET OPTIONAL DEPENDENCY less@*
│ ├── UNMET OPTIONAL DEPENDENCY lightningcss@^1.21.0
│ ├─┬ postcss@8.5.28
│ │ ├── nanoid@3.3.18
│ │ ├── picocolors@1.1.1
│ │ └── source-map-js@1.2.1 deduped
│ ├─┬ rollup@4.63.1
│ │ ├── UNMET OPTIONAL DEPENDENCY @napi-rs/lzma-linux-x64-gnu@1.5.1
│ │ ├── UNMET OPTIONAL DEPENDENCY @rollup/rollup-android-arm-eabi@4.63.1
│ │ ├── UNMET OPTIONAL DEPENDENCY @rollup/rollup-android-arm64@4.63.1
│ │ ├── @rollup/rollup-darwin-arm64@4.63.1
│ │ ├── UNMET OPTIONAL DEPENDENCY @rollup/rollup-darwin-x64@4.63.1
│ │ ├── UNMET OPTIONAL DEPENDENCY @rollup/rollup-freebsd-arm64@4.63.1
│ │ ├── UNMET OPTIONAL DEPENDENCY @rollup/rollup-freebsd-x64@4.63.1
│ │ ├── UNMET OPTIONAL DEPENDENCY @rollup/rollup-linux-arm-gnueabihf@4.63.1
│ │ ├── UNMET OPTIONAL DEPENDENCY @rollup/rollup-linux-arm-musleabihf@4.63.1
│ │ ├── UNMET OPTIONAL DEPENDENCY @rollup/rollup-linux-arm64-gnu@4.63.1
│ │ ├── UNMET OPTIONAL DEPENDENCY @rollup/rollup-linux-arm64-musl@4.63.1
│ │ ├── UNMET OPTIONAL DEPENDENCY @rollup/rollup-linux-loong64-gnu@4.63.1
│ │ ├── UNMET OPTIONAL DEPENDENCY @rollup/rollup-linux-loong64-musl@4.63.1
│ │ ├── UNMET OPTIONAL DEPENDENCY @rollup/rollup-linux-ppc64-gnu@4.63.1
│ │ ├── UNMET OPTIONAL DEPENDENCY @rollup/rollup-linux-ppc64-musl@4.63.1
│ │ ├── UNMET OPTIONAL DEPENDENCY @rollup/rollup-linux-riscv64-gnu@4.63.1
│ │ ├── UNMET OPTIONAL DEPENDENCY @rollup/rollup-linux-riscv64-musl@4.63.1
│ │ ├── UNMET OPTIONAL DEPENDENCY @rollup/rollup-linux-s390x-gnu@4.63.1
│ │ ├── UNMET OPTIONAL DEPENDENCY @rollup/rollup-linux-x64-gnu@4.63.1
│ │ ├── UNMET OPTIONAL DEPENDENCY @rollup/rollup-linux-x64-musl@4.63.1
│ │ ├── UNMET OPTIONAL DEPENDENCY @rollup/rollup-openbsd-x64@4.63.1
│ │ ├── UNMET OPTIONAL DEPENDENCY @rollup/rollup-openharmony-arm64@4.63.1
│ │ ├── UNMET OPTIONAL DEPENDENCY @rollup/rollup-win32-arm64-msvc@4.63.1
│ │ ├── UNMET OPTIONAL DEPENDENCY @rollup/rollup-win32-ia32-msvc@4.63.1
│ │ ├── UNMET OPTIONAL DEPENDENCY @rollup/rollup-win32-x64-gnu@4.63.1
│ │ ├── UNMET OPTIONAL DEPENDENCY @rollup/rollup-win32-x64-msvc@4.63.1
│ │ ├── @types/estree@1.0.9 deduped
│ │ └── fsevents@2.3.3 deduped
│ ├── sass@1.77.8 deduped
│ ├── UNMET OPTIONAL DEPENDENCY stylus@*
│ ├── UNMET OPTIONAL DEPENDENCY sugarss@*
│ └── terser@5.51.2 deduped
├─┬ vue@3.5.11
│ ├─┬ @vue/compiler-dom@3.5.11
│ │ ├─┬ @vue/compiler-core@3.5.11
│ │ │ ├── @babel/parser@7.25.6 deduped
│ │ │ ├── @vue/shared@3.5.11 deduped
│ │ │ ├── entities@4.5.0
│ │ │ ├── estree-walker@2.0.2 deduped
│ │ │ └── source-map-js@1.2.1 deduped
│ │ └── @vue/shared@3.5.11 deduped
│ ├─┬ @vue/compiler-sfc@3.5.11
│ │ ├── @babel/parser@7.25.6 deduped
│ │ ├── @vue/compiler-core@3.5.11 deduped
│ │ ├── @vue/compiler-dom@3.5.11 deduped
│ │ ├─┬ @vue/compiler-ssr@3.5.11
│ │ │ ├── @vue/compiler-dom@3.5.11 deduped
│ │ │ └── @vue/shared@3.5.11 deduped
│ │ ├── @vue/shared@3.5.11 deduped
│ │ ├── estree-walker@2.0.2 deduped
│ │ ├── magic-string@0.30.11 deduped
│ │ ├── postcss@8.5.28 deduped
│ │ └── source-map-js@1.2.1 deduped
│ ├─┬ @vue/runtime-dom@3.5.11
│ │ ├─┬ @vue/reactivity@3.5.11
│ │ │ └── @vue/shared@3.5.11
│ │ ├─┬ @vue/runtime-core@3.5.11
│ │ │ ├── @vue/reactivity@3.5.11 deduped
│ │ │ └── @vue/shared@3.5.11
│ │ ├── @vue/shared@3.5.11
│ │ └── csstype@3.2.3
│ ├─┬ @vue/server-renderer@3.5.11
│ │ ├─┬ @vue/compiler-ssr@3.5.11
│ │ │ ├─┬ @vue/compiler-dom@3.5.11
│ │ │ │ ├─┬ @vue/compiler-core@3.5.11
│ │ │ │ │ ├── @babel/parser@7.25.6 deduped
│ │ │ │ │ ├── @vue/shared@3.5.11 deduped
│ │ │ │ │ ├── entities@4.5.0
│ │ │ │ │ ├── estree-walker@2.0.2 deduped
│ │ │ │ │ └── source-map-js@1.2.1 deduped
│ │ │ │ └── @vue/shared@3.5.11 deduped
│ │ │ └── @vue/shared@3.5.11 deduped
│ │ ├── @vue/shared@3.5.11
│ │ └── vue@3.5.11 deduped
│ ├── @vue/shared@3.5.11
│ └── UNMET OPTIONAL DEPENDENCY typescript@*
└── weixin-js-sdk@1.6.0

