
> shopro@2026.08 build:mp-weixin
> UNI_INPUT_DIR="$PWD" uni build -p mp-weixin

Compiler version: 5.24（vue3）
Compiling...

​已开启 uni统计 2.0​

​Circular chunk: sheep/request/index -> sheep/store/index -> sheep/store/app -> sheep/api/promotion/diy -> sheep/request/index. Please adjust the manual chunk logic for these chunks.​
​Circular chunk: sheep/request/index -> sheep/store/index -> sheep/store/app -> sheep/api/infra/tenant -> sheep/request/index. Please adjust the manual chunk logic for these chunks.​
​Circular chunk: sheep/request/index -> sheep/store/index -> sheep/store/app -> sheep/request/index. Please adjust the manual chunk logic for these chunks.​
​Circular chunk: sheep/request/index -> sheep/store/index -> sheep/store/app -> sheep/platform/index -> sheep/platform/provider/wechat/index -> sheep/platform/provider/wechat/miniProgram -> sheep/api/member/auth -> sheep/request/index. Please adjust the manual chunk logic for these chunks.​
​Circular chunk: sheep/request/index -> sheep/store/index -> sheep/store/app -> sheep/platform/index -> sheep/platform/provider/wechat/index -> sheep/platform/provider/wechat/miniProgram -> sheep/api/member/social -> sheep/request/index. Please adjust the manual chunk logic for these chunks.​
​Circular chunk: sheep/request/index -> sheep/store/index -> sheep/store/app -> sheep/platform/index -> sheep/platform/provider/wechat/index -> sheep/platform/provider/wechat/miniProgram -> sheep/api/member/user -> sheep/request/index. Please adjust the manual chunk logic for these chunks.​
​Circular chunk: sheep/request/index -> sheep/store/index -> sheep/store/app -> sheep/platform/index -> sheep/platform/provider/wechat/index -> sheep/platform/provider/wechat/miniProgram -> sheep/index -> sheep/api/index -> sheep/api/infra/file -> sheep/request/index. Please adjust the manual chunk logic for these chunks.​
​Circular chunk: sheep/request/index -> sheep/store/index -> sheep/store/app -> sheep/platform/index -> sheep/platform/provider/wechat/index -> sheep/platform/provider/wechat/miniProgram -> sheep/index -> sheep/api/index -> sheep/api/member/address -> sheep/request/index. Please adjust the manual chunk logic for these chunks.​
​Circular chunk: sheep/request/index -> sheep/store/index -> sheep/store/app -> sheep/platform/index -> sheep/platform/provider/wechat/index -> sheep/platform/provider/wechat/miniProgram -> sheep/index -> sheep/api/index -> sheep/api/member/point -> sheep/request/index. Please adjust the manual chunk logic for these chunks.​
​Circular chunk: sheep/request/index -> sheep/store/index -> sheep/store/app -> sheep/platform/index -> sheep/platform/provider/wechat/index -> sheep/platform/provider/wechat/miniProgram -> sheep/index -> sheep/api/index -> sheep/api/member/signin -> sheep/request/index. Please adjust the manual chunk logic for these chunks.​
​Circular chunk: sheep/request/index -> sheep/store/index -> sheep/store/app -> sheep/platform/index -> sheep/platform/provider/wechat/index -> sheep/platform/provider/wechat/miniProgram -> sheep/index -> sheep/api/index -> sheep/api/migration/app -> sheep/request/index. Please adjust the manual chunk logic for these chunks.​
​Circular chunk: sheep/request/index -> sheep/store/index -> sheep/store/app -> sheep/platform/index -> sheep/platform/provider/wechat/index -> sheep/platform/provider/wechat/miniProgram -> sheep/index -> sheep/api/index -> sheep/api/migration/third -> sheep/request/index. Please adjust the manual chunk logic for these chunks.​
​Circular chunk: sheep/request/index -> sheep/store/index -> sheep/store/app -> sheep/platform/index -> sheep/platform/provider/wechat/index -> sheep/platform/provider/wechat/miniProgram -> sheep/index -> sheep/api/index -> sheep/api/pay/channel -> sheep/request/index. Please adjust the manual chunk logic for these chunks.​
​Circular chunk: sheep/request/index -> sheep/store/index -> sheep/store/app -> sheep/platform/index -> sheep/platform/provider/wechat/index -> sheep/platform/provider/wechat/miniProgram -> sheep/index -> sheep/api/index -> sheep/api/pay/order -> sheep/request/index. Please adjust the manual chunk logic for these chunks.​
​Circular chunk: sheep/request/index -> sheep/store/index -> sheep/store/app -> sheep/platform/index -> sheep/platform/provider/wechat/index -> sheep/platform/provider/wechat/miniProgram -> sheep/index -> sheep/api/index -> sheep/api/pay/transfer -> sheep/request/index. Please adjust the manual chunk logic for these chunks.​
​Circular chunk: sheep/request/index -> sheep/store/index -> sheep/store/app -> sheep/platform/index -> sheep/platform/provider/wechat/index -> sheep/platform/provider/wechat/miniProgram -> sheep/index -> sheep/api/index -> sheep/api/pay/wallet -> sheep/request/index. Please adjust the manual chunk logic for these chunks.​
​Circular chunk: sheep/request/index -> sheep/store/index -> sheep/store/app -> sheep/platform/index -> sheep/platform/provider/wechat/index -> sheep/platform/provider/wechat/miniProgram -> sheep/index -> sheep/api/index -> sheep/api/product/category -> sheep/request/index. Please adjust the manual chunk logic for these chunks.​
​Circular chunk: sheep/request/index -> sheep/store/index -> sheep/store/app -> sheep/platform/index -> sheep/platform/provider/wechat/index -> sheep/platform/provider/wechat/miniProgram -> sheep/index -> sheep/api/index -> sheep/api/product/comment -> sheep/request/index. Please adjust the manual chunk logic for these chunks.​
​Circular chunk: sheep/request/index -> sheep/store/index -> sheep/store/app -> sheep/platform/index -> sheep/platform/provider/wechat/index -> sheep/platform/provider/wechat/miniProgram -> sheep/index -> sheep/api/index -> sheep/api/product/favorite -> sheep/request/index. Please adjust the manual chunk logic for these chunks.​
​Circular chunk: sheep/request/index -> sheep/store/index -> sheep/store/app -> sheep/platform/index -> sheep/platform/provider/wechat/index -> sheep/platform/provider/wechat/miniProgram -> sheep/index -> sheep/api/index -> sheep/api/product/history -> sheep/request/index. Please adjust the manual chunk logic for these chunks.​
​Circular chunk: sheep/request/index -> sheep/store/index -> sheep/store/app -> sheep/platform/index -> sheep/platform/provider/wechat/index -> sheep/platform/provider/wechat/miniProgram -> sheep/index -> sheep/api/index -> sheep/api/product/spu -> sheep/request/index. Please adjust the manual chunk logic for these chunks.​
​Circular chunk: sheep/request/index -> sheep/store/index -> sheep/store/app -> sheep/platform/index -> sheep/platform/provider/wechat/index -> sheep/platform/provider/wechat/miniProgram -> sheep/index -> sheep/api/index -> sheep/api/promotion/activity -> sheep/request/index. Please adjust the manual chunk logic for these chunks.​
​Circular chunk: sheep/request/index -> sheep/store/index -> sheep/store/app -> sheep/platform/index -> sheep/platform/provider/wechat/index -> sheep/platform/provider/wechat/miniProgram -> sheep/index -> sheep/api/index -> sheep/api/promotion/article -> sheep/request/index. Please adjust the manual chunk logic for these chunks.​
​Circular chunk: sheep/request/index -> sheep/store/index -> sheep/store/app -> sheep/platform/index -> sheep/platform/provider/wechat/index -> sheep/platform/provider/wechat/miniProgram -> sheep/index -> sheep/api/index -> sheep/api/promotion/combination -> sheep/request/index. Please adjust the manual chunk logic for these chunks.​
​Circular chunk: sheep/request/index -> sheep/store/index -> sheep/store/app -> sheep/platform/index -> sheep/platform/provider/wechat/index -> sheep/platform/provider/wechat/miniProgram -> sheep/index -> sheep/api/index -> sheep/api/promotion/coupon -> sheep/request/index. Please adjust the manual chunk logic for these chunks.​
​Circular chunk: sheep/request/index -> sheep/store/index -> sheep/store/app -> sheep/platform/index -> sheep/platform/provider/wechat/index -> sheep/platform/provider/wechat/miniProgram -> sheep/index -> sheep/api/index -> sheep/api/promotion/kefu -> sheep/request/index. Please adjust the manual chunk logic for these chunks.​
​Circular chunk: sheep/request/index -> sheep/store/index -> sheep/store/app -> sheep/platform/index -> sheep/platform/provider/wechat/index -> sheep/platform/provider/wechat/miniProgram -> sheep/index -> sheep/api/index -> sheep/api/promotion/point -> sheep/request/index. Please adjust the manual chunk logic for these chunks.​
​Circular chunk: sheep/request/index -> sheep/store/index -> sheep/store/app -> sheep/platform/index -> sheep/platform/provider/wechat/index -> sheep/platform/provider/wechat/miniProgram -> sheep/index -> sheep/api/index -> sheep/api/promotion/rewardActivity -> sheep/request/index. Please adjust the manual chunk logic for these chunks.​
​Circular chunk: sheep/request/index -> sheep/store/index -> sheep/store/app -> sheep/platform/index -> sheep/platform/provider/wechat/index -> sheep/platform/provider/wechat/miniProgram -> sheep/index -> sheep/api/index -> sheep/api/promotion/seckill -> sheep/request/index. Please adjust the manual chunk logic for these chunks.​
​Circular chunk: sheep/request/index -> sheep/store/index -> sheep/store/app -> sheep/platform/index -> sheep/platform/provider/wechat/index -> sheep/platform/provider/wechat/miniProgram -> sheep/index -> sheep/api/index -> sheep/api/system/area -> sheep/request/index. Please adjust the manual chunk logic for these chunks.​
​Circular chunk: sheep/request/index -> sheep/store/index -> sheep/store/app -> sheep/platform/index -> sheep/platform/provider/wechat/index -> sheep/platform/provider/wechat/miniProgram -> sheep/index -> sheep/api/index -> sheep/api/system/dict -> sheep/request/index. Please adjust the manual chunk logic for these chunks.​
​Circular chunk: sheep/request/index -> sheep/store/index -> sheep/store/app -> sheep/platform/index -> sheep/platform/provider/wechat/index -> sheep/platform/provider/wechat/miniProgram -> sheep/index -> sheep/api/index -> sheep/api/trade/afterSale -> sheep/request/index. Please adjust the manual chunk logic for these chunks.​
​Circular chunk: sheep/request/index -> sheep/store/index -> sheep/store/app -> sheep/platform/index -> sheep/platform/provider/wechat/index -> sheep/platform/provider/wechat/miniProgram -> sheep/index -> sheep/api/index -> sheep/api/trade/brokerage -> sheep/request/index. Please adjust the manual chunk logic for these chunks.​
​Circular chunk: sheep/request/index -> sheep/store/index -> sheep/store/app -> sheep/platform/index -> sheep/platform/provider/wechat/index -> sheep/platform/provider/wechat/miniProgram -> sheep/index -> sheep/api/index -> sheep/api/trade/cart -> sheep/request/index. Please adjust the manual chunk logic for these chunks.​
​Circular chunk: sheep/request/index -> sheep/store/index -> sheep/store/app -> sheep/platform/index -> sheep/platform/provider/wechat/index -> sheep/platform/provider/wechat/miniProgram -> sheep/index -> sheep/api/index -> sheep/api/trade/config -> sheep/request/index. Please adjust the manual chunk logic for these chunks.​
​Circular chunk: sheep/request/index -> sheep/store/index -> sheep/store/app -> sheep/platform/index -> sheep/platform/provider/wechat/index -> sheep/platform/provider/wechat/miniProgram -> sheep/index -> sheep/api/index -> sheep/api/trade/delivery -> sheep/request/index. Please adjust the manual chunk logic for these chunks.​
​Circular chunk: sheep/request/index -> sheep/store/index -> sheep/store/app -> sheep/platform/index -> sheep/platform/provider/wechat/index -> sheep/platform/provider/wechat/miniProgram -> sheep/index -> sheep/api/index -> sheep/api/trade/order -> sheep/request/index. Please adjust the manual chunk logic for these chunks.​
​Circular chunk: sheep/store/index -> sheep/store/app -> sheep/platform/index -> sheep/platform/provider/wechat/index -> sheep/platform/provider/wechat/miniProgram -> sheep/index -> sheep/url/index -> sheep/store/index. Please adjust the manual chunk logic for these chunks.​
​Circular chunk: sheep/store/index -> sheep/store/app -> sheep/platform/index -> sheep/platform/provider/wechat/index -> sheep/platform/provider/wechat/miniProgram -> sheep/index -> sheep/router/index -> sheep/store/index. Please adjust the manual chunk logic for these chunks.​
​Circular chunk: sheep/store/index -> sheep/store/app -> sheep/platform/index -> sheep/platform/provider/wechat/index -> sheep/platform/provider/wechat/miniProgram -> sheep/index -> sheep/router/index -> sheep/hooks/useModal -> sheep/store/index. Please adjust the manual chunk logic for these chunks.​
​Circular chunk: sheep/platform/index -> sheep/platform/provider/wechat/index -> sheep/platform/provider/wechat/miniProgram -> sheep/index -> sheep/platform/index. Please adjust the manual chunk logic for these chunks.​
​Circular chunk: sheep/store/index -> sheep/store/app -> sheep/platform/index -> sheep/platform/provider/wechat/index -> sheep/platform/provider/wechat/miniProgram -> sheep/index -> sheep/store/index. Please adjust the manual chunk logic for these chunks.​
​Circular chunk: sheep/request/index -> sheep/store/index -> sheep/store/app -> sheep/platform/index -> sheep/platform/provider/alipay/index -> sheep/platform/provider/alipay/miniProgram -> sheep/request/index. Please adjust the manual chunk logic for these chunks.​
​Circular chunk: sheep/store/index -> sheep/store/app -> sheep/platform/index -> sheep/platform/share -> sheep/store/index. Please adjust the manual chunk logic for these chunks.​
​Circular chunk: sheep/platform/index -> sheep/platform/share -> sheep/platform/index. Please adjust the manual chunk logic for these chunks.​
​Circular chunk: sheep/store/app -> sheep/store/user -> sheep/store/app. Please adjust the manual chunk logic for these chunks.​
​Circular chunk: sheep/store/app -> sheep/store/sys -> sheep/store/app. Please adjust the manual chunk logic for these chunks.​
​Circular chunk: sheep/components/s-share-modal/canvas-poster/poster/index -> sheep/components/s-share-modal/canvas-poster/poster/user -> sheep/components/s-share-modal/canvas-poster/poster/index. Please adjust the manual chunk logic for these chunks.​
​Circular chunk: sheep/components/s-share-modal/canvas-poster/poster/index -> sheep/components/s-share-modal/canvas-poster/poster/goods -> sheep/components/s-share-modal/canvas-poster/poster/index. Please adjust the manual chunk logic for these chunks.​
​Circular chunk: sheep/components/s-share-modal/canvas-poster/poster/index -> sheep/components/s-share-modal/canvas-poster/poster/groupon -> sheep/components/s-share-modal/canvas-poster/poster/index. Please adjust the manual chunk logic for these chunks.​
​小程序端 style 暂不支持 img 标签选择器，推荐使用 class 选择器，详情参考：https://uniapp.dcloud.net.cn/tutorial/migration-to-vue3.html#style​
DONE  Build complete.
Run method: open Weixin Mini Program Devtools, import dist/build/mp-weixin run.
