Generating DAO code...
go run cmd/gen/generate.go
2026/09/07 22:20:07 Start generating code.
2026/09/07 22:20:07 generate query file: /private/tmp/ruoyi-ab-clean-7ue__gdf/internal/repo/query/promotion_seckill_activity.gen.go
2026/09/07 22:20:07 generate query file: /private/tmp/ruoyi-ab-clean-7ue__gdf/internal/repo/query/trade_statistics.gen.go
2026/09/07 22:20:07 generate query file: /private/tmp/ruoyi-ab-clean-7ue__gdf/internal/repo/query/system_role.gen.go
2026/09/07 22:20:07 generate query file: /private/tmp/ruoyi-ab-clean-7ue__gdf/internal/repo/query/product_category.gen.go
2026/09/07 22:20:07 generate query file: /private/tmp/ruoyi-ab-clean-7ue__gdf/internal/repo/query/pay_notify_task.gen.go
2026/09/07 22:20:07 generate query file: /private/tmp/ruoyi-ab-clean-7ue__gdf/internal/repo/query/trade_delivery_express_template.gen.go
2026/09/07 22:20:07 generate query file: /private/tmp/ruoyi-ab-clean-7ue__gdf/internal/repo/query/system_tenant.gen.go
2026/09/07 22:20:07 generate query file: /private/tmp/ruoyi-ab-clean-7ue__gdf/internal/repo/query/infra_api_access_log.gen.go
2026/09/07 22:20:07 generate query file: /private/tmp/ruoyi-ab-clean-7ue__gdf/internal/repo/query/system_sms_channel.gen.go
2026/09/07 22:20:07 generate query file: /private/tmp/ruoyi-ab-clean-7ue__gdf/internal/repo/query/system_sms_code.gen.go
2026/09/07 22:20:07 generate query file: /private/tmp/ruoyi-ab-clean-7ue__gdf/internal/repo/query/promotion_combination_product.gen.go
2026/09/07 22:20:07 generate query file: /private/tmp/ruoyi-ab-clean-7ue__gdf/internal/repo/query/system_dict_type.gen.go
2026/09/07 22:20:07 generate query file: /private/tmp/ruoyi-ab-clean-7ue__gdf/internal/repo/query/iot_scene_rule.gen.go
2026/09/07 22:20:07 generate query file: /private/tmp/ruoyi-ab-clean-7ue__gdf/internal/repo/query/iot_ota_task.gen.go
2026/09/07 22:20:07 generate query file: /private/tmp/ruoyi-ab-clean-7ue__gdf/internal/repo/query/promotion_kefu_message.gen.go
2026/09/07 22:20:07 generate query file: /private/tmp/ruoyi-ab-clean-7ue__gdf/internal/repo/query/infra_file.gen.go
2026/09/07 22:20:07 generate query file: /private/tmp/ruoyi-ab-clean-7ue__gdf/internal/repo/query/member_sign_in_config.gen.go
2026/09/07 22:20:07 generate query file: /private/tmp/ruoyi-ab-clean-7ue__gdf/internal/repo/query/pay_wallet.gen.go
2026/09/07 22:20:07 generate query file: /private/tmp/ruoyi-ab-clean-7ue__gdf/internal/repo/query/trade_brokerage_withdraw.gen.go
2026/09/07 22:20:07 generate query file: /private/tmp/ruoyi-ab-clean-7ue__gdf/internal/repo/query/iot_thing_model.gen.go
2026/09/07 22:20:07 generate query file: /private/tmp/ruoyi-ab-clean-7ue__gdf/internal/repo/query/infra_file_config.gen.go
2026/09/07 22:20:07 generate query file: /private/tmp/ruoyi-ab-clean-7ue__gdf/internal/repo/query/iot_device.gen.go
2026/09/07 22:20:07 generate query file: /private/tmp/ruoyi-ab-clean-7ue__gdf/internal/repo/query/system_users.gen.go
2026/09/07 22:20:07 generate query file: /private/tmp/ruoyi-ab-clean-7ue__gdf/internal/repo/query/trade_delivery_express_template_free.gen.go
2026/09/07 22:20:07 generate query file: /private/tmp/ruoyi-ab-clean-7ue__gdf/internal/repo/query/infra_api_error_log.gen.go
2026/09/07 22:20:07 generate query file: /private/tmp/ruoyi-ab-clean-7ue__gdf/internal/repo/query/system_menu.gen.go
2026/09/07 22:20:07 generate query file: /private/tmp/ruoyi-ab-clean-7ue__gdf/internal/repo/query/promotion_seckill_product.gen.go
2026/09/07 22:20:07 generate query file: /private/tmp/ruoyi-ab-clean-7ue__gdf/internal/repo/query/trade_after_sale_log.gen.go
2026/09/07 22:20:07 generate query file: /private/tmp/ruoyi-ab-clean-7ue__gdf/internal/repo/query/pay_order_extension.gen.go
2026/09/07 22:20:07 generate query file: /private/tmp/ruoyi-ab-clean-7ue__gdf/internal/repo/query/promotion_combination_activity.gen.go
2026/09/07 22:20:07 generate query file: /private/tmp/ruoyi-ab-clean-7ue__gdf/internal/repo/query/promotion_discount_activity.gen.go
2026/09/07 22:20:07 generate query file: /private/tmp/ruoyi-ab-clean-7ue__gdf/internal/repo/query/system_operate_log.gen.go
2026/09/07 22:20:07 generate query file: /private/tmp/ruoyi-ab-clean-7ue__gdf/internal/repo/query/promotion_banner.gen.go
2026/09/07 22:20:07 generate query file: /private/tmp/ruoyi-ab-clean-7ue__gdf/internal/repo/query/trade_order_item.gen.go
2026/09/07 22:20:07 generate query file: /private/tmp/ruoyi-ab-clean-7ue__gdf/internal/repo/query/trade_brokerage_record.gen.go
2026/09/07 22:20:07 generate query file: /private/tmp/ruoyi-ab-clean-7ue__gdf/internal/repo/query/product_spu.gen.go
2026/09/07 22:20:07 generate query file: /private/tmp/ruoyi-ab-clean-7ue__gdf/internal/repo/query/trade_after_sale.gen.go
2026/09/07 22:20:07 generate query file: /private/tmp/ruoyi-ab-clean-7ue__gdf/internal/repo/query/system_tenant_package.gen.go
2026/09/07 22:20:07 generate query file: /private/tmp/ruoyi-ab-clean-7ue__gdf/internal/repo/query/trade_brokerage_user.gen.go
2026/09/07 22:20:07 generate query file: /private/tmp/ruoyi-ab-clean-7ue__gdf/internal/repo/query/member_address.gen.go
2026/09/07 22:20:07 generate query file: /private/tmp/ruoyi-ab-clean-7ue__gdf/internal/repo/query/infra_config.gen.go
2026/09/07 22:20:07 generate query file: /private/tmp/ruoyi-ab-clean-7ue__gdf/internal/repo/query/iot_ota_task_record.gen.go
2026/09/07 22:20:07 generate query file: /private/tmp/ruoyi-ab-clean-7ue__gdf/internal/repo/query/iot_ota_firmware.gen.go
2026/09/07 22:20:07 generate query file: /private/tmp/ruoyi-ab-clean-7ue__gdf/internal/repo/query/iot_device_group.gen.go
2026/09/07 22:20:07 generate query file: /private/tmp/ruoyi-ab-clean-7ue__gdf/internal/repo/query/system_user_post.gen.go
2026/09/07 22:20:07 generate query file: /private/tmp/ruoyi-ab-clean-7ue__gdf/internal/repo/query/member_tag.gen.go
2026/09/07 22:20:07 generate query file: /private/tmp/ruoyi-ab-clean-7ue__gdf/internal/repo/query/trade_cart.gen.go
2026/09/07 22:20:07 generate query file: /private/tmp/ruoyi-ab-clean-7ue__gdf/internal/repo/query/pay_app.gen.go
2026/09/07 22:20:07 generate query file: /private/tmp/ruoyi-ab-clean-7ue__gdf/internal/repo/query/iot_product.gen.go
2026/09/07 22:20:07 generate query file: /private/tmp/ruoyi-ab-clean-7ue__gdf/internal/repo/query/trade_delivery_express_template_charge.gen.go
2026/09/07 22:20:07 generate query file: /private/tmp/ruoyi-ab-clean-7ue__gdf/internal/repo/query/promotion_article.gen.go
2026/09/07 22:20:07 generate query file: /private/tmp/ruoyi-ab-clean-7ue__gdf/internal/repo/query/product_property_value.gen.go
2026/09/07 22:20:07 generate query file: /private/tmp/ruoyi-ab-clean-7ue__gdf/internal/repo/query/member_point_record.gen.go
2026/09/07 22:20:07 generate query file: /private/tmp/ruoyi-ab-clean-7ue__gdf/internal/repo/query/system_social_client.gen.go
2026/09/07 22:20:07 generate query file: /private/tmp/ruoyi-ab-clean-7ue__gdf/internal/repo/query/member_level.gen.go
2026/09/07 22:20:07 generate query file: /private/tmp/ruoyi-ab-clean-7ue__gdf/internal/repo/query/promotion_bargain_activity.gen.go
2026/09/07 22:20:07 generate query file: /private/tmp/ruoyi-ab-clean-7ue__gdf/internal/repo/query/pay_order.gen.go
2026/09/07 22:20:07 generate query file: /private/tmp/ruoyi-ab-clean-7ue__gdf/internal/repo/query/system_sms_log.gen.go
2026/09/07 22:20:07 generate query file: /private/tmp/ruoyi-ab-clean-7ue__gdf/internal/repo/query/system_login_log.gen.go
2026/09/07 22:20:07 generate query file: /private/tmp/ruoyi-ab-clean-7ue__gdf/internal/repo/query/iot_alert_config.gen.go
2026/09/07 22:20:07 generate query file: /private/tmp/ruoyi-ab-clean-7ue__gdf/internal/repo/query/pay_channel.gen.go
2026/09/07 22:20:07 generate query file: /private/tmp/ruoyi-ab-clean-7ue__gdf/internal/repo/query/promotion_seckill_config.gen.go
2026/09/07 22:20:07 generate query file: /private/tmp/ruoyi-ab-clean-7ue__gdf/internal/repo/query/system_social_user.gen.go
2026/09/07 22:20:07 generate query file: /private/tmp/ruoyi-ab-clean-7ue__gdf/internal/repo/query/iot_data_rule.gen.go
2026/09/07 22:20:07 generate query file: /private/tmp/ruoyi-ab-clean-7ue__gdf/internal/repo/query/member_user.gen.go
2026/09/07 22:20:07 generate query file: /private/tmp/ruoyi-ab-clean-7ue__gdf/internal/repo/query/infra_job.gen.go
2026/09/07 22:20:07 generate query file: /private/tmp/ruoyi-ab-clean-7ue__gdf/internal/repo/query/product_brand.gen.go
2026/09/07 22:20:07 generate query file: /private/tmp/ruoyi-ab-clean-7ue__gdf/internal/repo/query/promotion_diy_template.gen.go
2026/09/07 22:20:07 generate query file: /private/tmp/ruoyi-ab-clean-7ue__gdf/internal/repo/query/promotion_point_activity.gen.go
2026/09/07 22:20:07 generate query file: /private/tmp/ruoyi-ab-clean-7ue__gdf/internal/repo/query/promotion_combination_record.gen.go
2026/09/07 22:20:07 generate query file: /private/tmp/ruoyi-ab-clean-7ue__gdf/internal/repo/query/promotion_coupon_template.gen.go
2026/09/07 22:20:07 generate query file: /private/tmp/ruoyi-ab-clean-7ue__gdf/internal/repo/query/member_sign_in_record.gen.go
2026/09/07 22:20:07 generate query file: /private/tmp/ruoyi-ab-clean-7ue__gdf/internal/repo/query/promotion_bargain_record.gen.go
2026/09/07 22:20:07 generate query file: /private/tmp/ruoyi-ab-clean-7ue__gdf/internal/repo/query/pay_notify_log.gen.go
2026/09/07 22:20:07 generate query file: /private/tmp/ruoyi-ab-clean-7ue__gdf/internal/repo/query/pay_wallet_recharge.gen.go
2026/09/07 22:20:07 generate query file: /private/tmp/ruoyi-ab-clean-7ue__gdf/internal/repo/query/iot_device_message.gen.go
2026/09/07 22:20:07 generate query file: /private/tmp/ruoyi-ab-clean-7ue__gdf/internal/repo/query/trade_config.gen.go
2026/09/07 22:20:07 generate query file: /private/tmp/ruoyi-ab-clean-7ue__gdf/internal/repo/query/system_notice.gen.go
2026/09/07 22:20:07 generate query file: /private/tmp/ruoyi-ab-clean-7ue__gdf/internal/repo/query/member_group.gen.go
2026/09/07 22:20:07 generate query file: /private/tmp/ruoyi-ab-clean-7ue__gdf/internal/repo/query/promotion_kefu_conversation.gen.go
2026/09/07 22:20:07 generate query file: /private/tmp/ruoyi-ab-clean-7ue__gdf/internal/repo/query/member_config.gen.go
2026/09/07 22:20:07 generate query file: /private/tmp/ruoyi-ab-clean-7ue__gdf/internal/repo/query/system_social_user_bind.gen.go
2026/09/07 22:20:07 generate query file: /private/tmp/ruoyi-ab-clean-7ue__gdf/internal/repo/query/infra_job_log.gen.go
2026/09/07 22:20:07 generate query file: /private/tmp/ruoyi-ab-clean-7ue__gdf/internal/repo/query/promotion_discount_product.gen.go
2026/09/07 22:20:07 generate query file: /private/tmp/ruoyi-ab-clean-7ue__gdf/internal/repo/query/iot_data_sink.gen.go
2026/09/07 22:20:07 generate query file: /private/tmp/ruoyi-ab-clean-7ue__gdf/internal/repo/query/system_post.gen.go
2026/09/07 22:20:07 generate query file: /private/tmp/ruoyi-ab-clean-7ue__gdf/internal/repo/query/system_user_role.gen.go
2026/09/07 22:20:07 generate query file: /private/tmp/ruoyi-ab-clean-7ue__gdf/internal/repo/query/promotion_diy_page.gen.go
2026/09/07 22:20:07 generate query file: /private/tmp/ruoyi-ab-clean-7ue__gdf/internal/repo/query/iot_alert_record.gen.go
2026/09/07 22:20:07 generate query file: /private/tmp/ruoyi-ab-clean-7ue__gdf/internal/repo/query/iot_device_property.gen.go
2026/09/07 22:20:07 generate query file: /private/tmp/ruoyi-ab-clean-7ue__gdf/internal/repo/query/system_role_menu.gen.go
2026/09/07 22:20:07 generate query file: /private/tmp/ruoyi-ab-clean-7ue__gdf/internal/repo/query/product_sku.gen.go
2026/09/07 22:20:07 generate query file: /private/tmp/ruoyi-ab-clean-7ue__gdf/internal/repo/query/promotion_bargain_help.gen.go
2026/09/07 22:20:07 generate query file: /private/tmp/ruoyi-ab-clean-7ue__gdf/internal/repo/query/product_statistics.gen.go
2026/09/07 22:20:07 generate query file: /private/tmp/ruoyi-ab-clean-7ue__gdf/internal/repo/query/pay_wallet_transaction.gen.go
2026/09/07 22:20:07 generate query file: /private/tmp/ruoyi-ab-clean-7ue__gdf/internal/repo/query/product_property.gen.go
2026/09/07 22:20:08 generate query file: /private/tmp/ruoyi-ab-clean-7ue__gdf/internal/repo/query/trade_order_log.gen.go
2026/09/07 22:20:08 generate query file: /private/tmp/ruoyi-ab-clean-7ue__gdf/internal/repo/query/promotion_point_product.gen.go
2026/09/07 22:20:08 generate query file: /private/tmp/ruoyi-ab-clean-7ue__gdf/internal/repo/query/pay_refund.gen.go
2026/09/07 22:20:08 generate query file: /private/tmp/ruoyi-ab-clean-7ue__gdf/internal/repo/query/pay_transfer.gen.go
2026/09/07 22:20:08 generate query file: /private/tmp/ruoyi-ab-clean-7ue__gdf/internal/repo/query/system_sms_template.gen.go
2026/09/07 22:20:08 generate query file: /private/tmp/ruoyi-ab-clean-7ue__gdf/internal/repo/query/pay_wallet_recharge_package.gen.go
2026/09/07 22:20:08 generate query file: /private/tmp/ruoyi-ab-clean-7ue__gdf/internal/repo/query/promotion_article_category.gen.go
2026/09/07 22:20:08 generate query file: /private/tmp/ruoyi-ab-clean-7ue__gdf/internal/repo/query/trade_order.gen.go
2026/09/07 22:20:08 generate query file: /private/tmp/ruoyi-ab-clean-7ue__gdf/internal/repo/query/trade_delivery_pick_up_store.gen.go
2026/09/07 22:20:08 generate query file: /private/tmp/ruoyi-ab-clean-7ue__gdf/internal/repo/query/trade_delivery_express.gen.go
2026/09/07 22:20:08 generate query file: /private/tmp/ruoyi-ab-clean-7ue__gdf/internal/repo/query/promotion_coupon.gen.go
2026/09/07 22:20:08 generate query file: /private/tmp/ruoyi-ab-clean-7ue__gdf/internal/repo/query/system_dict_data.gen.go
2026/09/07 22:20:08 generate query file: /private/tmp/ruoyi-ab-clean-7ue__gdf/internal/repo/query/iot_product_category.gen.go
2026/09/07 22:20:08 generate query file: /private/tmp/ruoyi-ab-clean-7ue__gdf/internal/repo/query/system_dept.gen.go
2026/09/07 22:20:08 generate query file: /private/tmp/ruoyi-ab-clean-7ue__gdf/internal/repo/query/promotion_reward_activity.gen.go
2026/09/07 22:20:08 generate query file: /private/tmp/ruoyi-ab-clean-7ue__gdf/internal/repo/query/product_browse_history.gen.go
2026/09/07 22:20:08 generate query file: /private/tmp/ruoyi-ab-clean-7ue__gdf/internal/repo/query/product_favorite.gen.go
2026/09/07 22:20:08 generate query file: /private/tmp/ruoyi-ab-clean-7ue__gdf/internal/repo/query/system_notify_message.gen.go
2026/09/07 22:20:08 generate query file: /private/tmp/ruoyi-ab-clean-7ue__gdf/internal/repo/query/system_notify_template.gen.go
2026/09/07 22:20:08 generate query file: /private/tmp/ruoyi-ab-clean-7ue__gdf/internal/repo/query/product_comment.gen.go
2026/09/07 22:20:08 generate query file: /private/tmp/ruoyi-ab-clean-7ue__gdf/internal/repo/query/gen.go
2026/09/07 22:20:08 Generate code done.
go mod verify
all modules verified
go build ./...
go vet ./...
go test ./...
ok  	github.com/wxlbd/ruoyi-mall-go/cmd/bootstrap	1.431s
?   	github.com/wxlbd/ruoyi-mall-go/cmd/gen	[no test files]
?   	github.com/wxlbd/ruoyi-mall-go/cmd/migrate	[no test files]
?   	github.com/wxlbd/ruoyi-mall-go/cmd/schema	[no test files]
?   	github.com/wxlbd/ruoyi-mall-go/cmd/server	[no test files]
?   	github.com/wxlbd/ruoyi-mall-go/internal/api/contract/admin/infra	[no test files]
?   	github.com/wxlbd/ruoyi-mall-go/internal/api/contract/admin/iot	[no test files]
?   	github.com/wxlbd/ruoyi-mall-go/internal/api/contract/admin/mall/product	[no test files]
?   	github.com/wxlbd/ruoyi-mall-go/internal/api/contract/admin/mall/promotion	[no test files]
ok  	github.com/wxlbd/ruoyi-mall-go/internal/api/contract/admin/mall/trade	0.679s
ok  	github.com/wxlbd/ruoyi-mall-go/internal/api/contract/admin/member	1.061s
?   	github.com/wxlbd/ruoyi-mall-go/internal/api/contract/admin/pay	[no test files]
?   	github.com/wxlbd/ruoyi-mall-go/internal/api/contract/admin/system	[no test files]
?   	github.com/wxlbd/ruoyi-mall-go/internal/api/contract/app/mall/product	[no test files]
?   	github.com/wxlbd/ruoyi-mall-go/internal/api/contract/app/mall/promotion	[no test files]
?   	github.com/wxlbd/ruoyi-mall-go/internal/api/contract/app/mall/trade	[no test files]
?   	github.com/wxlbd/ruoyi-mall-go/internal/api/contract/app/pay	[no test files]
?   	github.com/wxlbd/ruoyi-mall-go/internal/api/contract/common	[no test files]
?   	github.com/wxlbd/ruoyi-mall-go/internal/api/handler	[no test files]
?   	github.com/wxlbd/ruoyi-mall-go/internal/api/handler/admin	[no test files]
?   	github.com/wxlbd/ruoyi-mall-go/internal/api/handler/admin/infra	[no test files]
?   	github.com/wxlbd/ruoyi-mall-go/internal/api/handler/admin/iot	[no test files]
?   	github.com/wxlbd/ruoyi-mall-go/internal/api/handler/admin/mall	[no test files]
?   	github.com/wxlbd/ruoyi-mall-go/internal/api/handler/admin/mall/product	[no test files]
?   	github.com/wxlbd/ruoyi-mall-go/internal/api/handler/admin/mall/promotion	[no test files]
?   	github.com/wxlbd/ruoyi-mall-go/internal/api/handler/admin/mall/trade	[no test files]
ok  	github.com/wxlbd/ruoyi-mall-go/internal/api/handler/admin/mall/trade/brokerage	1.595s
?   	github.com/wxlbd/ruoyi-mall-go/internal/api/handler/admin/member	[no test files]
?   	github.com/wxlbd/ruoyi-mall-go/internal/api/handler/admin/pay	[no test files]
?   	github.com/wxlbd/ruoyi-mall-go/internal/api/handler/admin/pay/wallet	[no test files]
ok  	github.com/wxlbd/ruoyi-mall-go/internal/api/handler/admin/statistics	2.535s
ok  	github.com/wxlbd/ruoyi-mall-go/internal/api/handler/admin/system	3.141s
?   	github.com/wxlbd/ruoyi-mall-go/internal/api/handler/app	[no test files]
?   	github.com/wxlbd/ruoyi-mall-go/internal/api/handler/app/mall	[no test files]
?   	github.com/wxlbd/ruoyi-mall-go/internal/api/handler/app/mall/product	[no test files]
?   	github.com/wxlbd/ruoyi-mall-go/internal/api/handler/app/mall/promotion	[no test files]
?   	github.com/wxlbd/ruoyi-mall-go/internal/api/handler/app/mall/trade	[no test files]
?   	github.com/wxlbd/ruoyi-mall-go/internal/api/handler/app/mall/trade/brokerage	[no test files]
?   	github.com/wxlbd/ruoyi-mall-go/internal/api/handler/app/member	[no test files]
ok  	github.com/wxlbd/ruoyi-mall-go/internal/api/handler/app/pay	3.668s
?   	github.com/wxlbd/ruoyi-mall-go/internal/api/handler/app/system	[no test files]
ok  	github.com/wxlbd/ruoyi-mall-go/internal/api/router	4.190s
?   	github.com/wxlbd/ruoyi-mall-go/internal/consts	[no test files]
?   	github.com/wxlbd/ruoyi-mall-go/internal/dto	[no test files]
?   	github.com/wxlbd/ruoyi-mall-go/internal/iot/core	[no test files]
?   	github.com/wxlbd/ruoyi-mall-go/internal/iot/gateway	[no test files]
?   	github.com/wxlbd/ruoyi-mall-go/internal/iot/gateway/codec	[no test files]
ok  	github.com/wxlbd/ruoyi-mall-go/internal/middleware	5.044s
?   	github.com/wxlbd/ruoyi-mall-go/internal/model	[no test files]
?   	github.com/wxlbd/ruoyi-mall-go/internal/model/member	[no test files]
?   	github.com/wxlbd/ruoyi-mall-go/internal/model/pay	[no test files]
?   	github.com/wxlbd/ruoyi-mall-go/internal/model/product	[no test files]
?   	github.com/wxlbd/ruoyi-mall-go/internal/model/promotion	[no test files]
?   	github.com/wxlbd/ruoyi-mall-go/internal/model/trade	[no test files]
?   	github.com/wxlbd/ruoyi-mall-go/internal/model/trade/brokerage	[no test files]
?   	github.com/wxlbd/ruoyi-mall-go/internal/pkg/area	[no test files]
?   	github.com/wxlbd/ruoyi-mall-go/internal/pkg/datascope	[no test files]
ok  	github.com/wxlbd/ruoyi-mall-go/internal/pkg/file	4.653s
ok  	github.com/wxlbd/ruoyi-mall-go/internal/pkg/permission	5.758s
?   	github.com/wxlbd/ruoyi-mall-go/internal/pkg/statistics	[no test files]
?   	github.com/wxlbd/ruoyi-mall-go/internal/pkg/websocket	[no test files]
?   	github.com/wxlbd/ruoyi-mall-go/internal/repo	[no test files]
?   	github.com/wxlbd/ruoyi-mall-go/internal/repo/iot	[no test files]
?   	github.com/wxlbd/ruoyi-mall-go/internal/repo/pay	[no test files]
ok  	github.com/wxlbd/ruoyi-mall-go/internal/repo/product	6.248s
?   	github.com/wxlbd/ruoyi-mall-go/internal/repo/query	[no test files]
?   	github.com/wxlbd/ruoyi-mall-go/internal/repo/trade	[no test files]
ok  	github.com/wxlbd/ruoyi-mall-go/internal/schema	6.307s
ok  	github.com/wxlbd/ruoyi-mall-go/internal/service/infra	6.982s
ok  	github.com/wxlbd/ruoyi-mall-go/internal/service/infra/job	5.984s
?   	github.com/wxlbd/ruoyi-mall-go/internal/service/iot	[no test files]
ok  	github.com/wxlbd/ruoyi-mall-go/internal/service/mall/product	6.687s
?   	github.com/wxlbd/ruoyi-mall-go/internal/service/mall/promotion	[no test files]
ok  	github.com/wxlbd/ruoyi-mall-go/internal/service/mall/promotion/job	5.664s
ok  	github.com/wxlbd/ruoyi-mall-go/internal/service/mall/trade	9.368s
ok  	github.com/wxlbd/ruoyi-mall-go/internal/service/mall/trade/brokerage	4.571s
?   	github.com/wxlbd/ruoyi-mall-go/internal/service/mall/trade/calculators	[no test files]
?   	github.com/wxlbd/ruoyi-mall-go/internal/service/mall/trade/delivery/client	[no test files]
ok  	github.com/wxlbd/ruoyi-mall-go/internal/service/mall/trade/job	4.890s
?   	github.com/wxlbd/ruoyi-mall-go/internal/service/member	[no test files]
ok  	github.com/wxlbd/ruoyi-mall-go/internal/service/pay	4.843s
?   	github.com/wxlbd/ruoyi-mall-go/internal/service/pay/client	[no test files]
?   	github.com/wxlbd/ruoyi-mall-go/internal/service/pay/client/alipay	[no test files]
?   	github.com/wxlbd/ruoyi-mall-go/internal/service/pay/client/weixin	[no test files]
?   	github.com/wxlbd/ruoyi-mall-go/internal/service/pay/job	[no test files]
?   	github.com/wxlbd/ruoyi-mall-go/internal/service/pay/wallet	[no test files]
ok  	github.com/wxlbd/ruoyi-mall-go/internal/service/system	7.113s
?   	github.com/wxlbd/ruoyi-mall-go/internal/service/system/sms/client	[no test files]
?   	github.com/wxlbd/ruoyi-mall-go/internal/service/system/sms/client/aliyun	[no test files]
ok  	github.com/wxlbd/ruoyi-mall-go/internal/service/system/sms/client/debug	4.793s
?   	github.com/wxlbd/ruoyi-mall-go/internal/service/system/sms/client/tencent	[no test files]
?   	github.com/wxlbd/ruoyi-mall-go/internal/service/system/social/client	[no test files]
?   	github.com/wxlbd/ruoyi-mall-go/internal/testutil	[no test files]
ok  	github.com/wxlbd/ruoyi-mall-go/migrations	6.480s
?   	github.com/wxlbd/ruoyi-mall-go/pkg/cache	[no test files]
ok  	github.com/wxlbd/ruoyi-mall-go/pkg/config	5.299s
?   	github.com/wxlbd/ruoyi-mall-go/pkg/context	[no test files]
ok  	github.com/wxlbd/ruoyi-mall-go/pkg/database	4.910s
?   	github.com/wxlbd/ruoyi-mall-go/pkg/errors	[no test files]
?   	github.com/wxlbd/ruoyi-mall-go/pkg/excel	[no test files]
?   	github.com/wxlbd/ruoyi-mall-go/pkg/logger	[no test files]
?   	github.com/wxlbd/ruoyi-mall-go/pkg/pagination	[no test files]
?   	github.com/wxlbd/ruoyi-mall-go/pkg/response	[no test files]
ok  	github.com/wxlbd/ruoyi-mall-go/pkg/types	4.991s
ok  	github.com/wxlbd/ruoyi-mall-go/pkg/utils	4.756s
