2026/09/07 22:16:27 database is at latest migration
2026/09/07 22:16:29 tenant platform read: load RBAC policy
2026/09/07 22:16:29 tenant platform read: load RBAC policy
2026/09/07 22:16:29 tenant platform read: load RBAC policy
2026/09/07 22:16:29 tenant platform read: load RBAC policy
Initializing Router...
GET /ping 200 176.917µs
POST /admin-api/system/auth/login 200 57.861458ms
GET /admin-api/system/auth/get-permission-info 200 4.109542ms
GET /admin-api/product/spu/page 200 3.145167ms
POST /admin-api/product/category/create 200 3.971916ms
POST /admin-api/product/category/create 200 2.62ms
POST /admin-api/product/brand/create 200 2.641875ms
POST /admin-api/product/spu/create 200 3.488ms
GET /admin-api/product/spu/get-detail 200 2.510917ms
POST /app-api/member/auth/login 200 47.735041ms
GET /admin-api/product/spu/page 403 16.125µs
POST /app-api/member/address/create 200 1.381583ms
PUT /app-api/member/address/update 200 907.916µs
GET /app-api/member/address/get 200 532.917µs
GET /app-api/member/address/list 403 13.417µs
POST /app-api/trade/cart/add 200 1.302083ms
GET /app-api/trade/cart/get-count 200 1.329917ms
DELETE /app-api/trade/cart/delete 200 613.25µs
GET /app-api/trade/cart/get-count 200 424.5µs
PUT /admin-api/product/spu/update 200 2.925333ms
GET /admin-api/product/spu/get-detail 200 1.879542ms
GET /admin-api/product/spu/page 403 13.333µs
GET /admin-api/product/spu/page 401 105.834µs
POST /admin-api/system/auth/refresh-token 200 764.833µs
GET /admin-api/system/auth/get-permission-info 401 125.042µs
GET /admin-api/system/auth/get-permission-info 200 2.567917ms
POST /admin-api/system/auth/logout 200 1.332208ms
GET /admin-api/system/auth/get-permission-info 401 110.25µs
