?   	github.com/wxlbd/ruoyi-mall-go/cmd/gen	[no test files]
# github.com/wxlbd/ruoyi-mall-go/pkg/utils
pkg/utils/jwt.go:29:18: config.C.Security undefined (type *config.Config has no field or method Security)
pkg/utils/jwt.go:33:87: config.C.Security undefined (type *config.Config has no field or method Security)
pkg/utils/jwt.go:37:18: config.C.Security undefined (type *config.Config has no field or method Security)
pkg/utils/jwt.go:38:108: config.C.Security undefined (type *config.Config has no field or method Security)
FAIL	github.com/wxlbd/ruoyi-mall-go/cmd/server [build failed]
?   	github.com/wxlbd/ruoyi-mall-go/internal/api/contract/admin/infra	[no test files]
?   	github.com/wxlbd/ruoyi-mall-go/internal/api/contract/admin/iot	[no test files]
?   	github.com/wxlbd/ruoyi-mall-go/internal/api/contract/admin/mall/product	[no test files]
?   	github.com/wxlbd/ruoyi-mall-go/internal/api/contract/admin/mall/promotion	[no test files]
ok  	github.com/wxlbd/ruoyi-mall-go/internal/api/contract/admin/mall/trade	(cached)
?   	github.com/wxlbd/ruoyi-mall-go/internal/api/contract/admin/member	[no test files]
?   	github.com/wxlbd/ruoyi-mall-go/internal/api/contract/admin/pay	[no test files]
?   	github.com/wxlbd/ruoyi-mall-go/internal/api/contract/admin/system	[no test files]
?   	github.com/wxlbd/ruoyi-mall-go/internal/api/contract/app/mall/product	[no test files]
?   	github.com/wxlbd/ruoyi-mall-go/internal/api/contract/app/mall/promotion	[no test files]
?   	github.com/wxlbd/ruoyi-mall-go/internal/api/contract/app/mall/trade	[no test files]
?   	github.com/wxlbd/ruoyi-mall-go/internal/api/contract/app/pay	[no test files]
?   	github.com/wxlbd/ruoyi-mall-go/internal/api/contract/common	[no test files]
FAIL	github.com/wxlbd/ruoyi-mall-go/internal/api/handler [build failed]
FAIL	github.com/wxlbd/ruoyi-mall-go/internal/api/handler/admin [build failed]
FAIL	github.com/wxlbd/ruoyi-mall-go/internal/api/handler/admin/infra [build failed]
?   	github.com/wxlbd/ruoyi-mall-go/internal/api/handler/admin/iot	[no test files]
FAIL	github.com/wxlbd/ruoyi-mall-go/internal/api/handler/admin/mall [build failed]
?   	github.com/wxlbd/ruoyi-mall-go/internal/api/handler/admin/mall/product	[no test files]
FAIL	github.com/wxlbd/ruoyi-mall-go/internal/api/handler/admin/mall/promotion [build failed]
FAIL	github.com/wxlbd/ruoyi-mall-go/internal/api/handler/admin/mall/trade [build failed]
FAIL	github.com/wxlbd/ruoyi-mall-go/internal/api/handler/admin/mall/trade/brokerage [build failed]
FAIL	github.com/wxlbd/ruoyi-mall-go/internal/api/handler/admin/member [build failed]
FAIL	github.com/wxlbd/ruoyi-mall-go/internal/api/handler/admin/pay [build failed]
?   	github.com/wxlbd/ruoyi-mall-go/internal/api/handler/admin/pay/wallet	[no test files]
FAIL	github.com/wxlbd/ruoyi-mall-go/internal/api/handler/admin/statistics [build failed]
FAIL	github.com/wxlbd/ruoyi-mall-go/internal/api/handler/admin/system [build failed]
FAIL	github.com/wxlbd/ruoyi-mall-go/internal/api/handler/app [build failed]
FAIL	github.com/wxlbd/ruoyi-mall-go/internal/api/handler/app/mall [build failed]
FAIL	github.com/wxlbd/ruoyi-mall-go/internal/api/handler/app/mall/product [build failed]
FAIL	github.com/wxlbd/ruoyi-mall-go/internal/api/handler/app/mall/promotion [build failed]
FAIL	github.com/wxlbd/ruoyi-mall-go/internal/api/handler/app/mall/trade [build failed]
FAIL	github.com/wxlbd/ruoyi-mall-go/internal/api/handler/app/mall/trade/brokerage [build failed]
FAIL	github.com/wxlbd/ruoyi-mall-go/internal/api/handler/app/member [build failed]
FAIL	github.com/wxlbd/ruoyi-mall-go/internal/api/handler/app/pay [build failed]
FAIL	github.com/wxlbd/ruoyi-mall-go/internal/api/handler/app/system [build failed]
FAIL	github.com/wxlbd/ruoyi-mall-go/internal/api/router [build failed]
?   	github.com/wxlbd/ruoyi-mall-go/internal/consts	[no test files]
?   	github.com/wxlbd/ruoyi-mall-go/internal/dto	[no test files]
?   	github.com/wxlbd/ruoyi-mall-go/internal/iot/core	[no test files]
?   	github.com/wxlbd/ruoyi-mall-go/internal/iot/gateway	[no test files]
?   	github.com/wxlbd/ruoyi-mall-go/internal/iot/gateway/codec	[no test files]
FAIL	github.com/wxlbd/ruoyi-mall-go/internal/middleware [build failed]
?   	github.com/wxlbd/ruoyi-mall-go/internal/model	[no test files]
?   	github.com/wxlbd/ruoyi-mall-go/internal/model/member	[no test files]
?   	github.com/wxlbd/ruoyi-mall-go/internal/model/pay	[no test files]
?   	github.com/wxlbd/ruoyi-mall-go/internal/model/product	[no test files]
?   	github.com/wxlbd/ruoyi-mall-go/internal/model/promotion	[no test files]
?   	github.com/wxlbd/ruoyi-mall-go/internal/model/trade	[no test files]
?   	github.com/wxlbd/ruoyi-mall-go/internal/model/trade/brokerage	[no test files]
?   	github.com/wxlbd/ruoyi-mall-go/internal/pkg/area	[no test files]
FAIL	github.com/wxlbd/ruoyi-mall-go/internal/pkg/datascope [build failed]
?   	github.com/wxlbd/ruoyi-mall-go/internal/pkg/file	[no test files]
?   	github.com/wxlbd/ruoyi-mall-go/internal/pkg/permission	[no test files]
?   	github.com/wxlbd/ruoyi-mall-go/internal/pkg/statistics	[no test files]
?   	github.com/wxlbd/ruoyi-mall-go/internal/pkg/websocket	[no test files]
?   	github.com/wxlbd/ruoyi-mall-go/internal/repo	[no test files]
?   	github.com/wxlbd/ruoyi-mall-go/internal/repo/iot	[no test files]
?   	github.com/wxlbd/ruoyi-mall-go/internal/repo/pay	[no test files]
?   	github.com/wxlbd/ruoyi-mall-go/internal/repo/product	[no test files]
?   	github.com/wxlbd/ruoyi-mall-go/internal/repo/query	[no test files]
?   	github.com/wxlbd/ruoyi-mall-go/internal/repo/trade	[no test files]
?   	github.com/wxlbd/ruoyi-mall-go/internal/service/infra	[no test files]
ok  	github.com/wxlbd/ruoyi-mall-go/internal/service/infra/job	0.890s
?   	github.com/wxlbd/ruoyi-mall-go/internal/service/iot	[no test files]
ok  	github.com/wxlbd/ruoyi-mall-go/internal/service/mall/product	0.469s
FAIL	github.com/wxlbd/ruoyi-mall-go/internal/service/mall/promotion [build failed]
FAIL	github.com/wxlbd/ruoyi-mall-go/internal/service/mall/promotion/job [build failed]
FAIL	github.com/wxlbd/ruoyi-mall-go/internal/service/mall/trade [build failed]
FAIL	github.com/wxlbd/ruoyi-mall-go/internal/service/mall/trade/brokerage [build failed]
FAIL	github.com/wxlbd/ruoyi-mall-go/internal/service/mall/trade/calculators [build failed]
?   	github.com/wxlbd/ruoyi-mall-go/internal/service/mall/trade/delivery/client	[no test files]
FAIL	github.com/wxlbd/ruoyi-mall-go/internal/service/mall/trade/job [build failed]
FAIL	github.com/wxlbd/ruoyi-mall-go/internal/service/member [build failed]
?   	github.com/wxlbd/ruoyi-mall-go/internal/service/pay	[no test files]
?   	github.com/wxlbd/ruoyi-mall-go/internal/service/pay/client	[no test files]
?   	github.com/wxlbd/ruoyi-mall-go/internal/service/pay/client/alipay	[no test files]
?   	github.com/wxlbd/ruoyi-mall-go/internal/service/pay/client/weixin	[no test files]
?   	github.com/wxlbd/ruoyi-mall-go/internal/service/pay/job	[no test files]
?   	github.com/wxlbd/ruoyi-mall-go/internal/service/pay/wallet	[no test files]
FAIL	github.com/wxlbd/ruoyi-mall-go/internal/service/system [build failed]
?   	github.com/wxlbd/ruoyi-mall-go/internal/service/system/sms/client	[no test files]
?   	github.com/wxlbd/ruoyi-mall-go/internal/service/system/sms/client/aliyun	[no test files]
?   	github.com/wxlbd/ruoyi-mall-go/internal/service/system/sms/client/debug	[no test files]
?   	github.com/wxlbd/ruoyi-mall-go/internal/service/system/sms/client/tencent	[no test files]
FAIL	github.com/wxlbd/ruoyi-mall-go/internal/service/system/social/client [build failed]
?   	github.com/wxlbd/ruoyi-mall-go/pkg/cache	[no test files]
?   	github.com/wxlbd/ruoyi-mall-go/pkg/config	[no test files]
?   	github.com/wxlbd/ruoyi-mall-go/pkg/context	[no test files]
?   	github.com/wxlbd/ruoyi-mall-go/pkg/database	[no test files]
?   	github.com/wxlbd/ruoyi-mall-go/pkg/errors	[no test files]
?   	github.com/wxlbd/ruoyi-mall-go/pkg/excel	[no test files]
?   	github.com/wxlbd/ruoyi-mall-go/pkg/logger	[no test files]
?   	github.com/wxlbd/ruoyi-mall-go/pkg/pagination	[no test files]
?   	github.com/wxlbd/ruoyi-mall-go/pkg/response	[no test files]
ok  	github.com/wxlbd/ruoyi-mall-go/pkg/types	(cached)
FAIL	github.com/wxlbd/ruoyi-mall-go/pkg/utils [build failed]
FAIL
