=== RUN   TestReviewCrossTenantSchedulerMutation
=== RUN   TestReviewCrossTenantSchedulerMutation/delete
    job_regression_test.go:32: A action=delete error=<nil>; B database status=1; B scheduled=false
    job_regression_test.go:33: 
        	Error Trace:	/Users/macmini/Desktop/yudao-mall-uniapp/.work/ruoyi-vue-pro-go/internal/service/infra/job_regression_test.go:33
        	Error:      	map[int64]gocron.Job{} does not contain 9
        	Test:       	TestReviewCrossTenantSchedulerMutation/delete
        	Messages:   	Tenant A must not remove tenant B's live scheduled job
=== RUN   TestReviewCrossTenantSchedulerMutation/stop
    job_regression_test.go:32: A action=stop error=<nil>; B database status=1; B scheduled=false
    job_regression_test.go:33: 
        	Error Trace:	/Users/macmini/Desktop/yudao-mall-uniapp/.work/ruoyi-vue-pro-go/internal/service/infra/job_regression_test.go:33
        	Error:      	map[int64]gocron.Job{} does not contain 9
        	Test:       	TestReviewCrossTenantSchedulerMutation/stop
        	Messages:   	Tenant A must not remove tenant B's live scheduled job
--- FAIL: TestReviewCrossTenantSchedulerMutation (0.47s)
    --- FAIL: TestReviewCrossTenantSchedulerMutation/delete (0.23s)
    --- FAIL: TestReviewCrossTenantSchedulerMutation/stop (0.24s)
=== RUN   TestReviewCreateJobRegistersAfterCommit

2026/09/08 08:57:03 [31;1m/Users/macmini/Desktop/yudao-mall-uniapp/.work/ruoyi-vue-pro-go/internal/service/infra/scheduler.go:206 [35;1mrecord not found
[0m[33m[0.215ms] [34;1m[rows:0][0m SELECT * FROM "infra_job" WHERE "infra_job"."id" = 9 AND "infra_job"."tenant_id" = 1 AND "infra_job"."deleted" = 0 ORDER BY "infra_job"."id" LIMIT 1
    job_regression_test.go:41: 
        	Error Trace:	/Users/macmini/Desktop/yudao-mall-uniapp/.work/ruoyi-vue-pro-go/internal/service/infra/job_regression_test.go:41
        	Error:      	Received unexpected error:
        	            	record not found
        	Test:       	TestReviewCreateJobRegistersAfterCommit
        	Messages:   	valid new job must be visible when registered
--- FAIL: TestReviewCreateJobRegistersAfterCommit (0.21s)
FAIL
FAIL	github.com/wxlbd/ruoyi-mall-go/internal/service/infra	1.737s
=== RUN   TestReviewTenantAdminCannotReadOtherTenantManagement
    tenant_management_test.go:23: ordinary tenant_admin route permission=true; tenant B detail=&{ID:2 Name:B ContactUserID:0 ContactName:private-B-contact ContactMobile:13900000002 Status:0 Websites:[] PackageID:0 ExpireTime:1788832623766 AccountCount:0 CreateTime:2026-09-08 08:57:03.766616 +0800 CST} err=<nil>
    tenant_management_test.go:24: 
        	Error Trace:	/Users/macmini/Desktop/yudao-mall-uniapp/.work/ruoyi-vue-pro-go/internal/service/system/tenant_management_test.go:24
        	Error:      	An error is expected but got nil.
        	Test:       	TestReviewTenantAdminCannotReadOtherTenantManagement
        	Messages:   	ordinary tenant admin must not access another tenant management detail without platform authorization/audit
--- FAIL: TestReviewTenantAdminCannotReadOtherTenantManagement (0.23s)
FAIL
FAIL	github.com/wxlbd/ruoyi-mall-go/internal/service/system	1.852s
FAIL
