=== RUN   TestReviewCrossTenantSchedulerMutation
=== RUN   TestReviewCrossTenantSchedulerMutation/delete
    job_regression_test.go:51: A action=delete error=任务不存在或无权访问; B database status=1; B scheduled=true
=== RUN   TestReviewCrossTenantSchedulerMutation/stop
    job_regression_test.go:51: A action=stop error=任务不存在或无权访问; B database status=1; B scheduled=true
--- PASS: TestReviewCrossTenantSchedulerMutation (0.36s)
    --- PASS: TestReviewCrossTenantSchedulerMutation/delete (0.19s)
    --- PASS: TestReviewCrossTenantSchedulerMutation/stop (0.18s)
=== RUN   TestReviewCreateJobRegistersAfterCommit
--- PASS: TestReviewCreateJobRegistersAfterCommit (0.18s)
=== RUN   TestJobMutationLifecycleAndRecovery

2026/09/08 09:00:31 [31;1m/Users/macmini/Desktop/yudao-mall-uniapp/.work/ruoyi-vue-pro-go/internal/service/infra/scheduler.go:221 [35;1mrecord not found
[0m[33m[0.160ms] [34;1m[rows:0][0m SELECT * FROM "infra_job" WHERE "infra_job"."id" = 10 AND "infra_job"."tenant_id" = 1 AND "infra_job"."tenant_id" = 1 ORDER BY "infra_job"."id" LIMIT 1

2026/09/08 09:00:31 [31;1m/Users/macmini/Desktop/yudao-mall-uniapp/.work/ruoyi-vue-pro-go/internal/service/infra/scheduler.go:249 [35;1mrecord not found
[0m[33m[0.255ms] [34;1m[rows:0][0m SELECT * FROM "infra_job" WHERE "infra_job"."id" = 10 AND "infra_job"."tenant_id" = 1 AND "infra_job"."tenant_id" = 1 AND "infra_job"."deleted" = 0 ORDER BY "infra_job"."id" LIMIT 1

2026/09/08 09:00:31 [31;1m/Users/macmini/Desktop/yudao-mall-uniapp/.work/ruoyi-vue-pro-go/internal/service/infra/infra_job.go:82 [35;1mreview SQL failure
[0m[33m[0.400ms] [34;1m[rows:1][0m UPDATE "infra_job" SET "cron_expression"='0 0 0 * * *',"handler_name"='review-only-probe',"handler_param"='original',"monitor_timeout"=NULL,"name"='must rollback',"retry_count"=0,"retry_interval"=0,"update_time"='2026-09-08 09:00:31.434' WHERE "infra_job"."id" = 9 AND "infra_job"."status" = 1 AND "infra_job"."tenant_id" = 1 AND "infra_job"."deleted" = 0

2026/09/08 09:00:31 [34;1m/Users/macmini/Desktop/yudao-mall-uniapp/.work/ruoyi-vue-pro-go/internal/service/infra/job_regression_test.go:114
[0m[35m[warn] [0mremoving callback `review:fail` from /Users/macmini/Desktop/yudao-mall-uniapp/.work/ruoyi-vue-pro-go/internal/service/infra/job_regression_test.go:114

2026/09/08 09:00:31 [31;1m/Users/macmini/Desktop/yudao-mall-uniapp/.work/ruoyi-vue-pro-go/internal/service/infra/infra_job.go:168 [35;1mreview SQL failure
[0m[33m[0.163ms] [34;1m[rows:1][0m UPDATE "infra_job" SET "deleted"=1 WHERE "infra_job"."id" = 9 AND "infra_job"."tenant_id" = 1 AND "infra_job"."deleted" = 0

2026/09/08 09:00:31 [34;1m/Users/macmini/Desktop/yudao-mall-uniapp/.work/ruoyi-vue-pro-go/internal/service/infra/job_regression_test.go:118
[0m[35m[warn] [0mremoving callback `review:fail` from /Users/macmini/Desktop/yudao-mall-uniapp/.work/ruoyi-vue-pro-go/internal/service/infra/job_regression_test.go:118

2026/09/08 09:00:31 [31;1m/Users/macmini/Desktop/yudao-mall-uniapp/.work/ruoyi-vue-pro-go/internal/service/infra/job_regression_test.go:165 [35;1mrecord not found
[0m[33m[0.139ms] [34;1m[rows:0][0m SELECT * FROM "infra_job" WHERE "infra_job"."id" = 9 AND "infra_job"."tenant_id" = 1 AND "infra_job"."deleted" = 0 ORDER BY "infra_job"."id" LIMIT 1
--- PASS: TestJobMutationLifecycleAndRecovery (0.21s)
=== RUN   TestJobCreateRegistrationFailureCanRecover
--- PASS: TestJobCreateRegistrationFailureCanRecover (0.20s)
=== RUN   TestPostgresJobRestoresPersistedTenant
--- PASS: TestPostgresJobRestoresPersistedTenant (0.21s)
PASS
ok  	github.com/wxlbd/ruoyi-mall-go/internal/service/infra	3.380s
=== RUN   TestPlatformInspectionAndReservedRoleGuards
=== RUN   TestPlatformInspectionAndReservedRoleGuards/reset_platform_password
=== RUN   TestPlatformInspectionAndReservedRoleGuards/create_super_role
=== RUN   TestPlatformInspectionAndReservedRoleGuards/promote_role
=== RUN   TestPlatformInspectionAndReservedRoleGuards/rename_reserved_role
=== RUN   TestPlatformInspectionAndReservedRoleGuards/assign_reserved_role
=== RUN   TestPlatformInspectionAndReservedRoleGuards/reserved_menu
=== RUN   TestPlatformInspectionAndReservedRoleGuards/remove_reserved_binding
=== RUN   TestPlatformInspectionAndReservedRoleGuards/delete_platform_actor
=== RUN   TestPlatformInspectionAndReservedRoleGuards/unsupported_departmental_scope
=== RUN   TestPlatformInspectionAndReservedRoleGuards/create_platform_role
=== RUN   TestPlatformInspectionAndReservedRoleGuards/create_user_role_alternate
=== RUN   TestPlatformInspectionAndReservedRoleGuards/no_default_password
=== RUN   TestPlatformInspectionAndReservedRoleGuards/weak_update_password
=== RUN   TestPlatformInspectionAndReservedRoleGuards/weak_reset_password
=== RUN   TestPlatformInspectionAndReservedRoleGuards/update_user_role_alternate
=== RUN   TestPlatformInspectionAndReservedRoleGuards/take_over_platform_password
--- PASS: TestPlatformInspectionAndReservedRoleGuards (0.23s)
    --- PASS: TestPlatformInspectionAndReservedRoleGuards/reset_platform_password (0.00s)
    --- PASS: TestPlatformInspectionAndReservedRoleGuards/create_super_role (0.00s)
    --- PASS: TestPlatformInspectionAndReservedRoleGuards/promote_role (0.00s)
    --- PASS: TestPlatformInspectionAndReservedRoleGuards/rename_reserved_role (0.00s)
    --- PASS: TestPlatformInspectionAndReservedRoleGuards/assign_reserved_role (0.00s)
    --- PASS: TestPlatformInspectionAndReservedRoleGuards/reserved_menu (0.00s)
    --- PASS: TestPlatformInspectionAndReservedRoleGuards/remove_reserved_binding (0.00s)
    --- PASS: TestPlatformInspectionAndReservedRoleGuards/delete_platform_actor (0.00s)
    --- PASS: TestPlatformInspectionAndReservedRoleGuards/unsupported_departmental_scope (0.00s)
    --- PASS: TestPlatformInspectionAndReservedRoleGuards/create_platform_role (0.00s)
    --- PASS: TestPlatformInspectionAndReservedRoleGuards/create_user_role_alternate (0.00s)
    --- PASS: TestPlatformInspectionAndReservedRoleGuards/no_default_password (0.00s)
    --- PASS: TestPlatformInspectionAndReservedRoleGuards/weak_update_password (0.00s)
    --- PASS: TestPlatformInspectionAndReservedRoleGuards/weak_reset_password (0.00s)
    --- PASS: TestPlatformInspectionAndReservedRoleGuards/update_user_role_alternate (0.00s)
    --- PASS: TestPlatformInspectionAndReservedRoleGuards/take_over_platform_password (0.00s)
=== RUN   TestReviewTenantAdminCannotReadOtherTenantManagement
    tenant_management_test.go:34: ordinary tenant_admin route permission=true; tenant B detail=<nil> err=code: 403, msg: 无权访问该租户管理资料
--- PASS: TestReviewTenantAdminCannotReadOtherTenantManagement (0.22s)
=== RUN   TestTenantManagementOwnScopeAndPublicDiscovery
--- PASS: TestTenantManagementOwnScopeAndPublicDiscovery (0.18s)
PASS
ok  	github.com/wxlbd/ruoyi-mall-go/internal/service/system	3.436s
