=== RUN   TestJWTBoundaries
=== RUN   TestJWTBoundaries/expired
=== RUN   TestJWTBoundaries/expiry_missing
=== RUN   TestJWTBoundaries/wrong_issuer
=== RUN   TestJWTBoundaries/missing_id
=== RUN   TestJWTBoundaries/wrong_algorithm
=== RUN   TestJWTBoundaries/future_issued
--- PASS: TestJWTBoundaries (0.00s)
    --- PASS: TestJWTBoundaries/expired (0.00s)
    --- PASS: TestJWTBoundaries/expiry_missing (0.00s)
    --- PASS: TestJWTBoundaries/wrong_issuer (0.00s)
    --- PASS: TestJWTBoundaries/missing_id (0.00s)
    --- PASS: TestJWTBoundaries/wrong_algorithm (0.00s)
    --- PASS: TestJWTBoundaries/future_issued (0.00s)
PASS
ok  	github.com/wxlbd/ruoyi-mall-go/pkg/utils	1.422s
?   	github.com/wxlbd/ruoyi-mall-go/pkg/context	[no test files]
=== RUN   TestTenantDatabaseBoundaries

2026/09/07 21:46:31 [31;1m/Users/macmini/Desktop/yudao-mall-uniapp/.work/ruoyi-vue-pro-go/pkg/database/tenant_test.go:73 [35;1mrecord not found
[0m[33m[0.257ms] [34;1m[rows:0][0m SELECT * FROM "tenant_fixture" WHERE "tenant_fixture"."id" = 2 AND "tenant_fixture"."tenant_id" = 1 ORDER BY "tenant_fixture"."id" LIMIT 1
=== RUN   TestTenantDatabaseBoundaries/subquery
=== RUN   TestTenantDatabaseBoundaries/cross_insert
=== RUN   TestTenantDatabaseBoundaries/no_context_insert
=== RUN   TestTenantDatabaseBoundaries/save_cross_tenant
=== RUN   TestTenantDatabaseBoundaries/raw_read

2026/09/07 21:46:31 [31;1m/Users/macmini/Desktop/yudao-mall-uniapp/.work/ruoyi-vue-pro-go/pkg/database/tenant_test.go:85 [35;1munscoped SQL, joins, table overrides and tenant mutation are forbidden
[0m[33m[0.029ms] [34;1m[rows:0][0m SELECT * FROM tenant_fixture
=== RUN   TestTenantDatabaseBoundaries/raw_write

2026/09/07 21:46:31 [31;1m/Users/macmini/Desktop/yudao-mall-uniapp/.work/ruoyi-vue-pro-go/pkg/database/tenant_test.go:86 [35;1munscoped SQL, joins, table overrides and tenant mutation are forbidden
[0m[33m[0.001ms] [34;1m[rows:0][0m DELETE FROM tenant_fixture
=== RUN   TestTenantDatabaseBoundaries/table_override
=== RUN   TestTenantDatabaseBoundaries/tenant_mutation
=== RUN   TestTenantDatabaseBoundaries/join
--- PASS: TestTenantDatabaseBoundaries (0.02s)
    --- PASS: TestTenantDatabaseBoundaries/subquery (0.00s)
    --- PASS: TestTenantDatabaseBoundaries/cross_insert (0.00s)
    --- PASS: TestTenantDatabaseBoundaries/no_context_insert (0.00s)
    --- PASS: TestTenantDatabaseBoundaries/save_cross_tenant (0.00s)
    --- PASS: TestTenantDatabaseBoundaries/raw_read (0.00s)
    --- PASS: TestTenantDatabaseBoundaries/raw_write (0.00s)
    --- PASS: TestTenantDatabaseBoundaries/table_override (0.00s)
    --- PASS: TestTenantDatabaseBoundaries/tenant_mutation (0.00s)
    --- PASS: TestTenantDatabaseBoundaries/join (0.00s)
PASS
ok  	github.com/wxlbd/ruoyi-mall-go/pkg/database	1.759s
=== RUN   TestPolicyStartupTenantIsolation
2026/09/07 21:46:37 tenant platform read: load RBAC policy
2026/09/07 21:46:37 tenant platform read: load RBAC policy
2026/09/07 21:46:37 tenant platform read: load RBAC policy
2026/09/07 21:46:37 tenant platform read: load RBAC policy
2026/09/07 21:46:37 tenant platform read: load RBAC policy
--- PASS: TestPolicyStartupTenantIsolation (0.19s)
PASS
ok  	github.com/wxlbd/ruoyi-mall-go/internal/pkg/permission	1.788s
=== RUN   TestAuthenticationBoundaries
=== RUN   TestAuthenticationBoundaries/member
[GIN-debug] [WARNING] Running in "debug" mode. Switch to "release" mode in production.
 - using env:	export GIN_MODE=release
 - using code:	gin.SetMode(gin.ReleaseMode)

[GIN-debug] GET    /app-api/test             --> github.com/wxlbd/ruoyi-mall-go/internal/middleware.TestAuthenticationBoundaries.func3.1 (3 handlers)
=== RUN   TestAuthenticationBoundaries/admin
[GIN-debug] [WARNING] Running in "debug" mode. Switch to "release" mode in production.
 - using env:	export GIN_MODE=release
 - using code:	gin.SetMode(gin.ReleaseMode)

[GIN-debug] GET    /admin-api/test           --> github.com/wxlbd/ruoyi-mall-go/internal/middleware.TestAuthenticationBoundaries.func3.1 (3 handlers)
=== RUN   TestAuthenticationBoundaries/member_in_admin
[GIN-debug] [WARNING] Running in "debug" mode. Switch to "release" mode in production.
 - using env:	export GIN_MODE=release
 - using code:	gin.SetMode(gin.ReleaseMode)

[GIN-debug] GET    /admin-api/test           --> github.com/wxlbd/ruoyi-mall-go/internal/middleware.TestAuthenticationBoundaries.func3.1 (3 handlers)
=== RUN   TestAuthenticationBoundaries/admin_in_member
[GIN-debug] [WARNING] Running in "debug" mode. Switch to "release" mode in production.
 - using env:	export GIN_MODE=release
 - using code:	gin.SetMode(gin.ReleaseMode)

[GIN-debug] GET    /app-api/test             --> github.com/wxlbd/ruoyi-mall-go/internal/middleware.TestAuthenticationBoundaries.func3.1 (3 handlers)
=== RUN   TestAuthenticationBoundaries/tenant_spoof
[GIN-debug] [WARNING] Running in "debug" mode. Switch to "release" mode in production.
 - using env:	export GIN_MODE=release
 - using code:	gin.SetMode(gin.ReleaseMode)

[GIN-debug] GET    /app-api/test             --> github.com/wxlbd/ruoyi-mall-go/internal/middleware.TestAuthenticationBoundaries.func3.1 (3 handlers)
=== RUN   TestAuthenticationBoundaries/visit_spoof
[GIN-debug] [WARNING] Running in "debug" mode. Switch to "release" mode in production.
 - using env:	export GIN_MODE=release
 - using code:	gin.SetMode(gin.ReleaseMode)

[GIN-debug] GET    /app-api/test             --> github.com/wxlbd/ruoyi-mall-go/internal/middleware.TestAuthenticationBoundaries.func3.1 (3 handlers)
=== RUN   TestAuthenticationBoundaries/refresh
[GIN-debug] [WARNING] Running in "debug" mode. Switch to "release" mode in production.
 - using env:	export GIN_MODE=release
 - using code:	gin.SetMode(gin.ReleaseMode)

[GIN-debug] GET    /app-api/test             --> github.com/wxlbd/ruoyi-mall-go/internal/middleware.TestAuthenticationBoundaries.func3.1 (3 handlers)
=== RUN   TestAuthenticationBoundaries/anonymous_optional
[GIN-debug] [WARNING] Running in "debug" mode. Switch to "release" mode in production.
 - using env:	export GIN_MODE=release
 - using code:	gin.SetMode(gin.ReleaseMode)

[GIN-debug] GET    /app-api/test             --> github.com/wxlbd/ruoyi-mall-go/internal/middleware.TestAuthenticationBoundaries.func3.1 (3 handlers)
=== RUN   TestAuthenticationBoundaries/bad_optional
[GIN-debug] [WARNING] Running in "debug" mode. Switch to "release" mode in production.
 - using env:	export GIN_MODE=release
 - using code:	gin.SetMode(gin.ReleaseMode)

[GIN-debug] GET    /app-api/test             --> github.com/wxlbd/ruoyi-mall-go/internal/middleware.TestAuthenticationBoundaries.func3.1 (3 handlers)
=== RUN   TestAuthenticationBoundaries/required_missing
[GIN-debug] [WARNING] Running in "debug" mode. Switch to "release" mode in production.
 - using env:	export GIN_MODE=release
 - using code:	gin.SetMode(gin.ReleaseMode)

[GIN-debug] GET    /app-api/test             --> github.com/wxlbd/ruoyi-mall-go/internal/middleware.TestAuthenticationBoundaries.func3.1 (3 handlers)
[GIN-debug] [WARNING] Running in "debug" mode. Switch to "release" mode in production.
 - using env:	export GIN_MODE=release
 - using code:	gin.SetMode(gin.ReleaseMode)

[GIN-debug] GET    /app-api/test             --> github.com/wxlbd/ruoyi-mall-go/internal/middleware.TestAuthenticationBoundaries.func3.1 (3 handlers)
[GIN-debug] [WARNING] Running in "debug" mode. Switch to "release" mode in production.
 - using env:	export GIN_MODE=release
 - using code:	gin.SetMode(gin.ReleaseMode)

[GIN-debug] GET    /admin-api/test           --> github.com/wxlbd/ruoyi-mall-go/internal/middleware.TestAuthenticationBoundaries.func3.1 (3 handlers)
[GIN-debug] [WARNING] Running in "debug" mode. Switch to "release" mode in production.
 - using env:	export GIN_MODE=release
 - using code:	gin.SetMode(gin.ReleaseMode)

[GIN-debug] GET    /admin-api/test           --> github.com/wxlbd/ruoyi-mall-go/internal/middleware.TestAuthenticationBoundaries.func3.1 (3 handlers)
[GIN-debug] [WARNING] Running in "debug" mode. Switch to "release" mode in production.
 - using env:	export GIN_MODE=release
 - using code:	gin.SetMode(gin.ReleaseMode)

[GIN-debug] GET    /admin-api/test           --> github.com/wxlbd/ruoyi-mall-go/internal/middleware.TestAuthenticationBoundaries.func3.1 (3 handlers)
--- PASS: TestAuthenticationBoundaries (0.01s)
    --- PASS: TestAuthenticationBoundaries/member (0.00s)
    --- PASS: TestAuthenticationBoundaries/admin (0.00s)
    --- PASS: TestAuthenticationBoundaries/member_in_admin (0.00s)
    --- PASS: TestAuthenticationBoundaries/admin_in_member (0.00s)
    --- PASS: TestAuthenticationBoundaries/tenant_spoof (0.00s)
    --- PASS: TestAuthenticationBoundaries/visit_spoof (0.00s)
    --- PASS: TestAuthenticationBoundaries/refresh (0.00s)
    --- PASS: TestAuthenticationBoundaries/anonymous_optional (0.00s)
    --- PASS: TestAuthenticationBoundaries/bad_optional (0.00s)
    --- PASS: TestAuthenticationBoundaries/required_missing (0.00s)
=== RUN   TestTrustedTenantHostBoundary
=== RUN   TestTrustedTenantHostBoundary/a.example.test820001
[GIN-debug] [WARNING] Running in "debug" mode. Switch to "release" mode in production.
 - using env:	export GIN_MODE=release
 - using code:	gin.SetMode(gin.ReleaseMode)

[GIN-debug] GET    /app-api/test             --> github.com/wxlbd/ruoyi-mall-go/internal/middleware.TestTrustedTenantHostBoundary.func1.1 (3 handlers)
=== RUN   TestTrustedTenantHostBoundary/a.example.test
[GIN-debug] [WARNING] Running in "debug" mode. Switch to "release" mode in production.
 - using env:	export GIN_MODE=release
 - using code:	gin.SetMode(gin.ReleaseMode)

[GIN-debug] GET    /app-api/test             --> github.com/wxlbd/ruoyi-mall-go/internal/middleware.TestTrustedTenantHostBoundary.func1.1 (3 handlers)
=== RUN   TestTrustedTenantHostBoundary/a.example.test:443820001
[GIN-debug] [WARNING] Running in "debug" mode. Switch to "release" mode in production.
 - using env:	export GIN_MODE=release
 - using code:	gin.SetMode(gin.ReleaseMode)

[GIN-debug] GET    /app-api/test             --> github.com/wxlbd/ruoyi-mall-go/internal/middleware.TestTrustedTenantHostBoundary.func1.1 (3 handlers)
=== RUN   TestTrustedTenantHostBoundary/a.example.test820002
[GIN-debug] [WARNING] Running in "debug" mode. Switch to "release" mode in production.
 - using env:	export GIN_MODE=release
 - using code:	gin.SetMode(gin.ReleaseMode)

[GIN-debug] GET    /app-api/test             --> github.com/wxlbd/ruoyi-mall-go/internal/middleware.TestTrustedTenantHostBoundary.func1.1 (3 handlers)
=== RUN   TestTrustedTenantHostBoundary/a.example.test820001820002
[GIN-debug] [WARNING] Running in "debug" mode. Switch to "release" mode in production.
 - using env:	export GIN_MODE=release
 - using code:	gin.SetMode(gin.ReleaseMode)

[GIN-debug] GET    /app-api/test             --> github.com/wxlbd/ruoyi-mall-go/internal/middleware.TestTrustedTenantHostBoundary.func1.1 (3 handlers)
=== RUN   TestTrustedTenantHostBoundary/unknown.test820001
[GIN-debug] [WARNING] Running in "debug" mode. Switch to "release" mode in production.
 - using env:	export GIN_MODE=release
 - using code:	gin.SetMode(gin.ReleaseMode)

[GIN-debug] GET    /app-api/test             --> github.com/wxlbd/ruoyi-mall-go/internal/middleware.TestTrustedTenantHostBoundary.func1.1 (3 handlers)
=== RUN   TestTrustedTenantHostBoundary/expired.example.test820003
[GIN-debug] [WARNING] Running in "debug" mode. Switch to "release" mode in production.
 - using env:	export GIN_MODE=release
 - using code:	gin.SetMode(gin.ReleaseMode)

[GIN-debug] GET    /app-api/test             --> github.com/wxlbd/ruoyi-mall-go/internal/middleware.TestTrustedTenantHostBoundary.func1.1 (3 handlers)
=== RUN   TestTrustedTenantHostBoundary/disabled.example.test820004
[GIN-debug] [WARNING] Running in "debug" mode. Switch to "release" mode in production.
 - using env:	export GIN_MODE=release
 - using code:	gin.SetMode(gin.ReleaseMode)

[GIN-debug] GET    /app-api/test             --> github.com/wxlbd/ruoyi-mall-go/internal/middleware.TestTrustedTenantHostBoundary.func1.1 (3 handlers)
--- PASS: TestTrustedTenantHostBoundary (0.16s)
    --- PASS: TestTrustedTenantHostBoundary/a.example.test820001 (0.00s)
    --- PASS: TestTrustedTenantHostBoundary/a.example.test (0.00s)
    --- PASS: TestTrustedTenantHostBoundary/a.example.test:443820001 (0.00s)
    --- PASS: TestTrustedTenantHostBoundary/a.example.test820002 (0.00s)
    --- PASS: TestTrustedTenantHostBoundary/a.example.test820001820002 (0.00s)
    --- PASS: TestTrustedTenantHostBoundary/unknown.test820001 (0.00s)
    --- PASS: TestTrustedTenantHostBoundary/expired.example.test820003 (0.00s)
    --- PASS: TestTrustedTenantHostBoundary/disabled.example.test820004 (0.00s)
=== RUN   TestAuthenticatedDisabledUserRejected
[GIN-debug] [WARNING] Running in "debug" mode. Switch to "release" mode in production.
 - using env:	export GIN_MODE=release
 - using code:	gin.SetMode(gin.ReleaseMode)

[GIN-debug] GET    /admin-api/security       --> github.com/wxlbd/ruoyi-mall-go/internal/middleware.TestAuthenticatedDisabledUserRejected.func3 (4 handlers)
--- PASS: TestAuthenticatedDisabledUserRejected (0.15s)
PASS
ok  	github.com/wxlbd/ruoyi-mall-go/internal/middleware	2.451s
=== RUN   TestOAuthTokenSecurity
--- PASS: TestOAuthTokenSecurity (0.01s)
=== RUN   TestLoginRejectsInvalidCaptchaBeforeDatabase
--- PASS: TestLoginRejectsInvalidCaptchaBeforeDatabase (0.00s)
PASS
ok  	github.com/wxlbd/ruoyi-mall-go/internal/service/system	3.273s
?   	github.com/wxlbd/ruoyi-mall-go/internal/service/member	[no test files]
=== RUN   TestPaymentClientTenantBoundary

2026/09/07 21:46:38 [31;1m/Users/macmini/Desktop/yudao-mall-uniapp/.work/ruoyi-vue-pro-go/internal/service/pay/channel.go:126 [35;1mrecord not found
[0m[33m[0.144ms] [34;1m[rows:0][0m SELECT * FROM "pay_channel" WHERE "pay_channel"."id" = 830001 AND "pay_channel"."tenant_id" = 2 AND "pay_channel"."deleted" = 0 ORDER BY "pay_channel"."id" LIMIT 1
--- PASS: TestPaymentClientTenantBoundary (0.18s)
PASS
ok  	github.com/wxlbd/ruoyi-mall-go/internal/service/pay	2.562s
