# github.com/wxlbd/ruoyi-mall-go/internal/api/handler/app/pay [github.com/wxlbd/ruoyi-mall-go/internal/api/handler/app/pay.test]
internal/api/handler/app/pay/ownership_security_test.go:23:104: cannot use owned.ID (variable of type int64) as *int64 value in struct literal
FAIL	github.com/wxlbd/ruoyi-mall-go/internal/api/handler/app/pay [build failed]
=== RUN   TestPrivateRoutesRejectAnonymous
[GIN-debug] [WARNING] Running in "debug" mode. Switch to "release" mode in production.
 - using env:	export GIN_MODE=release
 - using code:	gin.SetMode(gin.ReleaseMode)

[GIN-debug] GET    /app-api/system/tenant/get-by-website --> github.com/wxlbd/ruoyi-mall-go/internal/api/handler/app/system.(*AppTenantHandler).GetTenantByWebsite-fm (1 handlers)
[GIN-debug] POST   /app-api/member/auth/login --> github.com/wxlbd/ruoyi-mall-go/internal/api/handler/app/member.(*AppAuthHandler).Login-fm (1 handlers)
[GIN-debug] POST   /app-api/member/auth/sms-login --> github.com/wxlbd/ruoyi-mall-go/internal/api/handler/app/member.(*AppAuthHandler).SmsLogin-fm (1 handlers)
[GIN-debug] POST   /app-api/member/auth/social-login --> github.com/wxlbd/ruoyi-mall-go/internal/api/handler/app/member.(*AppAuthHandler).SocialLogin-fm (1 handlers)
[GIN-debug] POST   /app-api/member/auth/send-sms-code --> github.com/wxlbd/ruoyi-mall-go/internal/api/handler/app/member.(*AppAuthHandler).SendSmsCode-fm (1 handlers)
[GIN-debug] POST   /app-api/member/auth/validate-sms-code --> github.com/wxlbd/ruoyi-mall-go/internal/api/handler/app/member.(*AppAuthHandler).ValidateSmsCode-fm (1 handlers)
[GIN-debug] POST   /app-api/member/auth/logout --> github.com/wxlbd/ruoyi-mall-go/internal/api/handler/app/member.(*AppAuthHandler).Logout-fm (1 handlers)
[GIN-debug] POST   /app-api/member/auth/refresh-token --> github.com/wxlbd/ruoyi-mall-go/internal/api/handler/app/member.(*AppAuthHandler).RefreshToken-fm (1 handlers)
[GIN-debug] GET    /app-api/member/auth/social-auth-redirect --> github.com/wxlbd/ruoyi-mall-go/internal/api/handler/app/member.(*AppAuthHandler).SocialAuthRedirect-fm (1 handlers)
[GIN-debug] POST   /app-api/member/auth/weixin-mini-app-login --> github.com/wxlbd/ruoyi-mall-go/internal/api/handler/app/member.(*AppAuthHandler).WeixinMiniAppLogin-fm (1 handlers)
[GIN-debug] POST   /app-api/member/auth/create-weixin-jsapi-signature --> github.com/wxlbd/ruoyi-mall-go/internal/api/handler/app/member.(*AppAuthHandler).CreateWeixinMpJsapiSignature-fm (1 handlers)
[GIN-debug] GET    /app-api/member/user/get  --> github.com/wxlbd/ruoyi-mall-go/internal/api/handler/app/member.(*AppMemberUserHandler).GetUserInfo-fm (2 handlers)
[GIN-debug] PUT    /app-api/member/user/update --> github.com/wxlbd/ruoyi-mall-go/internal/api/handler/app/member.(*AppMemberUserHandler).UpdateUser-fm (2 handlers)
[GIN-debug] PUT    /app-api/member/user/update-mobile --> github.com/wxlbd/ruoyi-mall-go/internal/api/handler/app/member.(*AppMemberUserHandler).UpdateUserMobile-fm (2 handlers)
[GIN-debug] PUT    /app-api/member/user/update-password --> github.com/wxlbd/ruoyi-mall-go/internal/api/handler/app/member.(*AppMemberUserHandler).UpdateUserPassword-fm (2 handlers)
[GIN-debug] PUT    /app-api/member/user/update-mobile-by-weixin --> github.com/wxlbd/ruoyi-mall-go/internal/api/handler/app/member.(*AppMemberUserHandler).UpdateUserMobileByWeixin-fm (2 handlers)
[GIN-debug] PUT    /app-api/member/user/reset-password --> github.com/wxlbd/ruoyi-mall-go/internal/api/handler/app/member.(*AppMemberUserHandler).ResetUserPassword-fm (1 handlers)
[GIN-debug] POST   /app-api/member/address/create --> github.com/wxlbd/ruoyi-mall-go/internal/api/handler/app/member.(*AppMemberAddressHandler).CreateAddress-fm (2 handlers)
[GIN-debug] PUT    /app-api/member/address/update --> github.com/wxlbd/ruoyi-mall-go/internal/api/handler/app/member.(*AppMemberAddressHandler).UpdateAddress-fm (2 handlers)
[GIN-debug] DELETE /app-api/member/address/delete --> github.com/wxlbd/ruoyi-mall-go/internal/api/handler/app/member.(*AppMemberAddressHandler).DeleteAddress-fm (2 handlers)
[GIN-debug] GET    /app-api/member/address/get --> github.com/wxlbd/ruoyi-mall-go/internal/api/handler/app/member.(*AppMemberAddressHandler).GetAddress-fm (2 handlers)
[GIN-debug] GET    /app-api/member/address/get-default --> github.com/wxlbd/ruoyi-mall-go/internal/api/handler/app/member.(*AppMemberAddressHandler).GetDefaultUserAddress-fm (2 handlers)
[GIN-debug] GET    /app-api/member/address/list --> github.com/wxlbd/ruoyi-mall-go/internal/api/handler/app/member.(*AppMemberAddressHandler).GetAddressList-fm (2 handlers)
[GIN-debug] GET    /app-api/member/point/record/page --> github.com/wxlbd/ruoyi-mall-go/internal/api/handler/app/member.(*AppMemberPointRecordHandler).GetPointRecordPage-fm (2 handlers)
[GIN-debug] GET    /app-api/member/sign-in/record/get-summary --> github.com/wxlbd/ruoyi-mall-go/internal/api/handler/app/member.(*AppMemberSignInRecordHandler).GetSignInRecordSummary-fm (2 handlers)
[GIN-debug] POST   /app-api/member/sign-in/record/create --> github.com/wxlbd/ruoyi-mall-go/internal/api/handler/app/member.(*AppMemberSignInRecordHandler).CreateSignInRecord-fm (2 handlers)
[GIN-debug] GET    /app-api/member/sign-in/record/page --> github.com/wxlbd/ruoyi-mall-go/internal/api/handler/app/member.(*AppMemberSignInRecordHandler).GetSignInRecordPage-fm (2 handlers)
[GIN-debug] GET    /app-api/member/sign-in/config/list --> github.com/wxlbd/ruoyi-mall-go/internal/api/handler/app/member.(*AppMemberSignInConfigHandler).GetSignInConfigList-fm (1 handlers)
[GIN-debug] GET    /app-api/member/social-user/get-subscribe-template-list --> github.com/wxlbd/ruoyi-mall-go/internal/api/handler/app/member.(*AppSocialUserHandler).GetSubscribeTemplateList-fm (1 handlers)
[GIN-debug] POST   /app-api/member/social-user/bind --> github.com/wxlbd/ruoyi-mall-go/internal/api/handler/app/member.(*AppSocialUserHandler).Bind-fm (2 handlers)
[GIN-debug] DELETE /app-api/member/social-user/unbind --> github.com/wxlbd/ruoyi-mall-go/internal/api/handler/app/member.(*AppSocialUserHandler).Unbind-fm (2 handlers)
[GIN-debug] GET    /app-api/member/social-user/get --> github.com/wxlbd/ruoyi-mall-go/internal/api/handler/app/member.(*AppSocialUserHandler).Get-fm (2 handlers)
[GIN-debug] POST   /app-api/member/social-user/wxa-qrcode --> github.com/wxlbd/ruoyi-mall-go/internal/api/handler/app/member.(*AppSocialUserHandler).GetWxaQrcode-fm (2 handlers)
[GIN-debug] GET    /app-api/product/category/list --> github.com/wxlbd/ruoyi-mall-go/internal/api/handler/app/mall/product.(*AppCategoryHandler).GetCategoryList-fm (1 handlers)
[GIN-debug] GET    /app-api/product/category/list-by-ids --> github.com/wxlbd/ruoyi-mall-go/internal/api/handler/app/mall/product.(*AppCategoryHandler).GetCategoryListByIds-fm (1 handlers)
[GIN-debug] POST   /app-api/product/favorite/create --> github.com/wxlbd/ruoyi-mall-go/internal/api/handler/app/mall/product.(*AppProductFavoriteHandler).CreateFavorite-fm (2 handlers)
[GIN-debug] DELETE /app-api/product/favorite/delete --> github.com/wxlbd/ruoyi-mall-go/internal/api/handler/app/mall/product.(*AppProductFavoriteHandler).DeleteFavorite-fm (2 handlers)
[GIN-debug] GET    /app-api/product/favorite/page --> github.com/wxlbd/ruoyi-mall-go/internal/api/handler/app/mall/product.(*AppProductFavoriteHandler).GetFavoritePage-fm (2 handlers)
[GIN-debug] GET    /app-api/product/favorite/exits --> github.com/wxlbd/ruoyi-mall-go/internal/api/handler/app/mall/product.(*AppProductFavoriteHandler).IsFavoriteExists-fm (2 handlers)
[GIN-debug] GET    /app-api/product/favorite/get-count --> github.com/wxlbd/ruoyi-mall-go/internal/api/handler/app/mall/product.(*AppProductFavoriteHandler).GetFavoriteCount-fm (2 handlers)
[GIN-debug] DELETE /app-api/product/browse-history/delete --> github.com/wxlbd/ruoyi-mall-go/internal/api/handler/app/mall/product.(*AppProductBrowseHistoryHandler).DeleteBrowseHistory-fm (2 handlers)
[GIN-debug] DELETE /app-api/product/browse-history/clean --> github.com/wxlbd/ruoyi-mall-go/internal/api/handler/app/mall/product.(*AppProductBrowseHistoryHandler).CleanBrowseHistory-fm (2 handlers)
[GIN-debug] GET    /app-api/product/browse-history/page --> github.com/wxlbd/ruoyi-mall-go/internal/api/handler/app/mall/product.(*AppProductBrowseHistoryHandler).GetBrowseHistoryPage-fm (2 handlers)
[GIN-debug] GET    /app-api/product/spu/get-detail --> github.com/wxlbd/ruoyi-mall-go/internal/api/handler/app/mall/product.(*AppProductSpuHandler).GetSpuDetail-fm (2 handlers)
[GIN-debug] GET    /app-api/product/spu/page --> github.com/wxlbd/ruoyi-mall-go/internal/api/handler/app/mall/product.(*AppProductSpuHandler).GetSpuPage-fm (2 handlers)
[GIN-debug] GET    /app-api/product/spu/list-by-ids --> github.com/wxlbd/ruoyi-mall-go/internal/api/handler/app/mall/product.(*AppProductSpuHandler).GetSpuListByIds-fm (2 handlers)
[GIN-debug] GET    /app-api/product/comment/page --> github.com/wxlbd/ruoyi-mall-go/internal/api/handler/app/mall/product.(*AppProductCommentHandler).GetCommentPage-fm (1 handlers)
[GIN-debug] POST   /app-api/product/comment/create --> github.com/wxlbd/ruoyi-mall-go/internal/api/handler/app/mall/product.(*AppProductCommentHandler).CreateComment-fm (2 handlers)
[GIN-debug] POST   /app-api/trade/cart/add   --> github.com/wxlbd/ruoyi-mall-go/internal/api/handler/app/mall/trade.(*AppCartHandler).AddCart-fm (2 handlers)
[GIN-debug] PUT    /app-api/trade/cart/update-count --> github.com/wxlbd/ruoyi-mall-go/internal/api/handler/app/mall/trade.(*AppCartHandler).UpdateCartCount-fm (2 handlers)
[GIN-debug] PUT    /app-api/trade/cart/update-selected --> github.com/wxlbd/ruoyi-mall-go/internal/api/handler/app/mall/trade.(*AppCartHandler).UpdateCartSelected-fm (2 handlers)
[GIN-debug] PUT    /app-api/trade/cart/reset --> github.com/wxlbd/ruoyi-mall-go/internal/api/handler/app/mall/trade.(*AppCartHandler).ResetCart-fm (2 handlers)
[GIN-debug] DELETE /app-api/trade/cart/delete --> github.com/wxlbd/ruoyi-mall-go/internal/api/handler/app/mall/trade.(*AppCartHandler).DeleteCart-fm (2 handlers)
[GIN-debug] GET    /app-api/trade/cart/get-count --> github.com/wxlbd/ruoyi-mall-go/internal/api/handler/app/mall/trade.(*AppCartHandler).GetCartCount-fm (2 handlers)
[GIN-debug] GET    /app-api/trade/cart/list  --> github.com/wxlbd/ruoyi-mall-go/internal/api/handler/app/mall/trade.(*AppCartHandler).GetCartList-fm (2 handlers)
[GIN-debug] GET    /app-api/trade/order/settlement --> github.com/wxlbd/ruoyi-mall-go/internal/api/handler/app/mall/trade.(*AppTradeOrderHandler).SettlementOrder-fm (2 handlers)
[GIN-debug] POST   /app-api/trade/order/create --> github.com/wxlbd/ruoyi-mall-go/internal/api/handler/app/mall/trade.(*AppTradeOrderHandler).CreateOrder-fm (2 handlers)
[GIN-debug] GET    /app-api/trade/order/get-detail --> github.com/wxlbd/ruoyi-mall-go/internal/api/handler/app/mall/trade.(*AppTradeOrderHandler).GetOrderDetail-fm (2 handlers)
[GIN-debug] GET    /app-api/trade/order/item/get --> github.com/wxlbd/ruoyi-mall-go/internal/api/handler/app/mall/trade.(*AppTradeOrderHandler).GetOrderItem-fm (2 handlers)
[GIN-debug] GET    /app-api/trade/order/page --> github.com/wxlbd/ruoyi-mall-go/internal/api/handler/app/mall/trade.(*AppTradeOrderHandler).GetOrderPage-fm (2 handlers)
[GIN-debug] GET    /app-api/trade/order/get-count --> github.com/wxlbd/ruoyi-mall-go/internal/api/handler/app/mall/trade.(*AppTradeOrderHandler).GetOrderCount-fm (2 handlers)
[GIN-debug] PUT    /app-api/trade/order/receive --> github.com/wxlbd/ruoyi-mall-go/internal/api/handler/app/mall/trade.(*AppTradeOrderHandler).ReceiveOrder-fm (2 handlers)
[GIN-debug] DELETE /app-api/trade/order/cancel --> github.com/wxlbd/ruoyi-mall-go/internal/api/handler/app/mall/trade.(*AppTradeOrderHandler).CancelOrder-fm (2 handlers)
[GIN-debug] GET    /app-api/trade/order/get-express-track-list --> github.com/wxlbd/ruoyi-mall-go/internal/api/handler/app/mall/trade.(*AppTradeOrderHandler).GetOrderExpressTrackList-fm (2 handlers)
[GIN-debug] POST   /app-api/trade/after-sale/create --> github.com/wxlbd/ruoyi-mall-go/internal/api/handler/app/mall/trade.(*AppTradeAfterSaleHandler).CreateAfterSale-fm (2 handlers)
[GIN-debug] GET    /app-api/trade/after-sale/page --> github.com/wxlbd/ruoyi-mall-go/internal/api/handler/app/mall/trade.(*AppTradeAfterSaleHandler).GetAfterSalePage-fm (2 handlers)
[GIN-debug] GET    /app-api/trade/after-sale/get --> github.com/wxlbd/ruoyi-mall-go/internal/api/handler/app/mall/trade.(*AppTradeAfterSaleHandler).GetAfterSale-fm (2 handlers)
[GIN-debug] DELETE /app-api/trade/after-sale/cancel --> github.com/wxlbd/ruoyi-mall-go/internal/api/handler/app/mall/trade.(*AppTradeAfterSaleHandler).CancelAfterSale-fm (2 handlers)
[GIN-debug] POST   /app-api/trade/after-sale/delivery --> github.com/wxlbd/ruoyi-mall-go/internal/api/handler/app/mall/trade.(*AppTradeAfterSaleHandler).DeliveryAfterSale-fm (2 handlers)
[GIN-debug] GET    /app-api/trade/brokerage-user/get --> github.com/wxlbd/ruoyi-mall-go/internal/api/handler/app/mall/trade/brokerage.(*AppBrokerageUserHandler).GetBrokerageUser-fm (2 handlers)
[GIN-debug] GET    /app-api/trade/brokerage-user/get-summary --> github.com/wxlbd/ruoyi-mall-go/internal/api/handler/app/mall/trade/brokerage.(*AppBrokerageUserHandler).GetBrokerageUserSummary-fm (2 handlers)
[GIN-debug] GET    /app-api/trade/brokerage-user/child-summary-page --> github.com/wxlbd/ruoyi-mall-go/internal/api/handler/app/mall/trade/brokerage.(*AppBrokerageUserHandler).GetBrokerageUserChildSummaryPage-fm (2 handlers)
[GIN-debug] PUT    /app-api/trade/brokerage-user/bind --> github.com/wxlbd/ruoyi-mall-go/internal/api/handler/app/mall/trade/brokerage.(*AppBrokerageUserHandler).BindBrokerageUser-fm (2 handlers)
[GIN-debug] GET    /app-api/trade/brokerage-record/page --> github.com/wxlbd/ruoyi-mall-go/internal/api/handler/app/mall/trade/brokerage.(*AppBrokerageRecordHandler).GetBrokerageRecordPage-fm (2 handlers)
[GIN-debug] GET    /app-api/trade/brokerage-record/get-product-brokerage-price --> github.com/wxlbd/ruoyi-mall-go/internal/api/handler/app/mall/trade/brokerage.(*AppBrokerageRecordHandler).GetProductBrokeragePrice-fm (2 handlers)
[GIN-debug] GET    /app-api/trade/brokerage-withdraw/page --> github.com/wxlbd/ruoyi-mall-go/internal/api/handler/app/mall/trade/brokerage.(*AppBrokerageWithdrawHandler).GetBrokerageWithdrawPage-fm (2 handlers)
[GIN-debug] GET    /app-api/trade/brokerage-withdraw/get --> github.com/wxlbd/ruoyi-mall-go/internal/api/handler/app/mall/trade/brokerage.(*AppBrokerageWithdrawHandler).GetBrokerageWithdraw-fm (2 handlers)
[GIN-debug] POST   /app-api/trade/brokerage-withdraw/create --> github.com/wxlbd/ruoyi-mall-go/internal/api/handler/app/mall/trade/brokerage.(*AppBrokerageWithdrawHandler).CreateBrokerageWithdraw-fm (2 handlers)
[GIN-debug] POST   /app-api/trade/order/update-paid --> github.com/wxlbd/ruoyi-mall-go/internal/api/handler/app/mall/trade.(*AppTradeOrderHandler).UpdateOrderPaid-fm (2 handlers)
[GIN-debug] GET    /app-api/trade/order/settlement-product --> github.com/wxlbd/ruoyi-mall-go/internal/api/handler/app/mall/trade.(*AppTradeOrderHandler).SettlementProduct-fm (2 handlers)
[GIN-debug] GET    /app-api/trade/config/get --> github.com/wxlbd/ruoyi-mall-go/internal/api/handler/app/mall/trade.(*AppTradeConfigHandler).GetTradeConfig-fm (1 handlers)
[GIN-debug] POST   /app-api/promotion/coupon/take --> github.com/wxlbd/ruoyi-mall-go/internal/api/handler/app/mall/promotion.(*AppCouponHandler).TakeCoupon-fm (2 handlers)
[GIN-debug] GET    /app-api/promotion/coupon/page --> github.com/wxlbd/ruoyi-mall-go/internal/api/handler/app/mall/promotion.(*AppCouponHandler).GetCouponPage-fm (2 handlers)
[GIN-debug] GET    /app-api/promotion/coupon/get --> github.com/wxlbd/ruoyi-mall-go/internal/api/handler/app/mall/promotion.(*AppCouponHandler).GetCoupon-fm (2 handlers)
[GIN-debug] GET    /app-api/promotion/coupon/get-unused-count --> github.com/wxlbd/ruoyi-mall-go/internal/api/handler/app/mall/promotion.(*AppCouponHandler).GetUnusedCouponCount-fm (2 handlers)
[GIN-debug] POST   /app-api/promotion/coupon/match-list --> github.com/wxlbd/ruoyi-mall-go/internal/api/handler/app/mall/promotion.(*AppCouponHandler).GetCouponMatchList-fm (2 handlers)
[GIN-debug] GET    /app-api/promotion/coupon-template/get --> github.com/wxlbd/ruoyi-mall-go/internal/api/handler/app/mall/promotion.(*AppCouponTemplateHandler).GetCouponTemplate-fm (2 handlers)
[GIN-debug] GET    /app-api/promotion/coupon-template/list --> github.com/wxlbd/ruoyi-mall-go/internal/api/handler/app/mall/promotion.(*AppCouponTemplateHandler).GetCouponTemplateList-fm (2 handlers)
[GIN-debug] GET    /app-api/promotion/coupon-template/list-by-ids --> github.com/wxlbd/ruoyi-mall-go/internal/api/handler/app/mall/promotion.(*AppCouponTemplateHandler).GetCouponTemplateListByIds-fm (2 handlers)
[GIN-debug] GET    /app-api/promotion/coupon-template/page --> github.com/wxlbd/ruoyi-mall-go/internal/api/handler/app/mall/promotion.(*AppCouponTemplateHandler).GetCouponTemplatePage-fm (2 handlers)
[GIN-debug] GET    /app-api/promotion/banner/list --> github.com/wxlbd/ruoyi-mall-go/internal/api/handler/app/mall/promotion.(*AppBannerHandler).GetBannerList-fm (1 handlers)
[GIN-debug] GET    /app-api/promotion/reward-activity/get --> github.com/wxlbd/ruoyi-mall-go/internal/api/handler/app/mall/promotion.(*AppRewardActivityHandler).GetRewardActivity-fm (1 handlers)
[GIN-debug] GET    /app-api/promotion/article/list-category --> github.com/wxlbd/ruoyi-mall-go/internal/api/handler/app/mall/promotion.(*AppArticleHandler).GetArticleCategoryList-fm (1 handlers)
[GIN-debug] GET    /app-api/promotion/article/page --> github.com/wxlbd/ruoyi-mall-go/internal/api/handler/app/mall/promotion.(*AppArticleHandler).GetArticlePage-fm (1 handlers)
[GIN-debug] GET    /app-api/promotion/article/get --> github.com/wxlbd/ruoyi-mall-go/internal/api/handler/app/mall/promotion.(*AppArticleHandler).GetArticle-fm (1 handlers)
[GIN-debug] GET    /app-api/promotion/diy-template/used --> github.com/wxlbd/ruoyi-mall-go/internal/api/handler/app/mall/promotion.(*AppDiyTemplateHandler).GetUsedDiyTemplate-fm (1 handlers)
[GIN-debug] GET    /app-api/promotion/diy-template/get --> github.com/wxlbd/ruoyi-mall-go/internal/api/handler/app/mall/promotion.(*AppDiyTemplateHandler).GetDiyTemplate-fm (1 handlers)
[GIN-debug] GET    /app-api/promotion/diy-page/get --> github.com/wxlbd/ruoyi-mall-go/internal/api/handler/app/mall/promotion.(*AppDiyPageHandler).GetDiyPage-fm (1 handlers)
[GIN-debug] POST   /app-api/promotion/kefu-message/send --> github.com/wxlbd/ruoyi-mall-go/internal/api/handler/app/mall/promotion.(*AppKefuHandler).SendMessage-fm (1 handlers)
[GIN-debug] PUT    /app-api/promotion/kefu-message/update-read-status --> github.com/wxlbd/ruoyi-mall-go/internal/api/handler/app/mall/promotion.(*AppKefuHandler).UpdateMessageReadStatus-fm (1 handlers)
[GIN-debug] GET    /app-api/promotion/kefu-message/list --> github.com/wxlbd/ruoyi-mall-go/internal/api/handler/app/mall/promotion.(*AppKefuHandler).GetMessageList-fm (1 handlers)
[GIN-debug] GET    /app-api/promotion/activity/list-by-spu-id --> github.com/wxlbd/ruoyi-mall-go/internal/api/handler/app/mall/promotion.(*AppActivityHandler).GetActivityListBySpuId-fm (1 handlers)
[GIN-debug] GET    /app-api/promotion/combination-activity/list-by-ids --> github.com/wxlbd/ruoyi-mall-go/internal/api/handler/app/mall/promotion.(*AppCombinationActivityHandler).GetCombinationActivityListByIds-fm (1 handlers)
[GIN-debug] GET    /app-api/promotion/combination-activity/get-detail --> github.com/wxlbd/ruoyi-mall-go/internal/api/handler/app/mall/promotion.(*AppCombinationActivityHandler).GetCombinationActivityDetail-fm (1 handlers)
[GIN-debug] GET    /app-api/promotion/combination-activity/page --> github.com/wxlbd/ruoyi-mall-go/internal/api/handler/app/mall/promotion.(*AppCombinationActivityHandler).GetCombinationActivityPage-fm (1 handlers)
[GIN-debug] GET    /app-api/promotion/combination-record/get-summary --> github.com/wxlbd/ruoyi-mall-go/internal/api/handler/app/mall/promotion.(*AppCombinationRecordHandler).GetCombinationRecordSummary-fm (1 handlers)
[GIN-debug] GET    /app-api/promotion/combination-record/get-head-list --> github.com/wxlbd/ruoyi-mall-go/internal/api/handler/app/mall/promotion.(*AppCombinationRecordHandler).GetHeadCombinationRecordList-fm (1 handlers)
[GIN-debug] GET    /app-api/promotion/combination-record/get-detail --> github.com/wxlbd/ruoyi-mall-go/internal/api/handler/app/mall/promotion.(*AppCombinationRecordHandler).GetCombinationRecordDetail-fm (1 handlers)
[GIN-debug] GET    /app-api/promotion/combination-record/page --> github.com/wxlbd/ruoyi-mall-go/internal/api/handler/app/mall/promotion.(*AppCombinationRecordHandler).GetCombinationRecordPage-fm (2 handlers)
[GIN-debug] GET    /app-api/promotion/bargain-activity/list --> github.com/wxlbd/ruoyi-mall-go/internal/api/handler/app/mall/promotion.(*AppBargainActivityHandler).GetBargainActivityList-fm (1 handlers)
[GIN-debug] GET    /app-api/promotion/bargain-activity/page --> github.com/wxlbd/ruoyi-mall-go/internal/api/handler/app/mall/promotion.(*AppBargainActivityHandler).GetBargainActivityPage-fm (1 handlers)
[GIN-debug] GET    /app-api/promotion/bargain-activity/get-detail --> github.com/wxlbd/ruoyi-mall-go/internal/api/handler/app/mall/promotion.(*AppBargainActivityHandler).GetBargainActivityDetail-fm (1 handlers)
[GIN-debug] GET    /app-api/promotion/bargain-record/get-summary --> github.com/wxlbd/ruoyi-mall-go/internal/api/handler/app/mall/promotion.(*AppBargainRecordHandler).GetBargainRecordSummary-fm (1 handlers)
[GIN-debug] GET    /app-api/promotion/bargain-record/get-detail --> github.com/wxlbd/ruoyi-mall-go/internal/api/handler/app/mall/promotion.(*AppBargainRecordHandler).GetBargainRecordDetail-fm (1 handlers)
[GIN-debug] POST   /app-api/promotion/bargain-record/create --> github.com/wxlbd/ruoyi-mall-go/internal/api/handler/app/mall/promotion.(*AppBargainRecordHandler).CreateBargainRecord-fm (2 handlers)
[GIN-debug] GET    /app-api/promotion/bargain-help/list --> github.com/wxlbd/ruoyi-mall-go/internal/api/handler/app/mall/promotion.(*AppBargainHelpHandler).GetBargainHelpList-fm (1 handlers)
[GIN-debug] POST   /app-api/promotion/bargain-help/create --> github.com/wxlbd/ruoyi-mall-go/internal/api/handler/app/mall/promotion.(*AppBargainHelpHandler).CreateBargainHelp-fm (2 handlers)
[GIN-debug] GET    /app-api/promotion/seckill-activity/get-now --> github.com/wxlbd/ruoyi-mall-go/internal/api/handler/app/mall/promotion.(*AppSeckillActivityHandler).GetNowSeckillActivity-fm (1 handlers)
[GIN-debug] GET    /app-api/promotion/seckill-activity/page --> github.com/wxlbd/ruoyi-mall-go/internal/api/handler/app/mall/promotion.(*AppSeckillActivityHandler).GetSeckillActivityPage-fm (1 handlers)
[GIN-debug] GET    /app-api/promotion/seckill-activity/get --> github.com/wxlbd/ruoyi-mall-go/internal/api/handler/app/mall/promotion.(*AppSeckillActivityHandler).GetSeckillActivity-fm (1 handlers)
[GIN-debug] GET    /app-api/promotion/seckill-activity/get-detail --> github.com/wxlbd/ruoyi-mall-go/internal/api/handler/app/mall/promotion.(*AppSeckillActivityHandler).GetSeckillActivityDetail-fm (1 handlers)
[GIN-debug] GET    /app-api/promotion/seckill-activity/list-by-ids --> github.com/wxlbd/ruoyi-mall-go/internal/api/handler/app/mall/promotion.(*AppSeckillActivityHandler).GetSeckillActivityListByIds-fm (1 handlers)
[GIN-debug] GET    /app-api/promotion/seckill-config/list --> github.com/wxlbd/ruoyi-mall-go/internal/api/handler/app/mall/promotion.(*AppSeckillConfigHandler).GetSeckillConfigList-fm (1 handlers)
[GIN-debug] GET    /app-api/promotion/point-activity/page --> github.com/wxlbd/ruoyi-mall-go/internal/api/handler/app/mall/promotion.(*AppPointActivityHandler).GetPointActivityPage-fm (1 handlers)
[GIN-debug] GET    /app-api/promotion/point-activity/get-detail --> github.com/wxlbd/ruoyi-mall-go/internal/api/handler/app/mall/promotion.(*AppPointActivityHandler).GetPointActivity-fm (1 handlers)
[GIN-debug] GET    /app-api/promotion/point-activity/list-by-ids --> github.com/wxlbd/ruoyi-mall-go/internal/api/handler/app/mall/promotion.(*AppPointActivityHandler).GetPointActivityListByIds-fm (1 handlers)
[GIN-debug] GET    /app-api/pay/order/get    --> github.com/wxlbd/ruoyi-mall-go/internal/api/handler/app/pay.(*AppPayOrderHandler).GetOrder-fm (2 handlers)
[GIN-debug] POST   /app-api/pay/order/submit --> github.com/wxlbd/ruoyi-mall-go/internal/api/handler/app/pay.(*AppPayOrderHandler).Submit-fm (2 handlers)
[GIN-debug] GET    /app-api/pay/wallet/get   --> github.com/wxlbd/ruoyi-mall-go/internal/api/handler/app/pay.(*AppPayWalletHandler).GetWallet-fm (2 handlers)
[GIN-debug] GET    /app-api/pay/wallet-transaction/page --> github.com/wxlbd/ruoyi-mall-go/internal/api/handler/app/pay.(*AppPayWalletTransactionHandler).GetWalletTransactionPage-fm (2 handlers)
[GIN-debug] GET    /app-api/pay/wallet-transaction/get-summary --> github.com/wxlbd/ruoyi-mall-go/internal/api/handler/app/pay.(*AppPayWalletTransactionHandler).GetWalletTransactionSummary-fm (2 handlers)
[GIN-debug] POST   /app-api/pay/wallet-recharge/create --> github.com/wxlbd/ruoyi-mall-go/internal/api/handler/app/pay.(*AppPayWalletHandler).CreateRecharge-fm (2 handlers)
[GIN-debug] GET    /app-api/pay/wallet-recharge/page --> github.com/wxlbd/ruoyi-mall-go/internal/api/handler/app/pay.(*AppPayWalletHandler).GetRechargePage-fm (2 handlers)
[GIN-debug] GET    /app-api/pay/wallet-recharge-package/list --> github.com/wxlbd/ruoyi-mall-go/internal/api/handler/app/pay.(*AppPayWalletRechargePackageHandler).GetWalletRechargePackageList-fm (2 handlers)
[GIN-debug] GET    /app-api/pay/channel/get-enable-code-list --> github.com/wxlbd/ruoyi-mall-go/internal/api/handler/app/pay.(*AppPayChannelHandler).GetEnableChannelCodeList-fm (2 handlers)
[GIN-debug] GET    /app-api/pay/transfer/sync --> github.com/wxlbd/ruoyi-mall-go/internal/api/handler/app/pay.(*AppPayTransferHandler).SyncTransfer-fm (2 handlers)
[GIN-debug] POST   /admin-api/system/auth/login --> github.com/wxlbd/ruoyi-mall-go/internal/api/handler/admin/system.(*AuthHandler).Login-fm (1 handlers)
[GIN-debug] POST   /admin-api/system/auth/logout --> github.com/wxlbd/ruoyi-mall-go/internal/api/handler/admin/system.(*AuthHandler).Logout-fm (1 handlers)
[GIN-debug] POST   /admin-api/system/auth/refresh-token --> github.com/wxlbd/ruoyi-mall-go/internal/api/handler/admin/system.(*AuthHandler).RefreshToken-fm (1 handlers)
[GIN-debug] POST   /admin-api/system/auth/sms-login --> github.com/wxlbd/ruoyi-mall-go/internal/api/handler/admin/system.(*AuthHandler).SmsLogin-fm (1 handlers)
[GIN-debug] POST   /admin-api/system/auth/send-sms-code --> github.com/wxlbd/ruoyi-mall-go/internal/api/handler/admin/system.(*AuthHandler).SendSmsCode-fm (1 handlers)
[GIN-debug] POST   /admin-api/system/auth/register --> github.com/wxlbd/ruoyi-mall-go/internal/api/handler/admin/system.(*AuthHandler).Register-fm (1 handlers)
[GIN-debug] POST   /admin-api/system/auth/reset-password --> github.com/wxlbd/ruoyi-mall-go/internal/api/handler/admin/system.(*AuthHandler).ResetPassword-fm (1 handlers)
[GIN-debug] GET    /admin-api/system/auth/social-auth-redirect --> github.com/wxlbd/ruoyi-mall-go/internal/api/handler/admin/system.(*AuthHandler).SocialAuthRedirect-fm (1 handlers)
[GIN-debug] POST   /admin-api/system/auth/social-login --> github.com/wxlbd/ruoyi-mall-go/internal/api/handler/admin/system.(*AuthHandler).SocialLogin-fm (1 handlers)
[GIN-debug] POST   /admin-api/system/captcha/get --> github.com/wxlbd/ruoyi-mall-go/internal/api/handler/admin/system.(*CaptchaHandler).Get-fm (1 handlers)
[GIN-debug] POST   /admin-api/system/captcha/check --> github.com/wxlbd/ruoyi-mall-go/internal/api/handler/admin/system.(*CaptchaHandler).Check-fm (1 handlers)
[GIN-debug] GET    /admin-api/system/tenant/simple-list --> github.com/wxlbd/ruoyi-mall-go/internal/api/handler/admin/system.(*TenantHandler).GetTenantSimpleList-fm (1 handlers)
[GIN-debug] GET    /admin-api/system/tenant/get-by-website --> github.com/wxlbd/ruoyi-mall-go/internal/api/handler/admin/system.(*TenantHandler).GetTenantByWebsite-fm (1 handlers)
[GIN-debug] GET    /admin-api/system/tenant/get-id-by-name --> github.com/wxlbd/ruoyi-mall-go/internal/api/handler/admin/system.(*TenantHandler).GetTenantIdByName-fm (1 handlers)
[GIN-debug] GET    /admin-api/system/dict-type/simple-list --> github.com/wxlbd/ruoyi-mall-go/internal/api/handler/admin/system.(*DictHandler).GetSimpleDictTypeList-fm (1 handlers)
[GIN-debug] GET    /admin-api/system/dict-type/list-all-simple --> github.com/wxlbd/ruoyi-mall-go/internal/api/handler/admin/system.(*DictHandler).GetSimpleDictTypeList-fm (1 handlers)
[GIN-debug] GET    /admin-api/system/dict-data/simple-list --> github.com/wxlbd/ruoyi-mall-go/internal/api/handler/admin/system.(*DictHandler).GetSimpleDictDataList-fm (1 handlers)
[GIN-debug] GET    /admin-api/system/dict-data/list-all-simple --> github.com/wxlbd/ruoyi-mall-go/internal/api/handler/admin/system.(*DictHandler).GetSimpleDictDataList-fm (1 handlers)
[GIN-debug] GET    /admin-api/system/dept/list --> github.com/wxlbd/ruoyi-mall-go/internal/api/handler/admin/system.(*DeptHandler).GetDeptList-fm (2 handlers)
[GIN-debug] GET    /admin-api/system/dept/list-all-simple --> github.com/wxlbd/ruoyi-mall-go/internal/api/handler/admin/system.(*DeptHandler).GetSimpleDeptList-fm (2 handlers)
[GIN-debug] GET    /admin-api/system/dept/simple-list --> github.com/wxlbd/ruoyi-mall-go/internal/api/handler/admin/system.(*DeptHandler).GetSimpleDeptList-fm (2 handlers)
[GIN-debug] GET    /admin-api/system/post/simple-list --> github.com/wxlbd/ruoyi-mall-go/internal/api/handler/admin/system.(*PostHandler).GetSimplePostList-fm (2 handlers)
[GIN-debug] GET    /admin-api/system/user/list-all-simple --> github.com/wxlbd/ruoyi-mall-go/internal/api/handler/admin/system.(*UserHandler).GetSimpleUserList-fm (2 handlers)
[GIN-debug] GET    /admin-api/system/user/simple-list --> github.com/wxlbd/ruoyi-mall-go/internal/api/handler/admin/system.(*UserHandler).GetSimpleUserList-fm (2 handlers)
[GIN-debug] GET    /admin-api/system/role/list-all-simple --> github.com/wxlbd/ruoyi-mall-go/internal/api/handler/admin/system.(*RoleHandler).GetSimpleRoleList-fm (2 handlers)
[GIN-debug] GET    /admin-api/system/role/simple-list --> github.com/wxlbd/ruoyi-mall-go/internal/api/handler/admin/system.(*RoleHandler).GetSimpleRoleList-fm (2 handlers)
[GIN-debug] GET    /admin-api/system/menu/simple-list --> github.com/wxlbd/ruoyi-mall-go/internal/api/handler/admin/system.(*MenuHandler).GetSimpleMenuList-fm (2 handlers)
[GIN-debug] GET    /admin-api/system/sms-channel/simple-list --> github.com/wxlbd/ruoyi-mall-go/internal/api/handler/admin/system.(*SmsChannelHandler).GetSimpleSmsChannelList-fm (2 handlers)
[GIN-debug] GET    /admin-api/system/auth/get-permission-info --> github.com/wxlbd/ruoyi-mall-go/internal/api/handler/admin/system.(*AuthHandler).GetPermissionInfo-fm (2 handlers)
[GIN-debug] POST   /admin-api/system/tenant/create --> github.com/wxlbd/ruoyi-mall-go/internal/api/handler/admin/system.(*TenantHandler).CreateTenant-fm (3 handlers)
[GIN-debug] PUT    /admin-api/system/tenant/update --> github.com/wxlbd/ruoyi-mall-go/internal/api/handler/admin/system.(*TenantHandler).UpdateTenant-fm (3 handlers)
[GIN-debug] DELETE /admin-api/system/tenant/delete --> github.com/wxlbd/ruoyi-mall-go/internal/api/handler/admin/system.(*TenantHandler).DeleteTenant-fm (3 handlers)
[GIN-debug] DELETE /admin-api/system/tenant/delete-list --> github.com/wxlbd/ruoyi-mall-go/internal/api/handler/admin/system.(*TenantHandler).DeleteTenantList-fm (3 handlers)
[GIN-debug] GET    /admin-api/system/tenant/get --> github.com/wxlbd/ruoyi-mall-go/internal/api/handler/admin/system.(*TenantHandler).GetTenant-fm (3 handlers)
[GIN-debug] GET    /admin-api/system/tenant/page --> github.com/wxlbd/ruoyi-mall-go/internal/api/handler/admin/system.(*TenantHandler).GetTenantPage-fm (3 handlers)
[GIN-debug] GET    /admin-api/system/tenant/export-excel --> github.com/wxlbd/ruoyi-mall-go/internal/api/handler/admin/system.(*TenantHandler).ExportTenantExcel-fm (3 handlers)
[GIN-debug] POST   /admin-api/system/tenant-package/create --> github.com/wxlbd/ruoyi-mall-go/internal/api/handler/admin/system.(*TenantPackageHandler).CreateTenantPackage-fm (3 handlers)
[GIN-debug] PUT    /admin-api/system/tenant-package/update --> github.com/wxlbd/ruoyi-mall-go/internal/api/handler/admin/system.(*TenantPackageHandler).UpdateTenantPackage-fm (3 handlers)
[GIN-debug] DELETE /admin-api/system/tenant-package/delete --> github.com/wxlbd/ruoyi-mall-go/internal/api/handler/admin/system.(*TenantPackageHandler).DeleteTenantPackage-fm (3 handlers)
[GIN-debug] DELETE /admin-api/system/tenant-package/delete-list --> github.com/wxlbd/ruoyi-mall-go/internal/api/handler/admin/system.(*TenantPackageHandler).DeleteTenantPackageList-fm (3 handlers)
[GIN-debug] GET    /admin-api/system/tenant-package/get --> github.com/wxlbd/ruoyi-mall-go/internal/api/handler/admin/system.(*TenantPackageHandler).GetTenantPackage-fm (3 handlers)
[GIN-debug] GET    /admin-api/system/tenant-package/page --> github.com/wxlbd/ruoyi-mall-go/internal/api/handler/admin/system.(*TenantPackageHandler).GetTenantPackagePage-fm (3 handlers)
[GIN-debug] GET    /admin-api/system/tenant-package/get-simple-list --> github.com/wxlbd/ruoyi-mall-go/internal/api/handler/admin/system.(*TenantPackageHandler).GetTenantPackageSimpleList-fm (2 handlers)
[GIN-debug] GET    /admin-api/system/tenant-package/simple-list --> github.com/wxlbd/ruoyi-mall-go/internal/api/handler/admin/system.(*TenantPackageHandler).GetTenantPackageSimpleList-fm (2 handlers)
[GIN-debug] GET    /admin-api/system/dict-type/page --> github.com/wxlbd/ruoyi-mall-go/internal/api/handler/admin/system.(*DictHandler).GetDictTypePage-fm (3 handlers)
[GIN-debug] GET    /admin-api/system/dict-type/get --> github.com/wxlbd/ruoyi-mall-go/internal/api/handler/admin/system.(*DictHandler).GetDictType-fm (3 handlers)
[GIN-debug] POST   /admin-api/system/dict-type/create --> github.com/wxlbd/ruoyi-mall-go/internal/api/handler/admin/system.(*DictHandler).CreateDictType-fm (3 handlers)
[GIN-debug] PUT    /admin-api/system/dict-type/update --> github.com/wxlbd/ruoyi-mall-go/internal/api/handler/admin/system.(*DictHandler).UpdateDictType-fm (3 handlers)
[GIN-debug] DELETE /admin-api/system/dict-type/delete --> github.com/wxlbd/ruoyi-mall-go/internal/api/handler/admin/system.(*DictHandler).DeleteDictType-fm (3 handlers)
[GIN-debug] GET    /admin-api/system/dict-type/export-excel --> github.com/wxlbd/ruoyi-mall-go/internal/api/handler/admin/system.(*DictHandler).ExportDictTypeExcel-fm (3 handlers)
[GIN-debug] GET    /admin-api/system/dict-data/page --> github.com/wxlbd/ruoyi-mall-go/internal/api/handler/admin/system.(*DictHandler).GetDictDataPage-fm (3 handlers)
[GIN-debug] GET    /admin-api/system/dict-data/get --> github.com/wxlbd/ruoyi-mall-go/internal/api/handler/admin/system.(*DictHandler).GetDictData-fm (3 handlers)
[GIN-debug] POST   /admin-api/system/dict-data/create --> github.com/wxlbd/ruoyi-mall-go/internal/api/handler/admin/system.(*DictHandler).CreateDictData-fm (3 handlers)
[GIN-debug] PUT    /admin-api/system/dict-data/update --> github.com/wxlbd/ruoyi-mall-go/internal/api/handler/admin/system.(*DictHandler).UpdateDictData-fm (3 handlers)
[GIN-debug] DELETE /admin-api/system/dict-data/delete --> github.com/wxlbd/ruoyi-mall-go/internal/api/handler/admin/system.(*DictHandler).DeleteDictData-fm (3 handlers)
[GIN-debug] GET    /admin-api/system/dept/get --> github.com/wxlbd/ruoyi-mall-go/internal/api/handler/admin/system.(*DeptHandler).GetDept-fm (3 handlers)
[GIN-debug] POST   /admin-api/system/dept/create --> github.com/wxlbd/ruoyi-mall-go/internal/api/handler/admin/system.(*DeptHandler).CreateDept-fm (3 handlers)
[GIN-debug] PUT    /admin-api/system/dept/update --> github.com/wxlbd/ruoyi-mall-go/internal/api/handler/admin/system.(*DeptHandler).UpdateDept-fm (3 handlers)
[GIN-debug] DELETE /admin-api/system/dept/delete --> github.com/wxlbd/ruoyi-mall-go/internal/api/handler/admin/system.(*DeptHandler).DeleteDept-fm (3 handlers)
[GIN-debug] GET    /admin-api/system/post/page --> github.com/wxlbd/ruoyi-mall-go/internal/api/handler/admin/system.(*PostHandler).GetPostPage-fm (3 handlers)
[GIN-debug] GET    /admin-api/system/post/get --> github.com/wxlbd/ruoyi-mall-go/internal/api/handler/admin/system.(*PostHandler).GetPost-fm (3 handlers)
[GIN-debug] POST   /admin-api/system/post/create --> github.com/wxlbd/ruoyi-mall-go/internal/api/handler/admin/system.(*PostHandler).CreatePost-fm (3 handlers)
[GIN-debug] PUT    /admin-api/system/post/update --> github.com/wxlbd/ruoyi-mall-go/internal/api/handler/admin/system.(*PostHandler).UpdatePost-fm (3 handlers)
[GIN-debug] DELETE /admin-api/system/post/delete --> github.com/wxlbd/ruoyi-mall-go/internal/api/handler/admin/system.(*PostHandler).DeletePost-fm (3 handlers)
[GIN-debug] GET    /admin-api/system/user/page --> github.com/wxlbd/ruoyi-mall-go/internal/api/handler/admin/system.(*UserHandler).GetUserPage-fm (3 handlers)
[GIN-debug] GET    /admin-api/system/user/get --> github.com/wxlbd/ruoyi-mall-go/internal/api/handler/admin/system.(*UserHandler).GetUser-fm (3 handlers)
[GIN-debug] POST   /admin-api/system/user/create --> github.com/wxlbd/ruoyi-mall-go/internal/api/handler/admin/system.(*UserHandler).CreateUser-fm (3 handlers)
[GIN-debug] PUT    /admin-api/system/user/update --> github.com/wxlbd/ruoyi-mall-go/internal/api/handler/admin/system.(*UserHandler).UpdateUser-fm (3 handlers)
[GIN-debug] DELETE /admin-api/system/user/delete --> github.com/wxlbd/ruoyi-mall-go/internal/api/handler/admin/system.(*UserHandler).DeleteUser-fm (3 handlers)
[GIN-debug] DELETE /admin-api/system/user/delete-list --> github.com/wxlbd/ruoyi-mall-go/internal/api/handler/admin/system.(*UserHandler).DeleteUserList-fm (3 handlers)
[GIN-debug] PUT    /admin-api/system/user/update-status --> github.com/wxlbd/ruoyi-mall-go/internal/api/handler/admin/system.(*UserHandler).UpdateUserStatus-fm (3 handlers)
[GIN-debug] PUT    /admin-api/system/user/update-password --> github.com/wxlbd/ruoyi-mall-go/internal/api/handler/admin/system.(*UserHandler).UpdateUserPassword-fm (3 handlers)
[GIN-debug] GET    /admin-api/system/user/export --> github.com/wxlbd/ruoyi-mall-go/internal/api/handler/admin/system.(*UserHandler).ExportUser-fm (3 handlers)
[GIN-debug] GET    /admin-api/system/user/get-import-template --> github.com/wxlbd/ruoyi-mall-go/internal/api/handler/admin/system.(*UserHandler).GetImportTemplate-fm (3 handlers)
[GIN-debug] POST   /admin-api/system/user/import --> github.com/wxlbd/ruoyi-mall-go/internal/api/handler/admin/system.(*UserHandler).ImportUser-fm (3 handlers)
[GIN-debug] GET    /admin-api/system/role/page --> github.com/wxlbd/ruoyi-mall-go/internal/api/handler/admin/system.(*RoleHandler).GetRolePage-fm (3 handlers)
[GIN-debug] GET    /admin-api/system/role/get --> github.com/wxlbd/ruoyi-mall-go/internal/api/handler/admin/system.(*RoleHandler).GetRole-fm (3 handlers)
[GIN-debug] POST   /admin-api/system/role/create --> github.com/wxlbd/ruoyi-mall-go/internal/api/handler/admin/system.(*RoleHandler).CreateRole-fm (3 handlers)
[GIN-debug] PUT    /admin-api/system/role/update --> github.com/wxlbd/ruoyi-mall-go/internal/api/handler/admin/system.(*RoleHandler).UpdateRole-fm (3 handlers)
[GIN-debug] PUT    /admin-api/system/role/update-status --> github.com/wxlbd/ruoyi-mall-go/internal/api/handler/admin/system.(*RoleHandler).UpdateRoleStatus-fm (3 handlers)
[GIN-debug] DELETE /admin-api/system/role/delete --> github.com/wxlbd/ruoyi-mall-go/internal/api/handler/admin/system.(*RoleHandler).DeleteRole-fm (3 handlers)
[GIN-debug] GET    /admin-api/system/permission/list-role-menus --> github.com/wxlbd/ruoyi-mall-go/internal/api/handler/admin/system.(*PermissionHandler).GetRoleMenuList-fm (3 handlers)
[GIN-debug] POST   /admin-api/system/permission/assign-role-menu --> github.com/wxlbd/ruoyi-mall-go/internal/api/handler/admin/system.(*PermissionHandler).AssignRoleMenu-fm (3 handlers)
[GIN-debug] POST   /admin-api/system/permission/assign-role-data-scope --> github.com/wxlbd/ruoyi-mall-go/internal/api/handler/admin/system.(*PermissionHandler).AssignRoleDataScope-fm (3 handlers)
[GIN-debug] GET    /admin-api/system/permission/list-user-roles --> github.com/wxlbd/ruoyi-mall-go/internal/api/handler/admin/system.(*PermissionHandler).GetUserRoleList-fm (3 handlers)
[GIN-debug] POST   /admin-api/system/permission/assign-user-role --> github.com/wxlbd/ruoyi-mall-go/internal/api/handler/admin/system.(*PermissionHandler).AssignUserRole-fm (3 handlers)
[GIN-debug] POST   /admin-api/system/menu/create --> github.com/wxlbd/ruoyi-mall-go/internal/api/handler/admin/system.(*MenuHandler).CreateMenu-fm (3 handlers)
[GIN-debug] PUT    /admin-api/system/menu/update --> github.com/wxlbd/ruoyi-mall-go/internal/api/handler/admin/system.(*MenuHandler).UpdateMenu-fm (3 handlers)
[GIN-debug] DELETE /admin-api/system/menu/delete --> github.com/wxlbd/ruoyi-mall-go/internal/api/handler/admin/system.(*MenuHandler).DeleteMenu-fm (3 handlers)
[GIN-debug] GET    /admin-api/system/menu/list --> github.com/wxlbd/ruoyi-mall-go/internal/api/handler/admin/system.(*MenuHandler).GetMenuList-fm (3 handlers)
[GIN-debug] GET    /admin-api/system/menu/get --> github.com/wxlbd/ruoyi-mall-go/internal/api/handler/admin/system.(*MenuHandler).GetMenu-fm (3 handlers)
[GIN-debug] GET    /admin-api/system/notice/page --> github.com/wxlbd/ruoyi-mall-go/internal/api/handler/admin/system.(*NoticeHandler).GetNoticePage-fm (3 handlers)
[GIN-debug] GET    /admin-api/system/notice/get --> github.com/wxlbd/ruoyi-mall-go/internal/api/handler/admin/system.(*NoticeHandler).GetNotice-fm (3 handlers)
[GIN-debug] POST   /admin-api/system/notice/create --> github.com/wxlbd/ruoyi-mall-go/internal/api/handler/admin/system.(*NoticeHandler).CreateNotice-fm (3 handlers)
[GIN-debug] PUT    /admin-api/system/notice/update --> github.com/wxlbd/ruoyi-mall-go/internal/api/handler/admin/system.(*NoticeHandler).UpdateNotice-fm (3 handlers)
[GIN-debug] DELETE /admin-api/system/notice/delete --> github.com/wxlbd/ruoyi-mall-go/internal/api/handler/admin/system.(*NoticeHandler).DeleteNotice-fm (3 handlers)
[GIN-debug] POST   /admin-api/system/notice/push --> github.com/wxlbd/ruoyi-mall-go/internal/api/handler/admin/system.(*NoticeHandler).Push-fm (3 handlers)
[GIN-debug] GET    /admin-api/system/login-log/page --> github.com/wxlbd/ruoyi-mall-go/internal/api/handler/admin/system.(*LoginLogHandler).GetLoginLogPage-fm (3 handlers)
[GIN-debug] GET    /admin-api/system/operate-log/page --> github.com/wxlbd/ruoyi-mall-go/internal/api/handler/admin/system.(*OperateLogHandler).GetOperateLogPage-fm (3 handlers)
[GIN-debug] POST   /admin-api/system/mail-account/create --> github.com/wxlbd/ruoyi-mall-go/internal/api/handler/admin/system.(*MailHandler).CreateMailAccount-fm (3 handlers)
[GIN-debug] PUT    /admin-api/system/mail-account/update --> github.com/wxlbd/ruoyi-mall-go/internal/api/handler/admin/system.(*MailHandler).UpdateMailAccount-fm (3 handlers)
[GIN-debug] DELETE /admin-api/system/mail-account/delete --> github.com/wxlbd/ruoyi-mall-go/internal/api/handler/admin/system.(*MailHandler).DeleteMailAccount-fm (3 handlers)
[GIN-debug] DELETE /admin-api/system/mail-account/delete-list --> github.com/wxlbd/ruoyi-mall-go/internal/api/handler/admin/system.(*MailHandler).DeleteMailAccountList-fm (3 handlers)
[GIN-debug] GET    /admin-api/system/mail-account/get --> github.com/wxlbd/ruoyi-mall-go/internal/api/handler/admin/system.(*MailHandler).GetMailAccount-fm (3 handlers)
[GIN-debug] GET    /admin-api/system/mail-account/page --> github.com/wxlbd/ruoyi-mall-go/internal/api/handler/admin/system.(*MailHandler).GetMailAccountPage-fm (3 handlers)
[GIN-debug] GET    /admin-api/system/mail-account/list-all-simple --> github.com/wxlbd/ruoyi-mall-go/internal/api/handler/admin/system.(*MailHandler).GetSimpleMailAccountList-fm (2 handlers)
[GIN-debug] GET    /admin-api/system/mail-account/simple-list --> github.com/wxlbd/ruoyi-mall-go/internal/api/handler/admin/system.(*MailHandler).GetSimpleMailAccountList-fm (2 handlers)
[GIN-debug] POST   /admin-api/system/mail-template/create --> github.com/wxlbd/ruoyi-mall-go/internal/api/handler/admin/system.(*MailHandler).CreateMailTemplate-fm (3 handlers)
[GIN-debug] PUT    /admin-api/system/mail-template/update --> github.com/wxlbd/ruoyi-mall-go/internal/api/handler/admin/system.(*MailHandler).UpdateMailTemplate-fm (3 handlers)
[GIN-debug] DELETE /admin-api/system/mail-template/delete --> github.com/wxlbd/ruoyi-mall-go/internal/api/handler/admin/system.(*MailHandler).DeleteMailTemplate-fm (3 handlers)
[GIN-debug] DELETE /admin-api/system/mail-template/delete-list --> github.com/wxlbd/ruoyi-mall-go/internal/api/handler/admin/system.(*MailHandler).DeleteMailTemplateList-fm (3 handlers)
[GIN-debug] GET    /admin-api/system/mail-template/get --> github.com/wxlbd/ruoyi-mall-go/internal/api/handler/admin/system.(*MailHandler).GetMailTemplate-fm (3 handlers)
[GIN-debug] GET    /admin-api/system/mail-template/page --> github.com/wxlbd/ruoyi-mall-go/internal/api/handler/admin/system.(*MailHandler).GetMailTemplatePage-fm (3 handlers)
[GIN-debug] GET    /admin-api/system/mail-template/list-all-simple --> github.com/wxlbd/ruoyi-mall-go/internal/api/handler/admin/system.(*MailHandler).GetSimpleMailTemplateList-fm (2 handlers)
[GIN-debug] GET    /admin-api/system/mail-template/simple-list --> github.com/wxlbd/ruoyi-mall-go/internal/api/handler/admin/system.(*MailHandler).GetSimpleMailTemplateList-fm (2 handlers)
[GIN-debug] POST   /admin-api/system/mail-template/send-mail --> github.com/wxlbd/ruoyi-mall-go/internal/api/handler/admin/system.(*MailHandler).SendMail-fm (3 handlers)
[GIN-debug] GET    /admin-api/system/mail-log/page --> github.com/wxlbd/ruoyi-mall-go/internal/api/handler/admin/system.(*MailHandler).GetMailLogPage-fm (3 handlers)
[GIN-debug] GET    /admin-api/system/mail-log/get --> github.com/wxlbd/ruoyi-mall-go/internal/api/handler/admin/system.(*MailHandler).GetMailLog-fm (3 handlers)
[GIN-debug] POST   /admin-api/system/notify-template/create --> github.com/wxlbd/ruoyi-mall-go/internal/api/handler/admin/system.(*NotifyHandler).CreateNotifyTemplate-fm (3 handlers)
[GIN-debug] PUT    /admin-api/system/notify-template/update --> github.com/wxlbd/ruoyi-mall-go/internal/api/handler/admin/system.(*NotifyHandler).UpdateNotifyTemplate-fm (3 handlers)
[GIN-debug] DELETE /admin-api/system/notify-template/delete --> github.com/wxlbd/ruoyi-mall-go/internal/api/handler/admin/system.(*NotifyHandler).DeleteNotifyTemplate-fm (3 handlers)
[GIN-debug] GET    /admin-api/system/notify-template/get --> github.com/wxlbd/ruoyi-mall-go/internal/api/handler/admin/system.(*NotifyHandler).GetNotifyTemplate-fm (3 handlers)
[GIN-debug] GET    /admin-api/system/notify-template/page --> github.com/wxlbd/ruoyi-mall-go/internal/api/handler/admin/system.(*NotifyHandler).GetNotifyTemplatePage-fm (3 handlers)
[GIN-debug] POST   /admin-api/system/notify-template/send-notify --> github.com/wxlbd/ruoyi-mall-go/internal/api/handler/admin/system.(*NotifyHandler).SendNotify-fm (3 handlers)
[GIN-debug] GET    /admin-api/system/notify-message/page --> github.com/wxlbd/ruoyi-mall-go/internal/api/handler/admin/system.(*NotifyHandler).GetNotifyMessagePage-fm (3 handlers)
[GIN-debug] GET    /admin-api/system/notify-message/get --> github.com/wxlbd/ruoyi-mall-go/internal/api/handler/admin/system.(*NotifyHandler).GetNotifyMessage-fm (3 handlers)
[GIN-debug] GET    /admin-api/system/notify-message/get-unread-list --> github.com/wxlbd/ruoyi-mall-go/internal/api/handler/admin/system.(*NotifyHandler).GetUnreadNotifyMessageList-fm (3 handlers)
[GIN-debug] GET    /admin-api/system/notify-message/get-unread-count --> github.com/wxlbd/ruoyi-mall-go/internal/api/handler/admin/system.(*NotifyHandler).GetUnreadNotifyMessageCount-fm (3 handlers)
[GIN-debug] PUT    /admin-api/system/notify-message/update-read --> github.com/wxlbd/ruoyi-mall-go/internal/api/handler/admin/system.(*NotifyHandler).UpdateNotifyMessageRead-fm (3 handlers)
[GIN-debug] PUT    /admin-api/system/notify-message/update-all-read --> github.com/wxlbd/ruoyi-mall-go/internal/api/handler/admin/system.(*NotifyHandler).UpdateAllNotifyMessageRead-fm (3 handlers)
[GIN-debug] POST   /admin-api/system/oauth2-client/create --> github.com/wxlbd/ruoyi-mall-go/internal/api/handler/admin/system.(*OAuth2ClientHandler).CreateOAuth2Client-fm (3 handlers)
[GIN-debug] PUT    /admin-api/system/oauth2-client/update --> github.com/wxlbd/ruoyi-mall-go/internal/api/handler/admin/system.(*OAuth2ClientHandler).UpdateOAuth2Client-fm (3 handlers)
[GIN-debug] DELETE /admin-api/system/oauth2-client/delete --> github.com/wxlbd/ruoyi-mall-go/internal/api/handler/admin/system.(*OAuth2ClientHandler).DeleteOAuth2Client-fm (3 handlers)
[GIN-debug] GET    /admin-api/system/oauth2-client/get --> github.com/wxlbd/ruoyi-mall-go/internal/api/handler/admin/system.(*OAuth2ClientHandler).GetOAuth2Client-fm (3 handlers)
[GIN-debug] GET    /admin-api/system/oauth2-client/page --> github.com/wxlbd/ruoyi-mall-go/internal/api/handler/admin/system.(*OAuth2ClientHandler).GetOAuth2ClientPage-fm (3 handlers)
[GIN-debug] POST   /admin-api/system/social-client/create --> github.com/wxlbd/ruoyi-mall-go/internal/api/handler/admin/system.(*SocialClientHandler).CreateSocialClient-fm (3 handlers)
[GIN-debug] PUT    /admin-api/system/social-client/update --> github.com/wxlbd/ruoyi-mall-go/internal/api/handler/admin/system.(*SocialClientHandler).UpdateSocialClient-fm (3 handlers)
[GIN-debug] DELETE /admin-api/system/social-client/delete --> github.com/wxlbd/ruoyi-mall-go/internal/api/handler/admin/system.(*SocialClientHandler).DeleteSocialClient-fm (3 handlers)
[GIN-debug] GET    /admin-api/system/social-client/get --> github.com/wxlbd/ruoyi-mall-go/internal/api/handler/admin/system.(*SocialClientHandler).GetSocialClient-fm (3 handlers)
[GIN-debug] GET    /admin-api/system/social-client/page --> github.com/wxlbd/ruoyi-mall-go/internal/api/handler/admin/system.(*SocialClientHandler).GetSocialClientPage-fm (3 handlers)
[GIN-debug] GET    /admin-api/system/social-user/get --> github.com/wxlbd/ruoyi-mall-go/internal/api/handler/admin/system.(*SocialUserHandler).GetSocialUser-fm (3 handlers)
[GIN-debug] GET    /admin-api/system/social-user/page --> github.com/wxlbd/ruoyi-mall-go/internal/api/handler/admin/system.(*SocialUserHandler).GetSocialUserPage-fm (3 handlers)
[GIN-debug] POST   /admin-api/system/social-user/bind --> github.com/wxlbd/ruoyi-mall-go/internal/api/handler/admin/system.(*SocialUserHandler).BindSocialUser-fm (2 handlers)
[GIN-debug] DELETE /admin-api/system/social-user/unbind --> github.com/wxlbd/ruoyi-mall-go/internal/api/handler/admin/system.(*SocialUserHandler).UnbindSocialUser-fm (2 handlers)
[GIN-debug] GET    /admin-api/system/social-user/list --> github.com/wxlbd/ruoyi-mall-go/internal/api/handler/admin/system.(*SocialUserHandler).GetSocialUserList-fm (2 handlers)
[GIN-debug] GET    /admin-api/system/sms-channel/get --> github.com/wxlbd/ruoyi-mall-go/internal/api/handler/admin/system.(*SmsChannelHandler).GetSmsChannel-fm (3 handlers)
[GIN-debug] POST   /admin-api/system/sms-channel/create --> github.com/wxlbd/ruoyi-mall-go/internal/api/handler/admin/system.(*SmsChannelHandler).CreateSmsChannel-fm (3 handlers)
[GIN-debug] PUT    /admin-api/system/sms-channel/update --> github.com/wxlbd/ruoyi-mall-go/internal/api/handler/admin/system.(*SmsChannelHandler).UpdateSmsChannel-fm (3 handlers)
[GIN-debug] DELETE /admin-api/system/sms-channel/delete --> github.com/wxlbd/ruoyi-mall-go/internal/api/handler/admin/system.(*SmsChannelHandler).DeleteSmsChannel-fm (3 handlers)
[GIN-debug] GET    /admin-api/system/sms-channel/page --> github.com/wxlbd/ruoyi-mall-go/internal/api/handler/admin/system.(*SmsChannelHandler).GetSmsChannelPage-fm (3 handlers)
[GIN-debug] GET    /admin-api/system/sms-template/get --> github.com/wxlbd/ruoyi-mall-go/internal/api/handler/admin/system.(*SmsTemplateHandler).GetSmsTemplate-fm (3 handlers)
[GIN-debug] POST   /admin-api/system/sms-template/create --> github.com/wxlbd/ruoyi-mall-go/internal/api/handler/admin/system.(*SmsTemplateHandler).CreateSmsTemplate-fm (3 handlers)
[GIN-debug] PUT    /admin-api/system/sms-template/update --> github.com/wxlbd/ruoyi-mall-go/internal/api/handler/admin/system.(*SmsTemplateHandler).UpdateSmsTemplate-fm (3 handlers)
[GIN-debug] DELETE /admin-api/system/sms-template/delete --> github.com/wxlbd/ruoyi-mall-go/internal/api/handler/admin/system.(*SmsTemplateHandler).DeleteSmsTemplate-fm (3 handlers)
[GIN-debug] GET    /admin-api/system/sms-template/page --> github.com/wxlbd/ruoyi-mall-go/internal/api/handler/admin/system.(*SmsTemplateHandler).GetSmsTemplatePage-fm (3 handlers)
[GIN-debug] GET    /admin-api/system/sms-template/export-excel --> github.com/wxlbd/ruoyi-mall-go/internal/api/handler/admin/system.(*SmsTemplateHandler).ExportSmsTemplateExcel-fm (3 handlers)
[GIN-debug] POST   /admin-api/system/sms-template/send-sms --> github.com/wxlbd/ruoyi-mall-go/internal/api/handler/admin/system.(*SmsTemplateHandler).SendSms-fm (3 handlers)
[GIN-debug] GET    /admin-api/system/sms-log/page --> github.com/wxlbd/ruoyi-mall-go/internal/api/handler/admin/system.(*SmsLogHandler).GetSmsLogPage-fm (3 handlers)
[GIN-debug] GET    /admin-api/system/sms-log/export-excel --> github.com/wxlbd/ruoyi-mall-go/internal/api/handler/admin/system.(*SmsLogHandler).ExportSmsLogExcel-fm (3 handlers)
[GIN-debug] POST   /admin-api/system/file/upload --> github.com/wxlbd/ruoyi-mall-go/internal/api/handler/admin/infra.(*FileHandler).UploadFile-fm (2 handlers)
[GIN-debug] GET    /admin-api/system/config/get --> github.com/wxlbd/ruoyi-mall-go/internal/api/handler/admin/infra.(*ConfigHandler).GetConfig-fm (3 handlers)
[GIN-debug] GET    /admin-api/system/config/get-value-by-key --> github.com/wxlbd/ruoyi-mall-go/internal/api/handler/admin/infra.(*ConfigHandler).GetConfigKey-fm (2 handlers)
[GIN-debug] POST   /admin-api/system/config/create --> github.com/wxlbd/ruoyi-mall-go/internal/api/handler/admin/infra.(*ConfigHandler).CreateConfig-fm (3 handlers)
[GIN-debug] PUT    /admin-api/system/config/update --> github.com/wxlbd/ruoyi-mall-go/internal/api/handler/admin/infra.(*ConfigHandler).UpdateConfig-fm (3 handlers)
[GIN-debug] DELETE /admin-api/system/config/delete --> github.com/wxlbd/ruoyi-mall-go/internal/api/handler/admin/infra.(*ConfigHandler).DeleteConfig-fm (3 handlers)
[GIN-debug] DELETE /admin-api/system/config/delete-list --> github.com/wxlbd/ruoyi-mall-go/internal/api/handler/admin/infra.(*ConfigHandler).DeleteConfigList-fm (3 handlers)
[GIN-debug] GET    /admin-api/system/config/page --> github.com/wxlbd/ruoyi-mall-go/internal/api/handler/admin/infra.(*ConfigHandler).GetConfigPage-fm (3 handlers)
[GIN-debug] GET    /admin-api/system/config/export-excel --> github.com/wxlbd/ruoyi-mall-go/internal/api/handler/admin/infra.(*ConfigHandler).ExportConfigExcel-fm (3 handlers)
[GIN-debug] GET    /admin-api/infra/file/:configId/get/*path --> github.com/wxlbd/ruoyi-mall-go/internal/api/handler/admin/infra.(*FileHandler).GetFileContent-fm (1 handlers)
[GIN-debug] GET    /admin-api/infra/ws       --> github.com/wxlbd/ruoyi-mall-go/internal/api/handler/admin/infra.(*WebSocketHandler).Handle-fm (2 handlers)
[GIN-debug] POST   /admin-api/infra/file-config/create --> github.com/wxlbd/ruoyi-mall-go/internal/api/handler/admin/infra.(*FileConfigHandler).CreateFileConfig-fm (3 handlers)
[GIN-debug] PUT    /admin-api/infra/file-config/update --> github.com/wxlbd/ruoyi-mall-go/internal/api/handler/admin/infra.(*FileConfigHandler).UpdateFileConfig-fm (3 handlers)
[GIN-debug] PUT    /admin-api/infra/file-config/update-master --> github.com/wxlbd/ruoyi-mall-go/internal/api/handler/admin/infra.(*FileConfigHandler).UpdateFileConfigMaster-fm (3 handlers)
[GIN-debug] DELETE /admin-api/infra/file-config/delete --> github.com/wxlbd/ruoyi-mall-go/internal/api/handler/admin/infra.(*FileConfigHandler).DeleteFileConfig-fm (3 handlers)
[GIN-debug] DELETE /admin-api/infra/file-config/delete-list --> github.com/wxlbd/ruoyi-mall-go/internal/api/handler/admin/infra.(*FileConfigHandler).DeleteFileConfigList-fm (3 handlers)
[GIN-debug] GET    /admin-api/infra/file-config/page --> github.com/wxlbd/ruoyi-mall-go/internal/api/handler/admin/infra.(*FileConfigHandler).GetFileConfigPage-fm (3 handlers)
[GIN-debug] GET    /admin-api/infra/file-config/get --> github.com/wxlbd/ruoyi-mall-go/internal/api/handler/admin/infra.(*FileConfigHandler).GetFileConfig-fm (3 handlers)
[GIN-debug] GET    /admin-api/infra/file-config/test --> github.com/wxlbd/ruoyi-mall-go/internal/api/handler/admin/infra.(*FileConfigHandler).TestFileConfig-fm (3 handlers)
[GIN-debug] POST   /admin-api/infra/file/upload --> github.com/wxlbd/ruoyi-mall-go/internal/api/handler/admin/infra.(*FileHandler).UploadFile-fm (2 handlers)
[GIN-debug] GET    /admin-api/infra/file/get --> github.com/wxlbd/ruoyi-mall-go/internal/api/handler/admin/infra.(*FileHandler).GetFile-fm (3 handlers)
[GIN-debug] DELETE /admin-api/infra/file/delete --> github.com/wxlbd/ruoyi-mall-go/internal/api/handler/admin/infra.(*FileHandler).DeleteFile-fm (3 handlers)
[GIN-debug] DELETE /admin-api/infra/file/delete-list --> github.com/wxlbd/ruoyi-mall-go/internal/api/handler/admin/infra.(*FileHandler).DeleteFileList-fm (3 handlers)
[GIN-debug] GET    /admin-api/infra/file/page --> github.com/wxlbd/ruoyi-mall-go/internal/api/handler/admin/infra.(*FileHandler).GetFilePage-fm (3 handlers)
[GIN-debug] GET    /admin-api/infra/file/presigned-url --> github.com/wxlbd/ruoyi-mall-go/internal/api/handler/admin/infra.(*FileHandler).GetFilePresignedUrl-fm (3 handlers)
[GIN-debug] POST   /admin-api/infra/file/create --> github.com/wxlbd/ruoyi-mall-go/internal/api/handler/admin/infra.(*FileHandler).CreateFile-fm (3 handlers)
[GIN-debug] GET    /admin-api/infra/file/{config_id}/*path --> github.com/wxlbd/ruoyi-mall-go/internal/api/handler/admin/infra.(*FileHandler).GetFileContent-fm (2 handlers)
[GIN-debug] POST   /admin-api/infra/job/create --> github.com/wxlbd/ruoyi-mall-go/internal/api/handler/admin/infra.(*JobHandler).CreateJob-fm (3 handlers)
[GIN-debug] PUT    /admin-api/infra/job/update --> github.com/wxlbd/ruoyi-mall-go/internal/api/handler/admin/infra.(*JobHandler).UpdateJob-fm (3 handlers)
[GIN-debug] PUT    /admin-api/infra/job/update-status --> github.com/wxlbd/ruoyi-mall-go/internal/api/handler/admin/infra.(*JobHandler).UpdateJobStatus-fm (3 handlers)
[GIN-debug] DELETE /admin-api/infra/job/delete --> github.com/wxlbd/ruoyi-mall-go/internal/api/handler/admin/infra.(*JobHandler).DeleteJob-fm (3 handlers)
[GIN-debug] DELETE /admin-api/infra/job/delete-list --> github.com/wxlbd/ruoyi-mall-go/internal/api/handler/admin/infra.(*JobHandler).DeleteJobList-fm (3 handlers)
[GIN-debug] GET    /admin-api/infra/job/get  --> github.com/wxlbd/ruoyi-mall-go/internal/api/handler/admin/infra.(*JobHandler).GetJob-fm (3 handlers)
[GIN-debug] GET    /admin-api/infra/job/page --> github.com/wxlbd/ruoyi-mall-go/internal/api/handler/admin/infra.(*JobHandler).GetJobPage-fm (3 handlers)
[GIN-debug] PUT    /admin-api/infra/job/trigger --> github.com/wxlbd/ruoyi-mall-go/internal/api/handler/admin/infra.(*JobHandler).TriggerJob-fm (3 handlers)
[GIN-debug] POST   /admin-api/infra/job/sync --> github.com/wxlbd/ruoyi-mall-go/internal/api/handler/admin/infra.(*JobHandler).SyncJob-fm (3 handlers)
[GIN-debug] GET    /admin-api/infra/job/export-excel --> github.com/wxlbd/ruoyi-mall-go/internal/api/handler/admin/infra.(*JobHandler).ExportJobExcel-fm (3 handlers)
[GIN-debug] GET    /admin-api/infra/job/get_next_times --> github.com/wxlbd/ruoyi-mall-go/internal/api/handler/admin/infra.(*JobHandler).GetJobNextTimes-fm (3 handlers)
[GIN-debug] GET    /admin-api/infra/job-log/get --> github.com/wxlbd/ruoyi-mall-go/internal/api/handler/admin/infra.(*JobLogHandler).GetJobLog-fm (3 handlers)
[GIN-debug] GET    /admin-api/infra/job-log/page --> github.com/wxlbd/ruoyi-mall-go/internal/api/handler/admin/infra.(*JobLogHandler).GetJobLogPage-fm (3 handlers)
[GIN-debug] GET    /admin-api/infra/job-log/export-excel --> github.com/wxlbd/ruoyi-mall-go/internal/api/handler/admin/infra.(*JobLogHandler).ExportJobLogExcel-fm (3 handlers)
[GIN-debug] GET    /admin-api/infra/api-access-log/get --> github.com/wxlbd/ruoyi-mall-go/internal/api/handler/admin/infra.(*ApiAccessLogHandler).GetApiAccessLog-fm (3 handlers)
[GIN-debug] GET    /admin-api/infra/api-access-log/page --> github.com/wxlbd/ruoyi-mall-go/internal/api/handler/admin/infra.(*ApiAccessLogHandler).GetApiAccessLogPage-fm (3 handlers)
[GIN-debug] GET    /admin-api/infra/api-access-log/export-excel --> github.com/wxlbd/ruoyi-mall-go/internal/api/handler/admin/infra.(*ApiAccessLogHandler).ExportApiAccessLogExcel-fm (3 handlers)
[GIN-debug] GET    /admin-api/infra/api-error-log/get --> github.com/wxlbd/ruoyi-mall-go/internal/api/handler/admin/infra.(*ApiErrorLogHandler).GetApiErrorLog-fm (3 handlers)
[GIN-debug] GET    /admin-api/infra/api-error-log/page --> github.com/wxlbd/ruoyi-mall-go/internal/api/handler/admin/infra.(*ApiErrorLogHandler).GetApiErrorLogPage-fm (3 handlers)
[GIN-debug] GET    /admin-api/infra/api-error-log/export-excel --> github.com/wxlbd/ruoyi-mall-go/internal/api/handler/admin/infra.(*ApiErrorLogHandler).ExportApiErrorLogExcel-fm (3 handlers)
[GIN-debug] PUT    /admin-api/infra/api-error-log/update-status --> github.com/wxlbd/ruoyi-mall-go/internal/api/handler/admin/infra.(*ApiErrorLogHandler).UpdateApiErrorLogProcess-fm (3 handlers)
[GIN-debug] PUT    /admin-api/infra/api-error-log/update-process --> github.com/wxlbd/ruoyi-mall-go/internal/api/handler/admin/infra.(*ApiErrorLogHandler).UpdateApiErrorLogProcess-fm (3 handlers)
[GIN-debug] GET    /admin-api/infra/config/get --> github.com/wxlbd/ruoyi-mall-go/internal/api/handler/admin/infra.(*ConfigHandler).GetConfig-fm (3 handlers)
[GIN-debug] POST   /admin-api/infra/config/create --> github.com/wxlbd/ruoyi-mall-go/internal/api/handler/admin/infra.(*ConfigHandler).CreateConfig-fm (3 handlers)
[GIN-debug] PUT    /admin-api/infra/config/update --> github.com/wxlbd/ruoyi-mall-go/internal/api/handler/admin/infra.(*ConfigHandler).UpdateConfig-fm (3 handlers)
[GIN-debug] DELETE /admin-api/infra/config/delete --> github.com/wxlbd/ruoyi-mall-go/internal/api/handler/admin/infra.(*ConfigHandler).DeleteConfig-fm (3 handlers)
[GIN-debug] DELETE /admin-api/infra/config/delete-list --> github.com/wxlbd/ruoyi-mall-go/internal/api/handler/admin/infra.(*ConfigHandler).DeleteConfigList-fm (3 handlers)
[GIN-debug] GET    /admin-api/infra/config/page --> github.com/wxlbd/ruoyi-mall-go/internal/api/handler/admin/infra.(*ConfigHandler).GetConfigPage-fm (3 handlers)
[GIN-debug] GET    /admin-api/infra/config/export-excel --> github.com/wxlbd/ruoyi-mall-go/internal/api/handler/admin/infra.(*ConfigHandler).ExportConfigExcel-fm (3 handlers)
[GIN-debug] GET    /admin-api/infra/config/get-value-by-key --> github.com/wxlbd/ruoyi-mall-go/internal/api/handler/admin/infra.(*ConfigHandler).GetConfigKey-fm (1 handlers)
=== RUN   TestPrivateRoutesRejectAnonymous/GET/app-api/member/sign-in/record/get-summary
=== RUN   TestPrivateRoutesRejectAnonymous/GET/app-api/member/sign-in/record/page
=== RUN   TestPrivateRoutesRejectAnonymous/POST/app-api/member/sign-in/record/create
=== RUN   TestPrivateRoutesRejectAnonymous/GET/app-api/pay/order/get?id=1
=== RUN   TestPrivateRoutesRejectAnonymous/POST/app-api/pay/order/submit
=== RUN   TestPrivateRoutesRejectAnonymous/GET/app-api/pay/wallet/get
=== RUN   TestPrivateRoutesRejectAnonymous/GET/app-api/pay/wallet-transaction/page
=== RUN   TestPrivateRoutesRejectAnonymous/GET/app-api/pay/wallet-transaction/get-summary
=== RUN   TestPrivateRoutesRejectAnonymous/POST/app-api/pay/wallet-recharge/create
=== RUN   TestPrivateRoutesRejectAnonymous/GET/app-api/pay/wallet-recharge/page
=== RUN   TestPrivateRoutesRejectAnonymous/GET/app-api/pay/transfer/sync?id=1
=== RUN   TestPrivateRoutesRejectAnonymous/GET/admin-api/system/user/simple-list
=== RUN   TestPrivateRoutesRejectAnonymous/GET/admin-api/system/user/list-all-simple
=== RUN   TestPrivateRoutesRejectAnonymous/GET/admin-api/system/dept/list
=== RUN   TestPrivateRoutesRejectAnonymous/GET/admin-api/system/dept/list-all-simple
=== RUN   TestPrivateRoutesRejectAnonymous/GET/admin-api/system/dept/simple-list
=== RUN   TestPrivateRoutesRejectAnonymous/GET/admin-api/system/role/simple-list
=== RUN   TestPrivateRoutesRejectAnonymous/GET/admin-api/system/post/simple-list
=== RUN   TestPrivateRoutesRejectAnonymous/GET/admin-api/system/menu/simple-list
=== RUN   TestPrivateRoutesRejectAnonymous/GET/admin-api/system/sms-channel/simple-list
--- PASS: TestPrivateRoutesRejectAnonymous (0.01s)
    --- PASS: TestPrivateRoutesRejectAnonymous/GET/app-api/member/sign-in/record/get-summary (0.00s)
    --- PASS: TestPrivateRoutesRejectAnonymous/GET/app-api/member/sign-in/record/page (0.00s)
    --- PASS: TestPrivateRoutesRejectAnonymous/POST/app-api/member/sign-in/record/create (0.00s)
    --- PASS: TestPrivateRoutesRejectAnonymous/GET/app-api/pay/order/get?id=1 (0.00s)
    --- PASS: TestPrivateRoutesRejectAnonymous/POST/app-api/pay/order/submit (0.00s)
    --- PASS: TestPrivateRoutesRejectAnonymous/GET/app-api/pay/wallet/get (0.00s)
    --- PASS: TestPrivateRoutesRejectAnonymous/GET/app-api/pay/wallet-transaction/page (0.00s)
    --- PASS: TestPrivateRoutesRejectAnonymous/GET/app-api/pay/wallet-transaction/get-summary (0.00s)
    --- PASS: TestPrivateRoutesRejectAnonymous/POST/app-api/pay/wallet-recharge/create (0.00s)
    --- PASS: TestPrivateRoutesRejectAnonymous/GET/app-api/pay/wallet-recharge/page (0.00s)
    --- PASS: TestPrivateRoutesRejectAnonymous/GET/app-api/pay/transfer/sync?id=1 (0.00s)
    --- PASS: TestPrivateRoutesRejectAnonymous/GET/admin-api/system/user/simple-list (0.00s)
    --- PASS: TestPrivateRoutesRejectAnonymous/GET/admin-api/system/user/list-all-simple (0.00s)
    --- PASS: TestPrivateRoutesRejectAnonymous/GET/admin-api/system/dept/list (0.00s)
    --- PASS: TestPrivateRoutesRejectAnonymous/GET/admin-api/system/dept/list-all-simple (0.00s)
    --- PASS: TestPrivateRoutesRejectAnonymous/GET/admin-api/system/dept/simple-list (0.00s)
    --- PASS: TestPrivateRoutesRejectAnonymous/GET/admin-api/system/role/simple-list (0.00s)
    --- PASS: TestPrivateRoutesRejectAnonymous/GET/admin-api/system/post/simple-list (0.00s)
    --- PASS: TestPrivateRoutesRejectAnonymous/GET/admin-api/system/menu/simple-list (0.00s)
    --- PASS: TestPrivateRoutesRejectAnonymous/GET/admin-api/system/sms-channel/simple-list (0.00s)
PASS
ok  	github.com/wxlbd/ruoyi-mall-go/internal/api/router	2.564s
FAIL
