=== RUN   TestOrderTransactionPostgresFailures
=== RUN   TestOrderTransactionPostgresFailures/second-sku
=== RUN   TestOrderTransactionPostgresFailures/coupon
=== RUN   TestOrderTransactionPostgresFailures/points
=== RUN   TestOrderTransactionPostgresFailures/ledger

2026/09/07 21:54:50 [34;1m/Users/macmini/Desktop/yudao-mall-uniapp/.work/ruoyi-vue-pro-go/internal/service/mall/trade/order_transaction_test.go:309
[0m[35m[warn] [0mremoving callback `test:fail` from /Users/macmini/Desktop/yudao-mall-uniapp/.work/ruoyi-vue-pro-go/internal/service/mall/trade/order_transaction_test.go:309
=== RUN   TestOrderTransactionPostgresFailures/pay

2026/09/07 21:54:50 [34;1m/Users/macmini/Desktop/yudao-mall-uniapp/.work/ruoyi-vue-pro-go/internal/service/mall/trade/order_transaction_test.go:309
[0m[35m[warn] [0mremoving callback `test:fail` from /Users/macmini/Desktop/yudao-mall-uniapp/.work/ruoyi-vue-pro-go/internal/service/mall/trade/order_transaction_test.go:309
=== RUN   TestOrderTransactionPostgresFailures/pay-link

2026/09/07 21:54:50 [34;1m/Users/macmini/Desktop/yudao-mall-uniapp/.work/ruoyi-vue-pro-go/internal/service/mall/trade/order_transaction_test.go:309
[0m[35m[warn] [0mremoving callback `test:fail` from /Users/macmini/Desktop/yudao-mall-uniapp/.work/ruoyi-vue-pro-go/internal/service/mall/trade/order_transaction_test.go:309
=== RUN   TestOrderTransactionPostgresFailures/cart

2026/09/07 21:54:51 [34;1m/Users/macmini/Desktop/yudao-mall-uniapp/.work/ruoyi-vue-pro-go/internal/service/mall/trade/order_transaction_test.go:309
[0m[35m[warn] [0mremoving callback `test:fail` from /Users/macmini/Desktop/yudao-mall-uniapp/.work/ruoyi-vue-pro-go/internal/service/mall/trade/order_transaction_test.go:309
=== RUN   TestOrderTransactionPostgresFailures/log

2026/09/07 21:54:51 [34;1m/Users/macmini/Desktop/yudao-mall-uniapp/.work/ruoyi-vue-pro-go/internal/service/mall/trade/order_transaction_test.go:309
[0m[35m[warn] [0mremoving callback `test:fail` from /Users/macmini/Desktop/yudao-mall-uniapp/.work/ruoyi-vue-pro-go/internal/service/mall/trade/order_transaction_test.go:309
=== RUN   TestOrderTransactionPostgresFailures/commit
--- PASS: TestOrderTransactionPostgresFailures (1.72s)
    --- PASS: TestOrderTransactionPostgresFailures/second-sku (0.18s)
    --- PASS: TestOrderTransactionPostgresFailures/coupon (0.15s)
    --- PASS: TestOrderTransactionPostgresFailures/points (0.18s)
    --- PASS: TestOrderTransactionPostgresFailures/ledger (0.16s)
    --- PASS: TestOrderTransactionPostgresFailures/pay (0.20s)
    --- PASS: TestOrderTransactionPostgresFailures/pay-link (0.21s)
    --- PASS: TestOrderTransactionPostgresFailures/cart (0.22s)
    --- PASS: TestOrderTransactionPostgresFailures/log (0.20s)
    --- PASS: TestOrderTransactionPostgresFailures/commit (0.22s)
=== RUN   TestOrderTransactionPostgresCompetition
=== RUN   TestOrderTransactionPostgresCompetition/last-stock
=== RUN   TestOrderTransactionPostgresCompetition/coupon
=== RUN   TestOrderTransactionPostgresCompetition/points
--- PASS: TestOrderTransactionPostgresCompetition (0.50s)
    --- PASS: TestOrderTransactionPostgresCompetition/last-stock (0.18s)
    --- PASS: TestOrderTransactionPostgresCompetition/coupon (0.16s)
    --- PASS: TestOrderTransactionPostgresCompetition/points (0.16s)
=== RUN   TestOrderTransactionPostgresCancel

2026/09/07 21:54:52 [34;1m/Users/macmini/Desktop/yudao-mall-uniapp/.work/ruoyi-vue-pro-go/internal/service/mall/trade/order_transaction_test.go:382
[0m[35m[warn] [0mremoving callback `test:cancel-fail` from /Users/macmini/Desktop/yudao-mall-uniapp/.work/ruoyi-vue-pro-go/internal/service/mall/trade/order_transaction_test.go:382

2026/09/07 21:54:52 [34;1m/Users/macmini/Desktop/yudao-mall-uniapp/.work/ruoyi-vue-pro-go/internal/service/mall/trade/order_transaction_test.go:382
[0m[35m[warn] [0mremoving callback `test:cancel-fail` from /Users/macmini/Desktop/yudao-mall-uniapp/.work/ruoyi-vue-pro-go/internal/service/mall/trade/order_transaction_test.go:382
--- PASS: TestOrderTransactionPostgresCancel (0.20s)
=== RUN   TestOrderTransactionRejectsUnsupportedInput
--- PASS: TestOrderTransactionRejectsUnsupportedInput (0.00s)
=== RUN   TestOrderTransactionPostgresProcessExit
--- PASS: TestOrderTransactionPostgresProcessExit (0.17s)
=== RUN   TestOrderTransactionPostgresZeroPrice
--- PASS: TestOrderTransactionPostgresZeroPrice (0.18s)
=== RUN   TestOrderTransactionPostgresMemberTagCount
--- PASS: TestOrderTransactionPostgresMemberTagCount (0.15s)
=== RUN   TestOrderTransactionPostgresSingleConnection
--- PASS: TestOrderTransactionPostgresSingleConnection (0.16s)
PASS
ok  	github.com/wxlbd/ruoyi-mall-go/internal/service/mall/trade	4.209s
=== RUN   TestProductTransactionPostgresCreateFailure
=== RUN   TestProductTransactionPostgresCreateFailure/second-sku

2026/09/07 21:54:50 [31;1m/Users/macmini/Desktop/yudao-mall-uniapp/.work/ruoyi-vue-pro-go/internal/service/mall/product/sku.go:158 [35;1mERROR: second SKU failure (SQLSTATE P0001)
[0m[33m[0.543ms] [34;1m[rows:0][0m INSERT INTO "product_sku" ("spu_id","properties","price","market_price","cost_price","bar_code","pic_url","stock","weight","volume","first_brokerage_price","second_brokerage_price","sales_count","creator","updater","create_time","update_time","tenant_id") VALUES (1,'[{"propertyId":1,"propertyName":"","valueId":1,"valueName":""}]',100,200,50,'bar','sku',3,2,4,2,1,0,'','','2026-09-07 21:54:50.673','2026-09-07 21:54:50.673',1),(1,'[{"propertyId":1,"propertyName":"","valueId":2,"valueName":""}]',100,200,50,'reject','sku',3,2,4,2,1,0,'','','2026-09-07 21:54:50.673','2026-09-07 21:54:50.673',1) RETURNING "id","deleted"
=== RUN   TestProductTransactionPostgresCreateFailure/commit
--- PASS: TestProductTransactionPostgresCreateFailure (0.41s)
    --- PASS: TestProductTransactionPostgresCreateFailure/second-sku (0.21s)
    --- PASS: TestProductTransactionPostgresCreateFailure/commit (0.20s)
=== RUN   TestProductTransactionPostgresUpdateAndDelete

2026/09/07 21:54:51 [34;1m/Users/macmini/Desktop/yudao-mall-uniapp/.work/ruoyi-vue-pro-go/internal/service/mall/product/transaction_test.go:127
[0m[35m[warn] [0mremoving callback `test:sku-fail` from /Users/macmini/Desktop/yudao-mall-uniapp/.work/ruoyi-vue-pro-go/internal/service/mall/product/transaction_test.go:127

2026/09/07 21:54:51 [34;1m/Users/macmini/Desktop/yudao-mall-uniapp/.work/ruoyi-vue-pro-go/internal/service/mall/product/transaction_test.go:164
[0m[35m[warn] [0mremoving callback `test:delete-fail` from /Users/macmini/Desktop/yudao-mall-uniapp/.work/ruoyi-vue-pro-go/internal/service/mall/product/transaction_test.go:164

2026/09/07 21:54:51 [34;1m/Users/macmini/Desktop/yudao-mall-uniapp/.work/ruoyi-vue-pro-go/internal/service/mall/product/transaction_test.go:182
[0m[35m[warn] [0mremoving callback `test:delete-fail` from /Users/macmini/Desktop/yudao-mall-uniapp/.work/ruoyi-vue-pro-go/internal/service/mall/product/transaction_test.go:182
--- PASS: TestProductTransactionPostgresUpdateAndDelete (0.23s)
=== RUN   TestProductTransactionPostgresForeignSku
--- PASS: TestProductTransactionPostgresForeignSku (0.18s)
=== RUN   TestProductTransactionPostgresJoinsCaller
--- PASS: TestProductTransactionPostgresJoinsCaller (0.21s)
PASS
ok  	github.com/wxlbd/ruoyi-mall-go/internal/service/mall/product	2.870s
