=== RUN   TestCaptchaTenantAndAtomicReplay
--- PASS: TestCaptchaTenantAndAtomicReplay (0.33s)
=== RUN   TestCaptchaProofAndOutage
--- PASS: TestCaptchaProofAndOutage (0.27s)
=== RUN   TestSecurityActualRedisServerOutage
redis: 2026/09/07 21:43:04 pool.go:419: redis: connection pool: failed to dial after 2 attempts: dial unix /private/tmp/t09-redis-1842572950/redis.sock: i/o timeout
redis: 2026/09/07 21:43:04 pool.go:419: redis: connection pool: failed to dial after 2 attempts: dial unix /private/tmp/t09-redis-1842572950/redis.sock: i/o timeout
redis: 2026/09/07 21:43:04 pool.go:419: redis: connection pool: failed to dial after 1 attempts: dial unix /private/tmp/t09-redis-1842572950/redis.sock: connect: connection refused
redis: 2026/09/07 21:43:04 pool.go:419: redis: connection pool: failed to dial after 2 attempts: dial unix /private/tmp/t09-redis-1842572950/redis.sock: i/o timeout
--- PASS: TestSecurityActualRedisServerOutage (0.66s)
=== RUN   TestSmsCodeTenantReplayAndFailures

2026/09/07 21:43:04 [34;1m/Users/macmini/Desktop/yudao-mall-uniapp/.work/ruoyi-vue-pro-go/internal/service/system/sms_code_security_test.go:98
[0m[35m[warn] [0mremoving callback `test:sms_create_failure` from /Users/macmini/Desktop/yudao-mall-uniapp/.work/ruoyi-vue-pro-go/internal/service/system/sms_code_security_test.go:98

2026/09/07 21:43:04 [34;1m/Users/macmini/Desktop/yudao-mall-uniapp/.work/ruoyi-vue-pro-go/internal/service/system/sms_code_security_test.go:111
[0m[35m[warn] [0mremoving callback `test:sms_update_failure` from /Users/macmini/Desktop/yudao-mall-uniapp/.work/ruoyi-vue-pro-go/internal/service/system/sms_code_security_test.go:111
--- PASS: TestSmsCodeTenantReplayAndFailures (0.18s)
=== RUN   TestSmsCodeConcurrentBudget
--- PASS: TestSmsCodeConcurrentBudget (0.20s)
=== RUN   TestSmsCodeDisabledAndDebugDelivery
--- PASS: TestSmsCodeDisabledAndDebugDelivery (0.17s)
=== RUN   TestSmsCodeIncorrectExpiredAndActivationFailure
--- PASS: TestSmsCodeIncorrectExpiredAndActivationFailure (0.20s)
PASS
ok  	github.com/wxlbd/ruoyi-mall-go/internal/service/system	8.268s
=== RUN   TestLoginRateLimitRealRedis
[GIN-debug] [WARNING] Running in "debug" mode. Switch to "release" mode in production.
 - using env:	export GIN_MODE=release
 - using code:	gin.SetMode(gin.ReleaseMode)

--- PASS: TestLoginRateLimitRealRedis (0.02s)
=== RUN   TestLoginRateLimitNilRedis
[GIN-debug] [WARNING] Running in "debug" mode. Switch to "release" mode in production.
 - using env:	export GIN_MODE=release
 - using code:	gin.SetMode(gin.ReleaseMode)

[GIN-debug] POST   /admin-api/system/auth/login --> github.com/wxlbd/ruoyi-mall-go/internal/middleware.TestLoginRateLimitNilRedis.func1 (2 handlers)
--- PASS: TestLoginRateLimitNilRedis (0.00s)
PASS
ok  	github.com/wxlbd/ruoyi-mall-go/internal/middleware	3.914s
=== RUN   TestCaptchaHTTPContract
[GIN-debug] [WARNING] Running in "debug" mode. Switch to "release" mode in production.
 - using env:	export GIN_MODE=release
 - using code:	gin.SetMode(gin.ReleaseMode)

[GIN-debug] POST   /get                      --> github.com/wxlbd/ruoyi-mall-go/internal/api/handler/admin/system.(*CaptchaHandler).Get-fm (1 handlers)
[GIN-debug] POST   /check                    --> github.com/wxlbd/ruoyi-mall-go/internal/api/handler/admin/system.(*CaptchaHandler).Check-fm (1 handlers)
--- PASS: TestCaptchaHTTPContract (0.52s)
PASS
ok  	github.com/wxlbd/ruoyi-mall-go/internal/api/handler/admin/system	7.426s
