=== RUN   TestSmsCodeTenantReplayAndFailures

2026/09/07 21:54:21 [34;1m/Users/macmini/Desktop/yudao-mall-uniapp/.work/ruoyi-vue-pro-go/internal/service/system/sms_code_security_test.go:101
[0m[35m[warn] [0mremoving callback `test:sms_create_failure` from /Users/macmini/Desktop/yudao-mall-uniapp/.work/ruoyi-vue-pro-go/internal/service/system/sms_code_security_test.go:101

2026/09/07 21:54:21 [34;1m/Users/macmini/Desktop/yudao-mall-uniapp/.work/ruoyi-vue-pro-go/internal/service/system/sms_code_security_test.go:114
[0m[35m[warn] [0mremoving callback `test:sms_update_failure` from /Users/macmini/Desktop/yudao-mall-uniapp/.work/ruoyi-vue-pro-go/internal/service/system/sms_code_security_test.go:114
--- PASS: TestSmsCodeTenantReplayAndFailures (0.19s)
=== RUN   TestSmsCodeConcurrentBudget
--- PASS: TestSmsCodeConcurrentBudget (0.17s)
=== RUN   TestSmsCodeDisabledAndDebugDelivery
--- PASS: TestSmsCodeDisabledAndDebugDelivery (0.20s)
=== RUN   TestSmsCodeIncorrectExpiredAndActivationFailure
--- PASS: TestSmsCodeIncorrectExpiredAndActivationFailure (0.18s)
=== RUN   TestSmsAuditSecrets
--- PASS: TestSmsAuditSecrets (0.18s)
PASS
ok  	github.com/wxlbd/ruoyi-mall-go/internal/service/system	3.371s
=== RUN   TestDebugSMSDoesNotLogSecrets
--- PASS: TestDebugSMSDoesNotLogSecrets (0.00s)
PASS
ok  	github.com/wxlbd/ruoyi-mall-go/internal/service/system/sms/client/debug	1.514s
=== RUN   TestSmsLogPageAndExportRedactLegacySecrets
[GIN-debug] [WARNING] Running in "debug" mode. Switch to "release" mode in production.
 - using env:	export GIN_MODE=release
 - using code:	gin.SetMode(gin.ReleaseMode)

[GIN-debug] GET    /page                     --> github.com/wxlbd/ruoyi-mall-go/internal/api/handler/admin/system.(*SmsLogHandler).GetSmsLogPage-fm (2 handlers)
[GIN-debug] GET    /export                   --> github.com/wxlbd/ruoyi-mall-go/internal/api/handler/admin/system.(*SmsLogHandler).ExportSmsLogExcel-fm (2 handlers)
--- PASS: TestSmsLogPageAndExportRedactLegacySecrets (0.22s)
PASS
ok  	github.com/wxlbd/ruoyi-mall-go/internal/api/handler/admin/system	3.495s
