? Verifying lockfile against supply-chain policies (1141 entries)...
Lockfile is up to date, resolution step is skipped
Progress: resolved 1, reused 0, downloaded 0, added 0
Packages: +1034
++++++++++++++++++++++++++++++++++++++++++++++++++++++++++++++++++++++++++++++++

   ╭─────────────────────────────────────────╮
   │                                         │
   │   Update available! 11.19.0 → 12.3.4.   │
   │   Changelog: https://pnpm.io/v/12.3.4   │
   │    To update, run: pnpm add -g pnpm     │
   │                                         │
   ╰─────────────────────────────────────────╯

Packages are cloned from the content-addressable store to the virtual store.
  Content-addressable store is at: /private/tmp/t00-pnpm-store/v11
  Virtual store is at:             node_modules/.pnpm
Progress: resolved 1034, reused 1030, downloaded 0, added 43
Progress: resolved 1034, reused 1030, downloaded 0, added 161
✓ Lockfile passes supply-chain policies (1141 entries in 2.9s)
Progress: resolved 1034, reused 1030, downloaded 0, added 233
Progress: resolved 1034, reused 1030, downloaded 0, added 647
Progress: resolved 1034, reused 1030, downloaded 0, added 1032
Progress: resolved 1034, reused 1030, downloaded 0, added 1034, done

[ERR_PNPM_IGNORED_BUILDS] Ignored build scripts: @parcel/watcher@2.5.6, core-js-pure@3.48.0, es5-ext@0.10.64, esbuild@0.27.3

Run "pnpm approve-builds" to pick which dependencies should be allowed to run scripts.
