? Verifying lockfile against supply-chain policies (1141 entries)...
Lockfile is up to date, resolution step is skipped
Progress: resolved 1, reused 0, downloaded 0, added 0
Packages: +1034
++++++++++++++++++++++++++++++++++++++++++++++++++++++++++++++++++++++++++++++++
Packages are cloned from the content-addressable store to the virtual store.
  Content-addressable store is at: /private/tmp/t00-pnpm-store/v11
  Virtual store is at:             node_modules/.pnpm
Progress: resolved 1034, reused 0, downloaded 1, added 1
Progress: resolved 1034, reused 0, downloaded 10, added 9

   ╭─────────────────────────────────────────╮
   │                                         │
   │   Update available! 11.19.0 → 12.3.4.   │
   │   Changelog: https://pnpm.io/v/12.3.4   │
   │    To update, run: pnpm add -g pnpm     │
   │                                         │
   ╰─────────────────────────────────────────╯

Progress: resolved 1034, reused 0, downloaded 52, added 52
Progress: resolved 1034, reused 0, downloaded 88, added 87
Progress: resolved 1034, reused 0, downloaded 141, added 140
Progress: resolved 1034, reused 0, downloaded 198, added 196
Progress: resolved 1034, reused 0, downloaded 241, added 240
Progress: resolved 1034, reused 0, downloaded 273, added 273
Progress: resolved 1034, reused 0, downloaded 321, added 322
Progress: resolved 1034, reused 0, downloaded 379, added 380
[WARN] Tarball download average speed 32 KiB/s (size 52 KiB) is below 50 KiB/s: https://registry.npmjs.org/commander/-/commander-14.0.3.tgz (GET)
Progress: resolved 1034, reused 0, downloaded 421, added 421
Progress: resolved 1034, reused 0, downloaded 462, added 463
Progress: resolved 1034, reused 0, downloaded 518, added 519
Progress: resolved 1034, reused 0, downloaded 565, added 568
Progress: resolved 1034, reused 0, downloaded 607, added 610
Progress: resolved 1034, reused 0, downloaded 659, added 663
Progress: resolved 1034, reused 0, downloaded 710, added 714
[WARN] Tarball download average speed 34 KiB/s (size 91 KiB) is below 50 KiB/s: https://registry.npmjs.org/@typescript-eslint/typescript-estree/-/typescript-estree-8.58.1.tgz (GET)
[WARN] Tarball download average speed 28 KiB/s (size 31 KiB) is below 50 KiB/s: https://registry.npmjs.org/@typescript-eslint/types/-/types-8.58.1.tgz (GET)
[WARN] Tarball download average speed 20 KiB/s (size 22 KiB) is below 50 KiB/s: https://registry.npmjs.org/picomatch/-/picomatch-2.3.2.tgz (GET)
Progress: resolved 1034, reused 0, downloaded 738, added 742
[WARN] Tarball download average speed 42 KiB/s (size 96 KiB) is below 50 KiB/s: https://registry.npmjs.org/@typescript-eslint/scope-manager/-/scope-manager-6.21.0.tgz (GET)
Progress: resolved 1034, reused 0, downloaded 792, added 796
Progress: resolved 1034, reused 0, downloaded 841, added 845
[WARN] Tarball download average speed 25 KiB/s (size 59 KiB) is below 50 KiB/s: https://registry.npmjs.org/jackspeak/-/jackspeak-3.4.3.tgz (GET)
[WARN] Request took 14570ms: https://registry.npmjs.org/@typescript-eslint%2Ftypes
Progress: resolved 1034, reused 0, downloaded 880, added 884
Progress: resolved 1034, reused 0, downloaded 926, added 930
[WARN] Tarball download average speed 43 KiB/s (size 110 KiB) is below 50 KiB/s: https://registry.npmjs.org/entities/-/entities-7.0.1.tgz (GET)
[WARN] Tarball download average speed 25 KiB/s (size 39 KiB) is below 50 KiB/s: https://registry.npmjs.org/confbox/-/confbox-0.2.4.tgz (GET)
Progress: resolved 1034, reused 0, downloaded 973, added 977
Progress: resolved 1034, reused 0, downloaded 1015, added 1018
Progress: resolved 1034, reused 0, downloaded 1025, added 1029
Progress: resolved 1034, reused 0, downloaded 1028, added 1032
[WARN] Request took 15852ms: https://registry.npmjs.org/electron-to-chromium
Progress: resolved 1034, reused 0, downloaded 1029, added 1032
Progress: resolved 1034, reused 0, downloaded 1029, added 1033
Progress: resolved 1034, reused 0, downloaded 1030, added 1033
Progress: resolved 1034, reused 0, downloaded 1030, added 1034, done
[WARN] Request took 11384ms: https://registry.npmjs.org/react-is
[WARN] Request took 22182ms: https://registry.npmjs.org/typescript
✗ Lockfile failed supply-chain policy check (1141 entries in 54.9s)
[ERR_PNPM_TARBALL_URL_MISMATCH] 159 lockfile entries failed verification:
  @bpmn-io/cm-theme@0.1.0-alpha.2 has a tarball URL (https://registry.npmmirror.com/@bpmn-io/cm-theme/-/cm-theme-0.1.0-alpha.2.tgz) that does not match the registry's published metadata (https://registry.npmjs.org/@bpmn-io/cm-theme/-/cm-theme-0.1.0-alpha.2.tgz)
  @bpmn-io/feel-editor@1.12.1 has a tarball URL (https://registry.npmmirror.com/@bpmn-io/feel-editor/-/feel-editor-1.12.1.tgz) that does not match the registry's published metadata (https://registry.npmjs.org/@bpmn-io/feel-editor/-/feel-editor-1.12.1.tgz)
  @bpmn-io/feel-lint@2.1.0 has a tarball URL (https://registry.npmmirror.com/@bpmn-io/feel-lint/-/feel-lint-2.1.0.tgz) that does not match the registry's published metadata (https://registry.npmjs.org/@bpmn-io/feel-lint/-/feel-lint-2.1.0.tgz)
  @bpmn-io/feel-lint@3.1.0 has a tarball URL (https://registry.npmmirror.com/@bpmn-io/feel-lint/-/feel-lint-3.1.0.tgz) that does not match the registry's published metadata (https://registry.npmjs.org/@bpmn-io/feel-lint/-/feel-lint-3.1.0.tgz)
  @bpmn-io/feelin@6.1.0 has a tarball URL (https://registry.npmmirror.com/@bpmn-io/feelin/-/feelin-6.1.0.tgz) that does not match the registry's published metadata (https://registry.npmjs.org/@bpmn-io/feelin/-/feelin-6.1.0.tgz)
  @bpmn-io/lang-feel@2.4.0 has a tarball URL (https://registry.npmmirror.com/@bpmn-io/lang-feel/-/lang-feel-2.4.0.tgz) that does not match the registry's published metadata (https://registry.npmjs.org/@bpmn-io/lang-feel/-/lang-feel-2.4.0.tgz)
  @bpmn-io/lezer-feel@1.9.0 has a tarball URL (https://registry.npmmirror.com/@bpmn-io/lezer-feel/-/lezer-feel-1.9.0.tgz) that does not match the registry's published metadata (https://registry.npmjs.org/@bpmn-io/lezer-feel/-/lezer-feel-1.9.0.tgz)
  @bpmn-io/lezer-feel@2.4.0 has a tarball URL (https://registry.npmmirror.com/@bpmn-io/lezer-feel/-/lezer-feel-2.4.0.tgz) that does not match the registry's published metadata (https://registry.npmjs.org/@bpmn-io/lezer-feel/-/lezer-feel-2.4.0.tgz)
  @bpmn-io/properties-panel@3.25.0 has a tarball URL (https://registry.npmmirror.com/@bpmn-io/properties-panel/-/properties-panel-3.25.0.tgz) that does not match the registry's published metadata (https://registry.npmjs.org/@bpmn-io/properties-panel/-/properties-panel-3.25.0.tgz)
  @bufbuild/protobuf@1.10.1 has a tarball URL (https://registry.npmmirror.com/@bufbuild/protobuf/-/protobuf-1.10.1.tgz) that does not match the registry's published metadata (https://registry.npmjs.org/@bufbuild/protobuf/-/protobuf-1.10.1.tgz)
  @camunda/feel-builtins@0.2.0 has a tarball URL (https://registry.npmmirror.com/@camunda/feel-builtins/-/feel-builtins-0.2.0.tgz) that does not match the registry's published metadata (https://registry.npmjs.org/@camunda/feel-builtins/-/feel-builtins-0.2.0.tgz)
  @codemirror/autocomplete@6.20.1 has a tarball URL (https://registry.npmmirror.com/@codemirror/autocomplete/-/autocomplete-6.20.1.tgz) that does not match the registry's published metadata (https://registry.npmjs.org/@codemirror/autocomplete/-/autocomplete-6.20.1.tgz)
  @codemirror/commands@6.10.3 has a tarball URL (https://registry.npmmirror.com/@codemirror/commands/-/commands-6.10.3.tgz) that does not match the registry's published metadata (https://registry.npmjs.org/@codemirror/commands/-/commands-6.10.3.tgz)
  @codemirror/language@6.12.3 has a tarball URL (https://registry.npmmirror.com/@codemirror/language/-/language-6.12.3.tgz) that does not match the registry's published metadata (https://registry.npmjs.org/@codemirror/language/-/language-6.12.3.tgz)
  @codemirror/lint@6.9.5 has a tarball URL (https://registry.npmmirror.com/@codemirror/lint/-/lint-6.9.5.tgz) that does not match the registry's published metadata (https://registry.npmjs.org/@codemirror/lint/-/lint-6.9.5.tgz)
  @codemirror/state@6.6.0 has a tarball URL (https://registry.npmmirror.com/@codemirror/state/-/state-6.6.0.tgz) that does not match the registry's published metadata (https://registry.npmjs.org/@codemirror/state/-/state-6.6.0.tgz)
  @codemirror/view@6.41.1 has a tarball URL (https://registry.npmmirror.com/@codemirror/view/-/view-6.41.1.tgz) that does not match the registry's published metadata (https://registry.npmjs.org/@codemirror/view/-/view-6.41.1.tgz)
  @esbuild/aix-ppc64@0.27.3 has a tarball URL (https://registry.npmmirror.com/@esbuild/aix-ppc64/-/aix-ppc64-0.27.3.tgz) that does not match the registry's published metadata (https://registry.npmjs.org/@esbuild/aix-ppc64/-/aix-ppc64-0.27.3.tgz)
  @esbuild/android-arm@0.27.3 has a tarball URL (https://registry.npmmirror.com/@esbuild/android-arm/-/android-arm-0.27.3.tgz) that does not match the registry's published metadata (https://registry.npmjs.org/@esbuild/android-arm/-/android-arm-0.27.3.tgz)
  @esbuild/android-arm64@0.27.3 has a tarball URL (https://registry.npmmirror.com/@esbuild/android-arm64/-/android-arm64-0.27.3.tgz) that does not match the registry's published metadata (https://registry.npmjs.org/@esbuild/android-arm64/-/android-arm64-0.27.3.tgz)
  …and 139 more

The lockfile contains entries that the active policies reject. This can mean the lockfile is stale, or that someone committed a lockfile that bypassed the policy locally — inspect recent changes to pnpm-lock.yaml before trusting it. If the changes look expected, run "pnpm clean --lockfile" and then "pnpm install" to rebuild from a fresh resolution. Alternatively, relax the policy that flagged them.
